******************************************************************************
                  TI ARM Linker PC v20.2.7                     
******************************************************************************
>> Linked Thu Apr 17 11:25:21 2025

OUTPUT FILE NAME:   <CAN_TX_RX.out>
ENTRY POINT SYMBOL: "_c_int00_noargs"  address: 00001c45


MEMORY CONFIGURATION

         name            origin    length      used     unused   attr    fill
----------------------  --------  ---------  --------  --------  ----  --------
  FLASH                 00000000   00040000  00001f58  0003e0a8  R  X
  SRAM                  20000000   00008000  000004ab  00007b55  RW X


SEGMENT ALLOCATION MAP

run origin  load origin   length   init length attrs members
----------  ----------- ---------- ----------- ----- -------
00000000    00000000    00001f58   00001f58    r-x
  00000000    00000000    0000026c   0000026c    r-- .intvecs
  0000026c    0000026c    00001b38   00001b38    r-x .text
  00001da4    00001da4    00000174   00000174    r-- .const
  00001f18    00001f18    00000040   00000040    r-- .cinit
20000000    20000000    000004b1   00000000    rw-
  20000000    20000000    0000026c   00000000    rw- .vtable
  20000270    20000270    00000200   00000000    rw- .stack
  20000470    20000470    0000002a   00000000    rw- .bss
  2000049c    2000049c    00000015   00000000    rw- .data


SECTION ALLOCATION MAP

 output                                  attributes/
section   page    origin      length       input sections
--------  ----  ----------  ----------   ----------------
.intvecs   0    00000000    0000026c     
                  00000000    0000026c     tm4c123gh6pm_startup_ccs.obj (.intvecs)

.text      0    0000026c    00001b38     
                  0000026c    00000a28     can.obj (.text)
                  00000c94    000004a8     uartstdio.obj (.text)
                  0000113c    00000404     main.obj (.text)
                  00001540    0000016c     driverlib.lib : gpio.obj (.text:GPIOPadConfigSet)
                  000016ac    00000118                   : sysctl.obj (.text:SysCtlClockGet)
                  000017c4    000000f4                   : sysctl.obj (.text:SysCtlClockSet)
                  000018b8    0000009c     rtsv7M4_T_le_v4SPD16_eabi.lib : memcpy_t2.asm.obj (.text)
                  00001954    00000068     driverlib.lib : interrupt.obj (.text:IntDisable)
                  000019bc    00000068                   : interrupt.obj (.text:IntEnable)
                  00001a24    00000068     rtsv7M4_T_le_v4SPD16_eabi.lib : copy_decompress_lzss.c.obj (.text:decompress:lzss:__TI_decompress_lzss)
                  00001a8c    0000004c     driverlib.lib : gpio.obj (.text:GPIOPinConfigure)
                  00001ad8    00000046                   : uart.obj (.text:UARTConfigSetExpClk)
                  00001b1e    00000002                   : interrupt.obj (.text:_IntDefaultHandler)
                  00001b20    00000044     rtsv7M4_T_le_v4SPD16_eabi.lib : autoinit.c.obj (.text:__TI_auto_init_nobinit_nopinit:__TI_auto_init_nobinit_nopinit)
                  00001b64    00000040                                   : u_divt2.asm.obj (.text)
                  00001ba4    00000038     driverlib.lib : sysctl.obj (.text:SysCtlPeripheralPresent)
                  00001bdc    00000034                   : interrupt.obj (.text:IntRegister)
                  00001c10    00000034                   : sysctl.obj (.text:SysCtlPeripheralEnable)
                  00001c44    00000034     rtsv7M4_T_le_v4SPD16_eabi.lib : boot_cortex_m.c.obj (.text:_c_int00_noargs:_c_int00_noargs)
                  00001c78    0000002c     driverlib.lib : gpio.obj (.text:GPIODirModeSet)
                  00001ca4    00000020                   : uart.obj (.text:UARTDisable)
                  00001cc4    0000001c     rtsv7M4_T_le_v4SPD16_eabi.lib : copy_zero_init.c.obj (.text:decompress:ZI:__TI_zero_init_nomemset:__TI_zero_init_nomemset)
                  00001ce0    00000016     driverlib.lib : gpio.obj (.text:GPIOPinTypeCAN)
                  00001cf6    00000016                   : gpio.obj (.text:GPIOPinTypeUART)
                  00001d0c    00000014                   : interrupt.obj (.text:IntUnregister)
                  00001d20    00000014                   : uart.obj (.text:UARTEnable)
                  00001d34    00000010                   : fpu.obj (.text:FPULazyStackingEnable)
                  00001d44    0000000e                   : uart.obj (.text:UARTCharGetNonBlocking)
                  00001d52    0000000e                   : uart.obj (.text:UARTCharsAvail)
                  00001d60    0000000e     rtsv7M4_T_le_v4SPD16_eabi.lib : copy_decompress_none.c.obj (.text:decompress:none:__TI_decompress_none)
                  00001d6e    0000000c     tm4c123gh6pm_startup_ccs.obj (.text)
                  00001d7a    0000000a     driverlib.lib : uart.obj (.text:UARTCharGet)
                  00001d84    0000000a                   : uart.obj (.text:UARTCharPut)
                  00001d8e    00000006                   : sysctl.obj (.text:SysCtlDelay)
                  00001d94    00000006                   : uart.obj (.text:UARTClockSourceSet)
                  00001d9a    00000004     rtsv7M4_T_le_v4SPD16_eabi.lib : pre_init.c.obj (.text:_system_pre_init)
                  00001d9e    00000004                                   : exit.c.obj (.text:abort:abort)
                  00001da2    00000002                                   : div0.asm.obj (.text)

.const     0    00001da4    00000174     
                  00001da4    00000090     driverlib.lib : gpio.obj (.const:g_pui32GPIOBaseAddrs)
                  00001e34    0000006c                   : sysctl.obj (.const:g_pui32Xtals)
                  00001ea0    00000020     can.obj (.const:g_ui16CANBitValues)
                  00001ec0    00000014     driverlib.lib : interrupt.obj (.const:g_pui32Dii16Regs)
                  00001ed4    00000014                   : interrupt.obj (.const:g_pui32EnRegs)
                  00001ee8    00000012     uartstdio.obj (.const:.string)
                  00001efa    00000002     --HOLE-- [fill = 0]
                  00001efc    0000000c     uartstdio.obj (.const:g_ui32UARTBase)
                  00001f08    0000000c     uartstdio.obj (.const:g_ui32UARTPeriph)
                  00001f14    00000004     uartstdio.obj (.const)

.cinit     0    00001f18    00000040     
                  00001f18    0000000c     (.cinit..data.load) [load image, compression = lzss]
                  00001f24    0000000c     (__TI_handler_table)
                  00001f30    00000008     (.cinit..bss.load) [load image, compression = zero_init]
                  00001f38    00000008     (.cinit..vtable.load) [load image, compression = zero_init]
                  00001f40    00000018     (__TI_cinit_table)

.init_array 
*          0    00000000    00000000     UNINITIALIZED

.vtable    0    20000000    0000026c     UNINITIALIZED
                  20000000    0000026c     driverlib.lib : interrupt.obj (.vtable)

.bss       0    20000470    0000002a     UNINITIALIZED
                  20000470    00000014     (.common:g_sCAN0RxMessage)
                  20000484    00000014     (.common:g_sCAN0TxMessage)
                  20000498    00000001     (.common:g_ui8RXMsgData)
                  20000499    00000001     (.common:g_ui8TXMsgData)

.data      0    2000049c    00000015     UNINITIALIZED
                  2000049c    00000010     main.obj (.data)
                  200004ac    00000005     uartstdio.obj (.data)

.stack     0    20000270    00000200     UNINITIALIZED
                  20000270    00000004     rtsv7M4_T_le_v4SPD16_eabi.lib : boot_cortex_m.c.obj (.stack)
                  20000274    000001fc     --HOLE--

__llvm_prf_cnts 
*          0    20000000    00000000     UNINITIALIZED

MODULE SUMMARY

       Module                         code   ro data   rw data
       ------                         ----   -------   -------
    .\
       can.obj                        2600   32        0      
       uartstdio.obj                  1192   46        5      
       main.obj                       1028   0         58     
       tm4c123gh6pm_startup_ccs.obj   12     620       0      
    +--+------------------------------+------+---------+---------+
       Total:                         4832   698       63     
                                                              
    ../driverlib.lib
       interrupt.obj                  282    40        620    
       sysctl.obj                     638    108       0      
       gpio.obj                       528    144       0      
       uart.obj                       176    0         0      
       fpu.obj                        16     0         0      
    +--+------------------------------+------+---------+---------+
       Total:                         1640   292       620    
                                                              
    C:\ti\ccs1240\ccs\tools\compiler\ti-cgt-arm_20.2.7.LTS\lib\rtsv7M4_T_le_v4SPD16_eabi.lib
       memcpy_t2.asm.obj              156    0         0      
       copy_decompress_lzss.c.obj     104    0         0      
       autoinit.c.obj                 68     0         0      
       u_divt2.asm.obj                64     0         0      
       boot_cortex_m.c.obj            52     0         0      
       copy_zero_init.c.obj           28     0         0      
       copy_decompress_none.c.obj     14     0         0      
       exit.c.obj                     4      0         0      
       pre_init.c.obj                 4      0         0      
       div0.asm.obj                   2      0         0      
    +--+------------------------------+------+---------+---------+
       Total:                         496    0         0      
                                                              
       Stack:                         0      0         512    
       Linker Generated:              0      64        0      
    +--+------------------------------+------+---------+---------+
       Grand Total:                   6968   1054      1195   


LINKER GENERATED COPY TABLES

__TI_cinit_table @ 00001f40 records: 3, size/record: 8, table size: 24
	.data: load addr=00001f18, load size=0000000c bytes, run addr=2000049c, run size=00000015 bytes, compression=lzss
	.bss: load addr=00001f30, load size=00000008 bytes, run addr=20000470, run size=0000002a bytes, compression=zero_init
	.vtable: load addr=00001f38, load size=00000008 bytes, run addr=20000000, run size=0000026c bytes, compression=zero_init


LINKER GENERATED HANDLER TABLE

__TI_handler_table @ 00001f24 records: 3, size/record: 4, table size: 12
	index: 0, handler: __TI_zero_init
	index: 1, handler: __TI_decompress_lzss
	index: 2, handler: __TI_decompress_none


GLOBAL SYMBOLS: SORTED ALPHABETICALLY BY Name 

address   name                          
-------   ----                          
00001d9f  C$$EXIT                       
0000047d  CANBitRateSet                 
00000415  CANBitTimingGet               
00000549  CANBitTimingSet               
00000401  CANDisable                    
000003ed  CANEnable                     
00000793  CANErrCntrGet                 
0000127b  CANErrorHandler               
00000371  CANInit                       
00000685  CANIntClear                   
00000625  CANIntDisable                 
0000060f  CANIntEnable                  
0000113d  CANIntHandler                 
000005d7  CANIntRegister                
0000063b  CANIntStatus                  
000005f5  CANIntUnregister              
00000c65  CANMessageClear               
00000a5b  CANMessageGet                 
000007c9  CANMessageSet                 
000006f1  CANRetryGet                   
000006bf  CANRetrySet                   
0000070d  CANStatusGet                  
000011ab  ConfigureUART                 
00001d35  FPULazyStackingEnable         
00001c79  GPIODirModeSet                
00001541  GPIOPadConfigSet              
00001a8d  GPIOPinConfigure              
00001ce1  GPIOPinTypeCAN                
00001cf7  GPIOPinTypeUART               
000011e7  InitCAN0                      
00001955  IntDisable                    
000019bd  IntEnable                     
00001bdd  IntRegister                   
00001d0d  IntUnregister                 
00001d6f  ResetISR                      
000016ad  SysCtlClockGet                
000017c5  SysCtlClockSet                
00001d8f  SysCtlDelay                   
00001c11  SysCtlPeripheralEnable        
00001ba5  SysCtlPeripheralPresent       
00001d7b  UARTCharGet                   
00001d45  UARTCharGetNonBlocking        
00001d85  UARTCharPut                   
00001d53  UARTCharsAvail                
00001d95  UARTClockSourceSet            
00001ad9  UARTConfigSetExpClk           
00001ca5  UARTDisable                   
00001d21  UARTEnable                    
00000c95  UARTStdioConfig               
00000de5  UARTgetc                      
00000d2b  UARTgets                      
00001107  UARTprintf                    
00000e0d  UARTvprintf                   
00000cdb  UARTwrite                     
20000470  __STACK_END                   
00000200  __STACK_SIZE                  
20000470  __STACK_TOP                   
00001f40  __TI_CINIT_Base               
00001f58  __TI_CINIT_Limit              
00001f24  __TI_Handler_Table_Base       
00001f30  __TI_Handler_Table_Limit      
00001b21  __TI_auto_init_nobinit_nopinit
00001a25  __TI_decompress_lzss          
00001d61  __TI_decompress_none          
ffffffff  __TI_pprof_out_hndl           
ffffffff  __TI_prof_data_size           
ffffffff  __TI_prof_data_start          
00000000  __TI_static_base__            
00001cc5  __TI_zero_init_nomemset       
00001da3  __aeabi_idiv0                 
00001da3  __aeabi_ldiv0                 
000018b9  __aeabi_memcpy                
000018b9  __aeabi_memcpy4               
000018b9  __aeabi_memcpy8               
00001b65  __aeabi_uidiv                 
00001b65  __aeabi_uidivmod              
ffffffff  __binit__                     
ffffffff  __c_args__                    
UNDEFED   __mpu_init                    
20000270  __stack                       
20000000  __start___llvm_prf_cnts       
20000000  __stop___llvm_prf_cnts        
00001c45  _c_int00_noargs               
UNDEFED   _system_post_cinit            
00001d9b  _system_pre_init              
00001d9f  abort                         
ffffffff  binit                         
200004a4  g_bRXFlag                     
20000000  g_pfnRAMVectors               
00000000  g_pfnVectors                  
20000470  g_sCAN0RxMessage              
20000484  g_sCAN0TxMessage              
200004a8  g_ui32ErrFlag                 
2000049c  g_ui32RXMsgCount              
200004a0  g_ui32TXMsgCount              
20000498  g_ui8RXMsgData                
20000499  g_ui8TXMsgData                
00001389  main                          
000018b9  memcpy                        


GLOBAL SYMBOLS: SORTED BY Symbol Address 

address   name                          
-------   ----                          
00000000  __TI_static_base__            
00000000  g_pfnVectors                  
00000200  __STACK_SIZE                  
00000371  CANInit                       
000003ed  CANEnable                     
00000401  CANDisable                    
00000415  CANBitTimingGet               
0000047d  CANBitRateSet                 
00000549  CANBitTimingSet               
000005d7  CANIntRegister                
000005f5  CANIntUnregister              
0000060f  CANIntEnable                  
00000625  CANIntDisable                 
0000063b  CANIntStatus                  
00000685  CANIntClear                   
000006bf  CANRetrySet                   
000006f1  CANRetryGet                   
0000070d  CANStatusGet                  
00000793  CANErrCntrGet                 
000007c9  CANMessageSet                 
00000a5b  CANMessageGet                 
00000c65  CANMessageClear               
00000c95  UARTStdioConfig               
00000cdb  UARTwrite                     
00000d2b  UARTgets                      
00000de5  UARTgetc                      
00000e0d  UARTvprintf                   
00001107  UARTprintf                    
0000113d  CANIntHandler                 
000011ab  ConfigureUART                 
000011e7  InitCAN0                      
0000127b  CANErrorHandler               
00001389  main                          
00001541  GPIOPadConfigSet              
000016ad  SysCtlClockGet                
000017c5  SysCtlClockSet                
000018b9  __aeabi_memcpy                
000018b9  __aeabi_memcpy4               
000018b9  __aeabi_memcpy8               
000018b9  memcpy                        
00001955  IntDisable                    
000019bd  IntEnable                     
00001a25  __TI_decompress_lzss          
00001a8d  GPIOPinConfigure              
00001ad9  UARTConfigSetExpClk           
00001b21  __TI_auto_init_nobinit_nopinit
00001b65  __aeabi_uidiv                 
00001b65  __aeabi_uidivmod              
00001ba5  SysCtlPeripheralPresent       
00001bdd  IntRegister                   
00001c11  SysCtlPeripheralEnable        
00001c45  _c_int00_noargs               
00001c79  GPIODirModeSet                
00001ca5  UARTDisable                   
00001cc5  __TI_zero_init_nomemset       
00001ce1  GPIOPinTypeCAN                
00001cf7  GPIOPinTypeUART               
00001d0d  IntUnregister                 
00001d21  UARTEnable                    
00001d35  FPULazyStackingEnable         
00001d45  UARTCharGetNonBlocking        
00001d53  UARTCharsAvail                
00001d61  __TI_decompress_none          
00001d6f  ResetISR                      
00001d7b  UARTCharGet                   
00001d85  UARTCharPut                   
00001d8f  SysCtlDelay                   
00001d95  UARTClockSourceSet            
00001d9b  _system_pre_init              
00001d9f  C$$EXIT                       
00001d9f  abort                         
00001da3  __aeabi_idiv0                 
00001da3  __aeabi_ldiv0                 
00001f24  __TI_Handler_Table_Base       
00001f30  __TI_Handler_Table_Limit      
00001f40  __TI_CINIT_Base               
00001f58  __TI_CINIT_Limit              
20000000  __start___llvm_prf_cnts       
20000000  __stop___llvm_prf_cnts        
20000000  g_pfnRAMVectors               
20000270  __stack                       
20000470  __STACK_END                   
20000470  __STACK_TOP                   
20000470  g_sCAN0RxMessage              
20000484  g_sCAN0TxMessage              
20000498  g_ui8RXMsgData                
20000499  g_ui8TXMsgData                
2000049c  g_ui32RXMsgCount              
200004a0  g_ui32TXMsgCount              
200004a4  g_bRXFlag                     
200004a8  g_ui32ErrFlag                 
ffffffff  __TI_pprof_out_hndl           
ffffffff  __TI_prof_data_size           
ffffffff  __TI_prof_data_start          
ffffffff  __binit__                     
ffffffff  __c_args__                    
ffffffff  binit                         
UNDEFED   __mpu_init                    
UNDEFED   _system_post_cinit            

[99 symbols]
