******************************************************************************
                  TI ARM Linker PC v20.2.7                     
******************************************************************************
>> Linked Tue Apr 22 15:19:14 2025

OUTPUT FILE NAME:   <CPS_TWINNING_CAN_TX_RX.out>
ENTRY POINT SYMBOL: "_c_int00_noargs"  address: 000062d1


MEMORY CONFIGURATION

         name            origin    length      used     unused   attr    fill
----------------------  --------  ---------  --------  --------  ----  --------
  FLASH                 00000000   00040000  00006d24  000392dc  R  X
  SRAM                  20000000   00008000  00000542  00007abe  RW X


SEGMENT ALLOCATION MAP

run origin  load origin   length   init length attrs members
----------  ----------- ---------- ----------- ----- -------
00000000    00000000    00006d28   00006d28    r-x
  00000000    00000000    0000026c   0000026c    r-- .intvecs
  0000026c    0000026c    0000641c   0000641c    r-x .text
  00006688    00006688    00000644   00000644    r-- .const
  00006cd0    00006cd0    00000058   00000058    r-- .cinit
20000000    20000000    00000546   00000000    rw-
  20000000    20000000    0000026c   00000000    rw- .vtable
  20000270    20000270    00000200   00000000    rw- .stack
  20000470    20000470    000000ac   00000000    rw- .data
  2000051c    2000051c    0000002a   00000000    rw- .bss


SECTION ALLOCATION MAP

 output                                  attributes/
section   page    origin      length       input sections
--------  ----  ----------  ----------   ----------------
.intvecs   0    00000000    0000026c     
                  00000000    0000026c     tm4c123gh6pm_startup_ccs.obj (.intvecs)

.text      0    0000026c    0000641c     
                  0000026c    000012c0     main.obj (.text)
                  0000152c    00000b14     rtsv7M4_T_le_v4SPD16_eabi.lib : _scanfi.c.obj (.text:__TI_scanfi)
                  00002040    00000a4e                                   : _printfi.c.obj (.text:__TI_printfi)
                  00002a8e    00000002     driverlib.lib : interrupt.obj (.text:_IntDefaultHandler)
                  00002a90    00000a28     can.obj (.text)
                  000034b8    0000065c     dishan.obj (.text)
                  00003b14    000004a8     uartstdio.obj (.text)
                  00003fbc    00000460     rtsv7M4_T_le_v4SPD16_eabi.lib : strtod.c.obj (.text:strtod)
                  0000441c    00000270                                   : _printfi.c.obj (.text:_pconv_a)
                  0000468c    000001dc                                   : strtoll.c.obj (.text:strtoll)
                  00004868    000001d0                                   : _printfi.c.obj (.text:_pconv_g)
                  00004a38    000001b6                                   : fd_add_t2.asm.obj (.text)
                  00004bee    00000002                                   : div0.asm.obj (.text)
                  00004bf0    0000016c     driverlib.lib : gpio.obj (.text:GPIOPadConfigSet)
                  00004d5c    0000015c     rtsv7M4_T_le_v4SPD16_eabi.lib : strtoull.c.obj (.text:strtoull)
                  00004eb8    0000013c                                   : _printfi.c.obj (.text:_pconv_e)
                  00004ff4    00000136                                   : fd_div_t2.asm.obj (.text)
                  0000512a    00000002     --HOLE-- [fill = 0]
                  0000512c    00000130                                   : strtol.c.obj (.text:strtol)
                  0000525c    00000124                                   : _printfi.c.obj (.text:fcvt)
                  00005380    00000118     driverlib.lib : sysctl.obj (.text:SysCtlClockGet)
                  00005498    00000110     rtsv7M4_T_le_v4SPD16_eabi.lib : s_scalbn.c.obj (.text:scalbn)
                  000055a8    00000110                                   : strtoul.c.obj (.text:strtoul)
                  000056b8    000000fc                                   : fd_mul_t2.asm.obj (.text)
                  000057b4    000000b1                                   : _printfi.c.obj (.text:_ltostr)
                  00005865    00000001     --HOLE-- [fill = 0]
                  00005866    0000009c                                   : memcpy_t2.asm.obj (.text)
                  00005902    00000096                                   : ull_div_t2.asm.obj (.text)
                  00005998    00000086                                   : fd_cmp_t2.asm.obj (.text:__aeabi_cdcmple)
                  00005a1e    00000086                                   : fd_cmp_t2.asm.obj (.text:__aeabi_cdrcmple)
                  00005aa4    0000007a                                   : memset_t2.asm.obj (.text)
                  00005b1e    0000006e                                   : _printfi.c.obj (.text:_mcpy)
                  00005b8c    0000006e                                   : fd_tos_t2.asm.obj (.text)
                  00005bfa    00000002     --HOLE-- [fill = 0]
                  00005bfc    00000068     driverlib.lib : interrupt.obj (.text:IntDisable)
                  00005c64    00000068                   : interrupt.obj (.text:IntEnable)
                  00005ccc    00000068     rtsv7M4_T_le_v4SPD16_eabi.lib : sscanf.c.obj (.text:_chkmbc)
                  00005d34    00000068                                   : copy_decompress_lzss.c.obj (.text:decompress:lzss:__TI_decompress_lzss)
                  00005d9c    00000064                                   : s_frexp.c.obj (.text:frexp)
                  00005e00    00000056                                   : _printfi.c.obj (.text:_pconv_f)
                  00005e56    00000054                                   : _ltoa.c.obj (.text:__TI_ltoa)
                  00005eaa    00000052                                   : _printfi.c.obj (.text:_ecpy)
                  00005efc    0000004c     driverlib.lib : gpio.obj (.text:GPIOPinConfigure)
                  00005f48    0000004c                   : timer.obj (.text:_TimerIntNumberGet)
                  00005f94    0000004c     rtsv7M4_T_le_v4SPD16_eabi.lib : atoi.c.obj (.text:atoi)
                  00005fe0    00000048                                   : fd_toi_t2.asm.obj (.text)
                  00006028    00000046     driverlib.lib : uart.obj (.text:UARTConfigSetExpClk)
                  0000606e    00000002     --HOLE-- [fill = 0]
                  00006070    00000044                   : gpio.obj (.text:_GPIOIntNumberGet)
                  000060b4    00000044     rtsv7M4_T_le_v4SPD16_eabi.lib : autoinit.c.obj (.text:__TI_auto_init_nobinit_nopinit:__TI_auto_init_nobinit_nopinit)
                  000060f8    00000040     driverlib.lib : uart.obj (.text:_UARTIntNumberGet)
                  00006138    00000040     rtsv7M4_T_le_v4SPD16_eabi.lib : u_divt2.asm.obj (.text)
                  00006178    00000040                                   : sprintf.c.obj (.text:sprintf)
                  000061b8    0000003e                                   : _printfi.c.obj (.text:_fcpy)
                  000061f6    00000002     --HOLE-- [fill = 0]
                  000061f8    00000038     driverlib.lib : sysctl.obj (.text:SysCtlPeripheralPresent)
                  00006230    00000038     rtsv7M4_T_le_v4SPD16_eabi.lib : sscanf.c.obj (.text:sscanf)
                  00006268    00000034     driverlib.lib : interrupt.obj (.text:IntRegister)
                  0000629c    00000034                   : sysctl.obj (.text:SysCtlPeripheralEnable)
                  000062d0    00000034     rtsv7M4_T_le_v4SPD16_eabi.lib : boot_cortex_m.c.obj (.text:_c_int00_noargs:_c_int00_noargs)
                  00006304    00000034                                   : strstr.c.obj (.text:strstr)
                  00006338    0000002e                                   : i_tofd_t2.asm.obj (.text)
                  00006366    0000002c     driverlib.lib : gpio.obj (.text:GPIODirModeSet)
                  00006392    00000002     --HOLE-- [fill = 0]
                  00006394    00000020                   : uart.obj (.text:UARTDisable)
                  000063b4    0000001c                   : systick.obj (.text:SysTickIntRegister)
                  000063d0    0000001c     rtsv7M4_T_le_v4SPD16_eabi.lib : copy_zero_init.c.obj (.text:decompress:ZI:__TI_zero_init_nomemset:__TI_zero_init_nomemset)
                  000063ec    0000001c                                   : memccpy.c.obj (.text:memccpy)
                  00006408    0000001a                                   : s_copysign.c.obj (.text:copysign)
                  00006422    00000018     driverlib.lib : gpio.obj (.text:GPIOIntRegister)
                  0000643a    00000018                   : timer.obj (.text:TimerIntRegister)
                  00006452    00000018                   : uart.obj (.text:UARTIntRegister)
                  0000646a    00000018     rtsv7M4_T_le_v4SPD16_eabi.lib : sprintf.c.obj (.text:_outs)
                  00006482    00000018                                   : ll_mul_t2.asm.obj (.text)
                  0000649a    00000018                                   : strrchr.c.obj (.text:strrchr)
                  000064b2    00000016     driverlib.lib : gpio.obj (.text:GPIOPinTypeCAN)
                  000064c8    00000016                   : gpio.obj (.text:GPIOPinTypeUART)
                  000064de    00000016     rtsv7M4_T_le_v4SPD16_eabi.lib : strchr.c.obj (.text:strchr)
                  000064f4    00000014     driverlib.lib : interrupt.obj (.text:IntUnregister)
                  00006508    00000014                   : uart.obj (.text:UARTEnable)
                  0000651c    00000014     rtsv7M4_T_le_v4SPD16_eabi.lib : strcpy.c.obj (.text:strcpy)
                  00006530    00000014                                   : strlen.c.obj (.text:strlen)
                  00006544    00000012                                   : sscanf.c.obj (.text:_inpchar)
                  00006556    00000012                                   : wcslen.c.obj (.text:wcslen)
                  00006568    00000010     driverlib.lib : fpu.obj (.text:FPULazyStackingEnable)
                  00006578    00000010                   : interrupt.obj (.text:IntMasterEnable)
                  00006588    00000010     rtsv7M4_T_le_v4SPD16_eabi.lib : isalnum.c.obj (.text:isalnum)
                  00006598    00000010                                   : isalpha.c.obj (.text:isalpha)
                  000065a8    00000010                                   : isdigit.c.obj (.text:isdigit)
                  000065b8    00000010                                   : isspace.c.obj (.text:isspace)
                  000065c8    00000010                                   : toupper.c.obj (.text:toupper)
                  000065d8    0000000e     driverlib.lib : uart.obj (.text:UARTCharGetNonBlocking)
                  000065e6    0000000e                   : uart.obj (.text:UARTCharsAvail)
                  000065f4    0000000e     rtsv7M4_T_le_v4SPD16_eabi.lib : copy_decompress_none.c.obj (.text:decompress:none:__TI_decompress_none)
                  00006602    0000000c     driverlib.lib : cpu.obj (.text:CPUcpsie)
                  0000660e    0000000c                   : gpio.obj (.text:GPIOIntEnable)
                  0000661a    0000000c     tm4c123gh6pm_startup_ccs.obj (.text)
                  00006626    0000000a     driverlib.lib : uart.obj (.text:UARTCharGet)
                  00006630    0000000a                   : uart.obj (.text:UARTCharPut)
                  0000663a    0000000a                   : uart.obj (.text:UARTIntStatus)
                  00006644    0000000a     rtsv7M4_T_le_v4SPD16_eabi.lib : sprintf.c.obj (.text:_outc)
                  0000664e    00000008     driverlib.lib : timer.obj (.text:TimerIntEnable)
                  00006656    00000008                   : uart.obj (.text:UARTIntEnable)
                  0000665e    00000002     --HOLE-- [fill = 0]
                  00006660    00000008     rtsv7M4_T_le_v4SPD16_eabi.lib : errno.c.obj (.text:__aeabi_errno_addr)
                  00006668    00000008                                   : sscanf.c.obj (.text:_uninpchar)
                  00006670    00000006     driverlib.lib : uart.obj (.text:UARTClockSourceSet)
                  00006676    00000006                   : uart.obj (.text:UARTFIFOLevelSet)
                  0000667c    00000004                   : uart.obj (.text:UARTIntClear)
                  00006680    00000004     rtsv7M4_T_le_v4SPD16_eabi.lib : pre_init.c.obj (.text:_system_pre_init)
                  00006684    00000004                                   : exit.c.obj (.text:abort:abort)

.const     0    00006688    00000644     
                  00006688    00000101     rtsv7M4_T_le_v4SPD16_eabi.lib : ctype.c.obj (.const:.string:_ctypes_)
                  00006789    00000003     --HOLE-- [fill = 0]
                  0000678c    000000d8     driverlib.lib : gpio.obj (.const:g_ppui32GPIOIntMapSnowflake)
                  00006864    00000004     uartstdio.obj (.const)
                  00006868    000000c8     rtsv7M4_T_le_v4SPD16_eabi.lib : strtod.c.obj (.const:$O1$$)
                  00006930    000000c0     driverlib.lib : gpio.obj (.const:g_ppui32GPIOIntMapBlizzard)
                  000069f0    00000090                   : gpio.obj (.const:g_pui32GPIOBaseAddrs)
                  00006a80    0000006c                   : sysctl.obj (.const:g_pui32Xtals)
                  00006aec    00000060                   : timer.obj (.const:g_ppui32TimerIntMap)
                  00006b4c    00000040                   : timer.obj (.const:g_ppui32TimerIntMapSnowflake)
                  00006b8c    00000040                   : uart.obj (.const:g_ppui32UARTIntMap)
                  00006bcc    00000040                   : uart.obj (.const:g_ppui32UARTIntMapSnowflake)
                  00006c0c    00000028     main.obj (.const:$P$T0$8)
                  00006c34    00000020     can.obj (.const:g_ui16CANBitValues)
                  00006c54    00000014     main.obj (.const:.string:$P$T1$9)
                  00006c68    00000014     driverlib.lib : interrupt.obj (.const:g_pui32Dii16Regs)
                  00006c7c    00000014                   : interrupt.obj (.const:g_pui32EnRegs)
                  00006c90    00000012     uartstdio.obj (.const:.string)
                  00006ca2    00000002     --HOLE-- [fill = 0]
                  00006ca4    00000010     rtsv7M4_T_le_v4SPD16_eabi.lib : _scanfi.c.obj (.const:$O1$$)
                  00006cb4    0000000c     uartstdio.obj (.const:g_ui32UARTBase)
                  00006cc0    0000000c     uartstdio.obj (.const:g_ui32UARTPeriph)

.cinit     0    00006cd0    00000058     
                  00006cd0    0000001d     (.cinit..data.load) [load image, compression = lzss]
                  00006ced    00000003     --HOLE-- [fill = 0]
                  00006cf0    0000000c     (__TI_handler_table)
                  00006cfc    00000004     --HOLE-- [fill = 0]
                  00006d00    00000008     (.cinit..bss.load) [load image, compression = zero_init]
                  00006d08    00000008     (.cinit..vtable.load) [load image, compression = zero_init]
                  00006d10    00000018     (__TI_cinit_table)

.init_array 
*          0    00000000    00000000     UNINITIALIZED

.vtable    0    20000000    0000026c     UNINITIALIZED
                  20000000    0000026c     driverlib.lib : interrupt.obj (.vtable)

.data      0    20000470    000000ac     UNINITIALIZED
                  20000470    00000050     main.obj (.data)
                  200004c0    0000001e     main.obj (.data:strIn$12)
                  200004de    0000001e     main.obj (.data:strIn$1)
                  200004fc    00000010     main.obj (.data:seg7$5)
                  2000050c    00000005     uartstdio.obj (.data)
                  20000511    00000003     --HOLE--
                  20000514    00000004     dishan.obj (.data)
                  20000518    00000004     rtsv7M4_T_le_v4SPD16_eabi.lib : errno.c.obj (.data)

.bss       0    2000051c    0000002a     UNINITIALIZED
                  2000051c    00000014     (.common:g_sCAN0RxMessage)
                  20000530    00000014     (.common:g_sCAN0TxMessage)
                  20000544    00000001     (.common:g_ui8RXMsgData)
                  20000545    00000001     (.common:g_ui8TXMsgData)

.stack     0    20000270    00000200     UNINITIALIZED
                  20000270    00000004     rtsv7M4_T_le_v4SPD16_eabi.lib : boot_cortex_m.c.obj (.stack)
                  20000274    000001fc     --HOLE--

__llvm_prf_cnts 
*          0    20000000    00000000     UNINITIALIZED

MODULE SUMMARY

       Module                         code    ro data   rw data
       ------                         ----    -------   -------
    .\
       main.obj                       4800    60        198    
       can.obj                        2600    32        0      
       dishan.obj                     1628    0         4      
       uartstdio.obj                  1192    46        5      
       tm4c123gh6pm_startup_ccs.obj   12      620       0      
    +--+------------------------------+-------+---------+---------+
       Total:                         10232   758       207    
                                                               
    ../driverlib.lib
       gpio.obj                       632     552       0      
       interrupt.obj                  298     40        620    
       sysctl.obj                     388     108       0      
       uart.obj                       292     128       0      
       timer.obj                      108     160       0      
       systick.obj                    28      0         0      
       fpu.obj                        16      0         0      
       cpu.obj                        12      0         0      
    +--+------------------------------+-------+---------+---------+
       Total:                         1774    988       620    
                                                               
    C:\ti\ccs1240\ccs\tools\compiler\ti-cgt-arm_20.2.7.LTS\lib\rtsv7M4_T_le_v4SPD16_eabi.lib
       _printfi.c.obj                 4851    0         0      
       _scanfi.c.obj                  2836    16        0      
       strtod.c.obj                   1120    200       0      
       strtoll.c.obj                  476     0         0      
       fd_add_t2.asm.obj              438     0         0      
       strtoull.c.obj                 348     0         0      
       fd_div_t2.asm.obj              310     0         0      
       strtol.c.obj                   304     0         0      
       s_scalbn.c.obj                 272     0         0      
       strtoul.c.obj                  272     0         0      
       fd_cmp_t2.asm.obj              268     0         0      
       ctype.c.obj                    0       257       0      
       fd_mul_t2.asm.obj              252     0         0      
       sscanf.c.obj                   186     0         0      
       memcpy_t2.asm.obj              156     0         0      
       ull_div_t2.asm.obj             150     0         0      
       memset_t2.asm.obj              122     0         0      
       fd_tos_t2.asm.obj              110     0         0      
       copy_decompress_lzss.c.obj     104     0         0      
       s_frexp.c.obj                  100     0         0      
       sprintf.c.obj                  98      0         0      
       _ltoa.c.obj                    84      0         0      
       atoi.c.obj                     76      0         0      
       fd_toi_t2.asm.obj              72      0         0      
       autoinit.c.obj                 68      0         0      
       u_divt2.asm.obj                64      0         0      
       boot_cortex_m.c.obj            52      0         0      
       strstr.c.obj                   52      0         0      
       i_tofd_t2.asm.obj              46      0         0      
       copy_zero_init.c.obj           28      0         0      
       memccpy.c.obj                  28      0         0      
       s_copysign.c.obj               26      0         0      
       ll_mul_t2.asm.obj              24      0         0      
       strrchr.c.obj                  24      0         0      
       strchr.c.obj                   22      0         0      
       strcpy.c.obj                   20      0         0      
       strlen.c.obj                   20      0         0      
       wcslen.c.obj                   18      0         0      
       isalnum.c.obj                  16      0         0      
       isalpha.c.obj                  16      0         0      
       isdigit.c.obj                  16      0         0      
       isspace.c.obj                  16      0         0      
       toupper.c.obj                  16      0         0      
       copy_decompress_none.c.obj     14      0         0      
       errno.c.obj                    8       0         4      
       exit.c.obj                     4       0         0      
       pre_init.c.obj                 4       0         0      
       div0.asm.obj                   2       0         0      
    +--+------------------------------+-------+---------+---------+
       Total:                         13609   473       4      
                                                               
       Stack:                         0       0         512    
       Linker Generated:              0       81        0      
    +--+------------------------------+-------+---------+---------+
       Grand Total:                   25615   2300      1343   


LINKER GENERATED COPY TABLES

__TI_cinit_table @ 00006d10 records: 3, size/record: 8, table size: 24
	.data: load addr=00006cd0, load size=0000001d bytes, run addr=20000470, run size=000000ac bytes, compression=lzss
	.bss: load addr=00006d00, load size=00000008 bytes, run addr=2000051c, run size=0000002a bytes, compression=zero_init
	.vtable: load addr=00006d08, load size=00000008 bytes, run addr=20000000, run size=0000026c bytes, compression=zero_init


LINKER GENERATED HANDLER TABLE

__TI_handler_table @ 00006cf0 records: 3, size/record: 4, table size: 12
	index: 0, handler: __TI_zero_init
	index: 1, handler: __TI_decompress_lzss
	index: 2, handler: __TI_decompress_none


GLOBAL SYMBOLS: SORTED ALPHABETICALLY BY Name 

address   name                          
-------   ----                          
00006685  C$$EXIT                       
00002ca1  CANBitRateSet                 
00002c39  CANBitTimingGet               
00002d6d  CANBitTimingSet               
00002c25  CANDisable                    
00002c11  CANEnable                     
00002fb7  CANErrCntrGet                 
000003ed  CANErrorHandler               
00002b95  CANInit                       
00002ea9  CANIntClear                   
00002e49  CANIntDisable                 
00002e33  CANIntEnable                  
0000026d  CANIntHandler                 
00002dfb  CANIntRegister                
00002e5f  CANIntStatus                  
00002e19  CANIntUnregister              
00003489  CANMessageClear               
0000327f  CANMessageGet                 
00002fed  CANMessageSet                 
00002f15  CANRetryGet                   
00002ee3  CANRetrySet                   
00002f31  CANStatusGet                  
00006603  CPUcpsie                      
000002db  ConfigureUART                 
00006569  FPULazyStackingEnable         
00006367  GPIODirModeSet                
0000660f  GPIOIntEnable                 
00006423  GPIOIntRegister               
00004bf1  GPIOPadConfigSet              
00005efd  GPIOPinConfigure              
000064b3  GPIOPinTypeCAN                
000064c9  GPIOPinTypeUART               
00000317  InitCAN0                      
00005bfd  IntDisable                    
00005c65  IntEnable                     
00006579  IntMasterEnable               
00006269  IntRegister                   
000064f5  IntUnregister                 
2000047c  LEDCOLOR                      
0000661b  ResetISR                      
00000a9d  SW_Handler                    
00005381  SysCtlClockGet                
0000629d  SysCtlPeripheralEnable        
000061f9  SysCtlPeripheralPresent       
000063b5  SysTickIntRegister            
000034dd  SysTick_Handler               
00000a29  TIMER0A_Handler               
0000664f  TimerIntEnable                
0000643b  TimerIntRegister              
00000f91  UART0_Handler_Interrupt       
00006627  UARTCharGet                   
000065d9  UARTCharGetNonBlocking        
00006631  UARTCharPut                   
000065e7  UARTCharsAvail                
00006671  UARTClockSourceSet            
00006029  UARTConfigSetExpClk           
00006395  UARTDisable                   
00006509  UARTEnable                    
00006677  UARTFIFOLevelSet              
0000667d  UARTIntClear                  
00006657  UARTIntEnable                 
00006453  UARTIntRegister               
0000663b  UARTIntStatus                 
00003b15  UARTStdioConfig               
00003c65  UARTgetc                      
00003bab  UARTgets                      
00003f87  UARTprintf                    
00003c8d  UARTvprintf                   
00003b5b  UARTwrite                     
20000470  __STACK_END                   
00000200  __STACK_SIZE                  
20000470  __STACK_TOP                   
00006d10  __TI_CINIT_Base               
00006d28  __TI_CINIT_Limit              
00006cf0  __TI_Handler_Table_Base       
00006cfc  __TI_Handler_Table_Limit      
000060b5  __TI_auto_init_nobinit_nopinit
00005d35  __TI_decompress_lzss          
000065f5  __TI_decompress_none          
00005e57  __TI_ltoa                     
ffffffff  __TI_pprof_out_hndl           
00002041  __TI_printfi                  
ffffffff  __TI_prof_data_size           
ffffffff  __TI_prof_data_start          
0000152d  __TI_scanfi                   
00000000  __TI_static_base__            
000063d1  __TI_zero_init_nomemset       
00005999  __aeabi_cdcmpeq               
00005999  __aeabi_cdcmple               
00005a1f  __aeabi_cdrcmple              
00005b8d  __aeabi_d2f                   
00005fe1  __aeabi_d2iz                  
00004a43  __aeabi_dadd                  
00004ff5  __aeabi_ddiv                  
000056b9  __aeabi_dmul                  
00004a39  __aeabi_dsub                  
00006661  __aeabi_errno_addr            
00006339  __aeabi_i2d                   
00004bef  __aeabi_idiv0                 
00004bef  __aeabi_ldiv0                 
00006483  __aeabi_lmul                  
00005aa5  __aeabi_memclr                
00005aa5  __aeabi_memclr4               
00005aa5  __aeabi_memclr8               
00005867  __aeabi_memcpy                
00005867  __aeabi_memcpy4               
00005867  __aeabi_memcpy8               
00005aa7  __aeabi_memset                
00005aa7  __aeabi_memset4               
00005aa7  __aeabi_memset8               
00006139  __aeabi_uidiv                 
00006139  __aeabi_uidivmod              
00005903  __aeabi_uldivmod              
ffffffff  __binit__                     
ffffffff  __c_args__                    
UNDEFED   __mpu_init                    
20000270  __stack                       
20000000  __start___llvm_prf_cnts       
20000000  __stop___llvm_prf_cnts        
000062d1  _c_int00_noargs               
00006688  _ctypes_                      
UNDEFED   _system_post_cinit            
00006681  _system_pre_init              
00006685  abort                         
20000484  adcValue                      
000004fd  addChar                       
00005f95  atoi                          
ffffffff  binit                         
000003ef  cancan                        
00006409  copysign                      
00006409  copysignl                     
000003ab  delayMs                       
20000518  errno                         
00001375  extract_number_RTC            
000006f7  extract_number_pwmduty        
000007e7  extract_number_timer          
00005d9d  frexp                         
00005d9d  frexpl                        
20000490  g_bRXFlag                     
20000000  g_pfnRAMVectors               
00000000  g_pfnVectors                  
2000051c  g_sCAN0RxMessage              
20000530  g_sCAN0TxMessage              
20000494  g_ui32ErrFlag                 
20000488  g_ui32RXMsgCount              
2000048c  g_ui32TXMsgCount              
20000544  g_ui8RXMsgData                
20000545  g_ui8TXMsgData                
00003705  initADC0                      
000036c1  initINTPRI                    
000035b7  initPORTA                     
000035d7  initPORTB                     
000035f7  initPORTC                     
0000361f  initPORTE                     
00003649  initPORTF                     
000039c5  initPWM_PD0                   
000038e1  initPWM_PD1                   
00003763  initPWM_PF2                   
00003811  initPWM_PF3                   
0000367f  initSW                        
000034b9  initSysTick                   
000034fb  initTimer0                    
00003549  initUART0Interrupt            
00006589  isalnum                       
00006599  isalpha                       
000065a9  isdigit                       
000065b9  isspace                       
0000101d  keypadColRead                 
0000121d  keypadRowSelect               
00005499  ldexp                         
00005499  ldexpl                        
00000891  ledColor                      
00000481  main                          
000063ed  memccpy                       
00005867  memcpy                        
00005aad  memset                        
000034f5  millis                        
20000514  millisCount                   
20000472  motorRun                      
00001269  motorSpeedfromADC             
000005cd  processString                 
20000480  pwmDuty                       
00005499  scalbn                        
00005499  scalbnl                       
00000c79  segment7                      
0000134f  setdutyPWM_PD0                
00001329  setdutyPWM_PD1                
000012d9  setdutyPWM_PF2                
000012fd  setdutyPWM_PF3                
00006179  sprintf                       
00006231  sscanf                        
000064df  strchr                        
0000651d  strcpy                        
00006531  strlen                        
0000649b  strrchr                       
00006305  strstr                        
00003fbd  strtod                        
0000512d  strtol                        
00003fbd  strtold                       
0000468d  strtoll                       
000055a9  strtoul                       
00004d5d  strtoull                      
000009a5  timerCMD                      
20000473  timerKeypadSet                
20000474  timerMillis                   
20000478  timerSetValue                 
20000471  timer_resume                  
20000470  timer_start                   
000065c9  toupper                       
00006557  wcslen                        


GLOBAL SYMBOLS: SORTED BY Symbol Address 

address   name                          
-------   ----                          
00000000  __TI_static_base__            
00000000  g_pfnVectors                  
00000200  __STACK_SIZE                  
0000026d  CANIntHandler                 
000002db  ConfigureUART                 
00000317  InitCAN0                      
000003ab  delayMs                       
000003ed  CANErrorHandler               
000003ef  cancan                        
00000481  main                          
000004fd  addChar                       
000005cd  processString                 
000006f7  extract_number_pwmduty        
000007e7  extract_number_timer          
00000891  ledColor                      
000009a5  timerCMD                      
00000a29  TIMER0A_Handler               
00000a9d  SW_Handler                    
00000c79  segment7                      
00000f91  UART0_Handler_Interrupt       
0000101d  keypadColRead                 
0000121d  keypadRowSelect               
00001269  motorSpeedfromADC             
000012d9  setdutyPWM_PF2                
000012fd  setdutyPWM_PF3                
00001329  setdutyPWM_PD1                
0000134f  setdutyPWM_PD0                
00001375  extract_number_RTC            
0000152d  __TI_scanfi                   
00002041  __TI_printfi                  
00002b95  CANInit                       
00002c11  CANEnable                     
00002c25  CANDisable                    
00002c39  CANBitTimingGet               
00002ca1  CANBitRateSet                 
00002d6d  CANBitTimingSet               
00002dfb  CANIntRegister                
00002e19  CANIntUnregister              
00002e33  CANIntEnable                  
00002e49  CANIntDisable                 
00002e5f  CANIntStatus                  
00002ea9  CANIntClear                   
00002ee3  CANRetrySet                   
00002f15  CANRetryGet                   
00002f31  CANStatusGet                  
00002fb7  CANErrCntrGet                 
00002fed  CANMessageSet                 
0000327f  CANMessageGet                 
00003489  CANMessageClear               
000034b9  initSysTick                   
000034dd  SysTick_Handler               
000034f5  millis                        
000034fb  initTimer0                    
00003549  initUART0Interrupt            
000035b7  initPORTA                     
000035d7  initPORTB                     
000035f7  initPORTC                     
0000361f  initPORTE                     
00003649  initPORTF                     
0000367f  initSW                        
000036c1  initINTPRI                    
00003705  initADC0                      
00003763  initPWM_PF2                   
00003811  initPWM_PF3                   
000038e1  initPWM_PD1                   
000039c5  initPWM_PD0                   
00003b15  UARTStdioConfig               
00003b5b  UARTwrite                     
00003bab  UARTgets                      
00003c65  UARTgetc                      
00003c8d  UARTvprintf                   
00003f87  UARTprintf                    
00003fbd  strtod                        
00003fbd  strtold                       
0000468d  strtoll                       
00004a39  __aeabi_dsub                  
00004a43  __aeabi_dadd                  
00004bef  __aeabi_idiv0                 
00004bef  __aeabi_ldiv0                 
00004bf1  GPIOPadConfigSet              
00004d5d  strtoull                      
00004ff5  __aeabi_ddiv                  
0000512d  strtol                        
00005381  SysCtlClockGet                
00005499  ldexp                         
00005499  ldexpl                        
00005499  scalbn                        
00005499  scalbnl                       
000055a9  strtoul                       
000056b9  __aeabi_dmul                  
00005867  __aeabi_memcpy                
00005867  __aeabi_memcpy4               
00005867  __aeabi_memcpy8               
00005867  memcpy                        
00005903  __aeabi_uldivmod              
00005999  __aeabi_cdcmpeq               
00005999  __aeabi_cdcmple               
00005a1f  __aeabi_cdrcmple              
00005aa5  __aeabi_memclr                
00005aa5  __aeabi_memclr4               
00005aa5  __aeabi_memclr8               
00005aa7  __aeabi_memset                
00005aa7  __aeabi_memset4               
00005aa7  __aeabi_memset8               
00005aad  memset                        
00005b8d  __aeabi_d2f                   
00005bfd  IntDisable                    
00005c65  IntEnable                     
00005d35  __TI_decompress_lzss          
00005d9d  frexp                         
00005d9d  frexpl                        
00005e57  __TI_ltoa                     
00005efd  GPIOPinConfigure              
00005f95  atoi                          
00005fe1  __aeabi_d2iz                  
00006029  UARTConfigSetExpClk           
000060b5  __TI_auto_init_nobinit_nopinit
00006139  __aeabi_uidiv                 
00006139  __aeabi_uidivmod              
00006179  sprintf                       
000061f9  SysCtlPeripheralPresent       
00006231  sscanf                        
00006269  IntRegister                   
0000629d  SysCtlPeripheralEnable        
000062d1  _c_int00_noargs               
00006305  strstr                        
00006339  __aeabi_i2d                   
00006367  GPIODirModeSet                
00006395  UARTDisable                   
000063b5  SysTickIntRegister            
000063d1  __TI_zero_init_nomemset       
000063ed  memccpy                       
00006409  copysign                      
00006409  copysignl                     
00006423  GPIOIntRegister               
0000643b  TimerIntRegister              
00006453  UARTIntRegister               
00006483  __aeabi_lmul                  
0000649b  strrchr                       
000064b3  GPIOPinTypeCAN                
000064c9  GPIOPinTypeUART               
000064df  strchr                        
000064f5  IntUnregister                 
00006509  UARTEnable                    
0000651d  strcpy                        
00006531  strlen                        
00006557  wcslen                        
00006569  FPULazyStackingEnable         
00006579  IntMasterEnable               
00006589  isalnum                       
00006599  isalpha                       
000065a9  isdigit                       
000065b9  isspace                       
000065c9  toupper                       
000065d9  UARTCharGetNonBlocking        
000065e7  UARTCharsAvail                
000065f5  __TI_decompress_none          
00006603  CPUcpsie                      
0000660f  GPIOIntEnable                 
0000661b  ResetISR                      
00006627  UARTCharGet                   
00006631  UARTCharPut                   
0000663b  UARTIntStatus                 
0000664f  TimerIntEnable                
00006657  UARTIntEnable                 
00006661  __aeabi_errno_addr            
00006671  UARTClockSourceSet            
00006677  UARTFIFOLevelSet              
0000667d  UARTIntClear                  
00006681  _system_pre_init              
00006685  C$$EXIT                       
00006685  abort                         
00006688  _ctypes_                      
00006cf0  __TI_Handler_Table_Base       
00006cfc  __TI_Handler_Table_Limit      
00006d10  __TI_CINIT_Base               
00006d28  __TI_CINIT_Limit              
20000000  __start___llvm_prf_cnts       
20000000  __stop___llvm_prf_cnts        
20000000  g_pfnRAMVectors               
20000270  __stack                       
20000470  __STACK_END                   
20000470  __STACK_TOP                   
20000470  timer_start                   
20000471  timer_resume                  
20000472  motorRun                      
20000473  timerKeypadSet                
20000474  timerMillis                   
20000478  timerSetValue                 
2000047c  LEDCOLOR                      
20000480  pwmDuty                       
20000484  adcValue                      
20000488  g_ui32RXMsgCount              
2000048c  g_ui32TXMsgCount              
20000490  g_bRXFlag                     
20000494  g_ui32ErrFlag                 
20000514  millisCount                   
20000518  errno                         
2000051c  g_sCAN0RxMessage              
20000530  g_sCAN0TxMessage              
20000544  g_ui8RXMsgData                
20000545  g_ui8TXMsgData                
ffffffff  __TI_pprof_out_hndl           
ffffffff  __TI_prof_data_size           
ffffffff  __TI_prof_data_start          
ffffffff  __binit__                     
ffffffff  __c_args__                    
ffffffff  binit                         
UNDEFED   __mpu_init                    
UNDEFED   _system_post_cinit            

[210 symbols]
