******************************************************************************
                  TI ARM Linker PC v20.2.7                     
******************************************************************************
>> Linked Thu Mar 20 21:24:24 2025

OUTPUT FILE NAME:   <Lab2.out>
ENTRY POINT SYMBOL: "_c_int00_noargs"  address: 00000855


MEMORY CONFIGURATION

         name            origin    length      used     unused   attr    fill
----------------------  --------  ---------  --------  --------  ----  --------
  FLASH                 00000000   00040000  00000916  0003f6ea  R  X
  SRAM                  20000000   00008000  00000240  00007dc0  RW X


SEGMENT ALLOCATION MAP

run origin  load origin   length   init length attrs members
----------  ----------- ---------- ----------- ----- -------
00000000    00000000    00000918   00000918    r-x
  00000000    00000000    0000026c   0000026c    r-- .intvecs
  0000026c    0000026c    0000065a   0000065a    r-x .text
  000008c8    000008c8    00000050   00000050    r-- .cinit
20000000    20000000    00000240   00000000    rw-
  20000000    20000000    00000200   00000000    rw- .stack
  20000200    20000200    0000002c   00000000    rw- .data
  2000022c    2000022c    00000014   00000000    rw- .bss


SECTION ALLOCATION MAP

 output                                  attributes/
section   page    origin      length       input sections
--------  ----  ----------  ----------   ----------------
.intvecs   0    00000000    0000026c     
                  00000000    0000026c     tm4c123gh6pm_startup_ccs.obj (.intvecs)

.text      0    0000026c    0000065a     
                  0000026c    000004a0     main.obj (.text)
                  0000070c    0000009c     rtsv7M4_T_le_v4SPD16_eabi.lib : memcpy_t2.asm.obj (.text)
                  000007a8    00000068                                   : copy_decompress_lzss.c.obj (.text:decompress:lzss:__TI_decompress_lzss)
                  00000810    00000044                                   : autoinit.c.obj (.text:__TI_auto_init_nobinit_nopinit:__TI_auto_init_nobinit_nopinit)
                  00000854    00000034                                   : boot_cortex_m.c.obj (.text:_c_int00_noargs:_c_int00_noargs)
                  00000888    0000001c                                   : copy_zero_init.c.obj (.text:decompress:ZI:__TI_zero_init_nomemset:__TI_zero_init_nomemset)
                  000008a4    0000000e                                   : copy_decompress_none.c.obj (.text:decompress:none:__TI_decompress_none)
                  000008b2    0000000c     tm4c123gh6pm_startup_ccs.obj (.text)
                  000008be    00000004     rtsv7M4_T_le_v4SPD16_eabi.lib : pre_init.c.obj (.text:_system_pre_init)
                  000008c2    00000004                                   : exit.c.obj (.text:abort:abort)

.cinit     0    000008c8    00000050     
                  000008c8    00000025     (.cinit..data.load) [load image, compression = lzss]
                  000008ed    00000003     --HOLE-- [fill = 0]
                  000008f0    0000000c     (__TI_handler_table)
                  000008fc    00000004     --HOLE-- [fill = 0]
                  00000900    00000008     (.cinit..bss.load) [load image, compression = zero_init]
                  00000908    00000010     (__TI_cinit_table)

.init_array 
*          0    00000000    00000000     UNINITIALIZED

.data      0    20000200    0000002c     UNINITIALIZED
                  20000200    00000020     main.obj (.data:colour)
                  20000220    00000008     main.obj (.data:period)
                  20000228    00000004     main.obj (.data)

.bss       0    2000022c    00000014     UNINITIALIZED
                  2000022c    00000004     (.common:LED_TOGGLE_NEXT_TIMESTAMP)
                  20000230    00000004     (.common:LED_TOGGLE_TIMESTAMP)
                  20000234    00000004     (.common:LED_status_flag)
                  20000238    00000004     (.common:colourptr)
                  2000023c    00000004     (.common:timeptr)

.stack     0    20000000    00000200     UNINITIALIZED
                  20000000    00000004     rtsv7M4_T_le_v4SPD16_eabi.lib : boot_cortex_m.c.obj (.stack)
                  20000004    000001fc     --HOLE--

__llvm_prf_cnts 
*          0    20000000    00000000     UNINITIALIZED

MODULE SUMMARY

       Module                         code   ro data   rw data
       ------                         ----   -------   -------
    .\
       main.obj                       1184   0         64     
       tm4c123gh6pm_startup_ccs.obj   12     620       0      
    +--+------------------------------+------+---------+---------+
       Total:                         1196   620       64     
                                                              
    C:\ti\ccs1240\ccs\tools\compiler\ti-cgt-arm_20.2.7.LTS\lib\rtsv7M4_T_le_v4SPD16_eabi.lib
       memcpy_t2.asm.obj              156    0         0      
       copy_decompress_lzss.c.obj     104    0         0      
       autoinit.c.obj                 68     0         0      
       boot_cortex_m.c.obj            52     0         0      
       copy_zero_init.c.obj           28     0         0      
       copy_decompress_none.c.obj     14     0         0      
       exit.c.obj                     4      0         0      
       pre_init.c.obj                 4      0         0      
    +--+------------------------------+------+---------+---------+
       Total:                         430    0         0      
                                                              
       Stack:                         0      0         512    
       Linker Generated:              0      73        0      
    +--+------------------------------+------+---------+---------+
       Grand Total:                   1626   693       576    


LINKER GENERATED COPY TABLES

__TI_cinit_table @ 00000908 records: 2, size/record: 8, table size: 16
	.data: load addr=000008c8, load size=00000025 bytes, run addr=20000200, run size=0000002c bytes, compression=lzss
	.bss: load addr=00000900, load size=00000008 bytes, run addr=2000022c, run size=00000014 bytes, compression=zero_init


LINKER GENERATED HANDLER TABLE

__TI_handler_table @ 000008f0 records: 3, size/record: 4, table size: 12
	index: 0, handler: __TI_decompress_lzss
	index: 1, handler: __TI_decompress_none
	index: 2, handler: __TI_zero_init


GLOBAL SYMBOLS: SORTED ALPHABETICALLY BY Name 

address   name                          
-------   ----                          
000008c3  C$$EXIT                       
000002c1  Init_Port                     
2000022c  LED_TOGGLE_NEXT_TIMESTAMP     
20000230  LED_TOGGLE_TIMESTAMP          
20000234  LED_status_flag               
000008b3  ResetISR                      
0000027f  Timer0A_Init                  
20000200  __STACK_END                   
00000200  __STACK_SIZE                  
20000200  __STACK_TOP                   
00000908  __TI_CINIT_Base               
00000918  __TI_CINIT_Limit              
000008f0  __TI_Handler_Table_Base       
000008fc  __TI_Handler_Table_Limit      
00000811  __TI_auto_init_nobinit_nopinit
000007a9  __TI_decompress_lzss          
000008a5  __TI_decompress_none          
ffffffff  __TI_pprof_out_hndl           
ffffffff  __TI_prof_data_size           
ffffffff  __TI_prof_data_start          
00000000  __TI_static_base__            
00000889  __TI_zero_init_nomemset       
0000070d  __aeabi_memcpy                
0000070d  __aeabi_memcpy4               
0000070d  __aeabi_memcpy8               
ffffffff  __binit__                     
ffffffff  __c_args__                    
UNDEFED   __mpu_init                    
20000000  __stack                       
20000000  __start___llvm_prf_cnts       
20000000  __stop___llvm_prf_cnts        
00000855  _c_int00_noargs               
UNDEFED   _system_post_cinit            
000008bf  _system_pre_init              
000008c3  abort                         
ffffffff  binit                         
20000200  colour                        
20000238  colourptr                     
00000453  delay                         
00000477  display                       
00000000  g_pfnVectors                  
000005a9  main                          
0000070d  memcpy                        
0000026d  millisec_to_micro_offset      
20000220  period                        
2000023c  timeptr                       
00000375  toggler                       
20000228  update_new_toggle_next        


GLOBAL SYMBOLS: SORTED BY Symbol Address 

address   name                          
-------   ----                          
00000000  __TI_static_base__            
00000000  g_pfnVectors                  
00000200  __STACK_SIZE                  
0000026d  millisec_to_micro_offset      
0000027f  Timer0A_Init                  
000002c1  Init_Port                     
00000375  toggler                       
00000453  delay                         
00000477  display                       
000005a9  main                          
0000070d  __aeabi_memcpy                
0000070d  __aeabi_memcpy4               
0000070d  __aeabi_memcpy8               
0000070d  memcpy                        
000007a9  __TI_decompress_lzss          
00000811  __TI_auto_init_nobinit_nopinit
00000855  _c_int00_noargs               
00000889  __TI_zero_init_nomemset       
000008a5  __TI_decompress_none          
000008b3  ResetISR                      
000008bf  _system_pre_init              
000008c3  C$$EXIT                       
000008c3  abort                         
000008f0  __TI_Handler_Table_Base       
000008fc  __TI_Handler_Table_Limit      
00000908  __TI_CINIT_Base               
00000918  __TI_CINIT_Limit              
20000000  __stack                       
20000000  __start___llvm_prf_cnts       
20000000  __stop___llvm_prf_cnts        
20000200  __STACK_END                   
20000200  __STACK_TOP                   
20000200  colour                        
20000220  period                        
20000228  update_new_toggle_next        
2000022c  LED_TOGGLE_NEXT_TIMESTAMP     
20000230  LED_TOGGLE_TIMESTAMP          
20000234  LED_status_flag               
20000238  colourptr                     
2000023c  timeptr                       
ffffffff  __TI_pprof_out_hndl           
ffffffff  __TI_prof_data_size           
ffffffff  __TI_prof_data_start          
ffffffff  __binit__                     
ffffffff  __c_args__                    
ffffffff  binit                         
UNDEFED   __mpu_init                    
UNDEFED   _system_post_cinit            

[48 symbols]
