<?xml version="1.0" encoding="ISO-8859-1" ?>
<link_info>
   <banner>TI ARM Linker PC v20.2.7.LTS</banner>
   <copyright>Copyright (c) 1996-2018 Texas Instruments Incorporated</copyright>
   <link_time>0x67ed486a</link_time>
   <link_errors>0x0</link_errors>
   <output_file>MOTOR_CONTROLER.out</output_file>
   <entry_point>
      <name>_c_int00_noargs</name>
      <address>0x3171</address>
   </entry_point>
   <input_file_list>
      <input_file id="fl-2">
         <path>.\</path>
         <kind>object</kind>
         <file>main.obj</file>
         <name>main.obj</name>
      </input_file>
      <input_file id="fl-3">
         <path>.\</path>
         <kind>object</kind>
         <file>tm4c123gh6pm_startup_ccs.obj</file>
         <name>tm4c123gh6pm_startup_ccs.obj</name>
      </input_file>
      <input_file id="fl-8">
         <kind>object</kind>
         <file>&lt;internal&gt;</file>
         <name>&lt;internal&gt;</name>
      </input_file>
      <input_file id="fl-9">
         <path>..\</path>
         <kind>archive</kind>
         <file>driverlib.lib</file>
         <name>gpio.obj</name>
      </input_file>
      <input_file id="fl-a">
         <path>..\</path>
         <kind>archive</kind>
         <file>driverlib.lib</file>
         <name>interrupt.obj</name>
      </input_file>
      <input_file id="fl-b">
         <path>..\</path>
         <kind>archive</kind>
         <file>driverlib.lib</file>
         <name>sysctl.obj</name>
      </input_file>
      <input_file id="fl-c">
         <path>..\</path>
         <kind>archive</kind>
         <file>driverlib.lib</file>
         <name>systick.obj</name>
      </input_file>
      <input_file id="fl-d">
         <path>..\</path>
         <kind>archive</kind>
         <file>driverlib.lib</file>
         <name>uart.obj</name>
      </input_file>
      <input_file id="fl-e">
         <path>..\</path>
         <kind>archive</kind>
         <file>driverlib.lib</file>
         <name>cpu.obj</name>
      </input_file>
      <input_file id="fl-c4">
         <path>C:\ti\ccs1240\ccs\tools\compiler\ti-cgt-arm_20.2.7.LTS\lib\</path>
         <kind>archive</kind>
         <file>rtsv7M4_T_le_v4SPD16_eabi.lib</file>
         <name>sscanf.c.obj</name>
      </input_file>
      <input_file id="fl-c5">
         <path>C:\ti\ccs1240\ccs\tools\compiler\ti-cgt-arm_20.2.7.LTS\lib\</path>
         <kind>archive</kind>
         <file>rtsv7M4_T_le_v4SPD16_eabi.lib</file>
         <name>fd_div_t2.asm.obj</name>
      </input_file>
      <input_file id="fl-c6">
         <path>C:\ti\ccs1240\ccs\tools\compiler\ti-cgt-arm_20.2.7.LTS\lib\</path>
         <kind>archive</kind>
         <file>rtsv7M4_T_le_v4SPD16_eabi.lib</file>
         <name>fd_mul_t2.asm.obj</name>
      </input_file>
      <input_file id="fl-c7">
         <path>C:\ti\ccs1240\ccs\tools\compiler\ti-cgt-arm_20.2.7.LTS\lib\</path>
         <kind>archive</kind>
         <file>rtsv7M4_T_le_v4SPD16_eabi.lib</file>
         <name>fd_tos_t2.asm.obj</name>
      </input_file>
      <input_file id="fl-c8">
         <path>C:\ti\ccs1240\ccs\tools\compiler\ti-cgt-arm_20.2.7.LTS\lib\</path>
         <kind>archive</kind>
         <file>rtsv7M4_T_le_v4SPD16_eabi.lib</file>
         <name>i_tofd_t2.asm.obj</name>
      </input_file>
      <input_file id="fl-c9">
         <path>C:\ti\ccs1240\ccs\tools\compiler\ti-cgt-arm_20.2.7.LTS\lib\</path>
         <kind>archive</kind>
         <file>rtsv7M4_T_le_v4SPD16_eabi.lib</file>
         <name>memset_t2.asm.obj</name>
      </input_file>
      <input_file id="fl-ca">
         <path>C:\ti\ccs1240\ccs\tools\compiler\ti-cgt-arm_20.2.7.LTS\lib\</path>
         <kind>archive</kind>
         <file>rtsv7M4_T_le_v4SPD16_eabi.lib</file>
         <name>copy_zero_init.c.obj</name>
      </input_file>
      <input_file id="fl-cb">
         <path>C:\ti\ccs1240\ccs\tools\compiler\ti-cgt-arm_20.2.7.LTS\lib\</path>
         <kind>archive</kind>
         <file>rtsv7M4_T_le_v4SPD16_eabi.lib</file>
         <name>copy_decompress_none.c.obj</name>
      </input_file>
      <input_file id="fl-cc">
         <path>C:\ti\ccs1240\ccs\tools\compiler\ti-cgt-arm_20.2.7.LTS\lib\</path>
         <kind>archive</kind>
         <file>rtsv7M4_T_le_v4SPD16_eabi.lib</file>
         <name>copy_decompress_lzss.c.obj</name>
      </input_file>
      <input_file id="fl-cd">
         <path>C:\ti\ccs1240\ccs\tools\compiler\ti-cgt-arm_20.2.7.LTS\lib\</path>
         <kind>archive</kind>
         <file>rtsv7M4_T_le_v4SPD16_eabi.lib</file>
         <name>ctype.c.obj</name>
      </input_file>
      <input_file id="fl-ce">
         <path>C:\ti\ccs1240\ccs\tools\compiler\ti-cgt-arm_20.2.7.LTS\lib\</path>
         <kind>archive</kind>
         <file>rtsv7M4_T_le_v4SPD16_eabi.lib</file>
         <name>isalpha.c.obj</name>
      </input_file>
      <input_file id="fl-cf">
         <path>C:\ti\ccs1240\ccs\tools\compiler\ti-cgt-arm_20.2.7.LTS\lib\</path>
         <kind>archive</kind>
         <file>rtsv7M4_T_le_v4SPD16_eabi.lib</file>
         <name>isdigit.c.obj</name>
      </input_file>
      <input_file id="fl-d0">
         <path>C:\ti\ccs1240\ccs\tools\compiler\ti-cgt-arm_20.2.7.LTS\lib\</path>
         <kind>archive</kind>
         <file>rtsv7M4_T_le_v4SPD16_eabi.lib</file>
         <name>strcasecmp.c.obj</name>
      </input_file>
      <input_file id="fl-d1">
         <path>C:\ti\ccs1240\ccs\tools\compiler\ti-cgt-arm_20.2.7.LTS\lib\</path>
         <kind>archive</kind>
         <file>rtsv7M4_T_le_v4SPD16_eabi.lib</file>
         <name>strcpy.c.obj</name>
      </input_file>
      <input_file id="fl-d2">
         <path>C:\ti\ccs1240\ccs\tools\compiler\ti-cgt-arm_20.2.7.LTS\lib\</path>
         <kind>archive</kind>
         <file>rtsv7M4_T_le_v4SPD16_eabi.lib</file>
         <name>tolower.c.obj</name>
      </input_file>
      <input_file id="fl-d3">
         <path>C:\ti\ccs1240\ccs\tools\compiler\ti-cgt-arm_20.2.7.LTS\lib\</path>
         <kind>archive</kind>
         <file>rtsv7M4_T_le_v4SPD16_eabi.lib</file>
         <name>boot_cortex_m.c.obj</name>
      </input_file>
      <input_file id="fl-d4">
         <path>C:\ti\ccs1240\ccs\tools\compiler\ti-cgt-arm_20.2.7.LTS\lib\</path>
         <kind>archive</kind>
         <file>rtsv7M4_T_le_v4SPD16_eabi.lib</file>
         <name>_scanfi.c.obj</name>
      </input_file>
      <input_file id="fl-d5">
         <path>C:\ti\ccs1240\ccs\tools\compiler\ti-cgt-arm_20.2.7.LTS\lib\</path>
         <kind>archive</kind>
         <file>rtsv7M4_T_le_v4SPD16_eabi.lib</file>
         <name>memcpy_t2.asm.obj</name>
      </input_file>
      <input_file id="fl-d6">
         <path>C:\ti\ccs1240\ccs\tools\compiler\ti-cgt-arm_20.2.7.LTS\lib\</path>
         <kind>archive</kind>
         <file>rtsv7M4_T_le_v4SPD16_eabi.lib</file>
         <name>autoinit.c.obj</name>
      </input_file>
      <input_file id="fl-d7">
         <path>C:\ti\ccs1240\ccs\tools\compiler\ti-cgt-arm_20.2.7.LTS\lib\</path>
         <kind>archive</kind>
         <file>rtsv7M4_T_le_v4SPD16_eabi.lib</file>
         <name>pre_init.c.obj</name>
      </input_file>
      <input_file id="fl-d8">
         <path>C:\ti\ccs1240\ccs\tools\compiler\ti-cgt-arm_20.2.7.LTS\lib\</path>
         <kind>archive</kind>
         <file>rtsv7M4_T_le_v4SPD16_eabi.lib</file>
         <name>cpy_tbl.c.obj</name>
      </input_file>
      <input_file id="fl-d9">
         <path>C:\ti\ccs1240\ccs\tools\compiler\ti-cgt-arm_20.2.7.LTS\lib\</path>
         <kind>archive</kind>
         <file>rtsv7M4_T_le_v4SPD16_eabi.lib</file>
         <name>exit.c.obj</name>
      </input_file>
      <input_file id="fl-da">
         <path>C:\ti\ccs1240\ccs\tools\compiler\ti-cgt-arm_20.2.7.LTS\lib\</path>
         <kind>archive</kind>
         <file>rtsv7M4_T_le_v4SPD16_eabi.lib</file>
         <name>_lock.c.obj</name>
      </input_file>
      <input_file id="fl-db">
         <path>C:\ti\ccs1240\ccs\tools\compiler\ti-cgt-arm_20.2.7.LTS\lib\</path>
         <kind>archive</kind>
         <file>rtsv7M4_T_le_v4SPD16_eabi.lib</file>
         <name>args_main.c.obj</name>
      </input_file>
      <input_file id="fl-dc">
         <path>C:\ti\ccs1240\ccs\tools\compiler\ti-cgt-arm_20.2.7.LTS\lib\</path>
         <kind>archive</kind>
         <file>rtsv7M4_T_le_v4SPD16_eabi.lib</file>
         <name>atoi.c.obj</name>
      </input_file>
      <input_file id="fl-dd">
         <path>C:\ti\ccs1240\ccs\tools\compiler\ti-cgt-arm_20.2.7.LTS\lib\</path>
         <kind>archive</kind>
         <file>rtsv7M4_T_le_v4SPD16_eabi.lib</file>
         <name>strchr.c.obj</name>
      </input_file>
      <input_file id="fl-de">
         <path>C:\ti\ccs1240\ccs\tools\compiler\ti-cgt-arm_20.2.7.LTS\lib\</path>
         <kind>archive</kind>
         <file>rtsv7M4_T_le_v4SPD16_eabi.lib</file>
         <name>strlen.c.obj</name>
      </input_file>
      <input_file id="fl-df">
         <path>C:\ti\ccs1240\ccs\tools\compiler\ti-cgt-arm_20.2.7.LTS\lib\</path>
         <kind>archive</kind>
         <file>rtsv7M4_T_le_v4SPD16_eabi.lib</file>
         <name>strrchr.c.obj</name>
      </input_file>
      <input_file id="fl-e0">
         <path>C:\ti\ccs1240\ccs\tools\compiler\ti-cgt-arm_20.2.7.LTS\lib\</path>
         <kind>archive</kind>
         <file>rtsv7M4_T_le_v4SPD16_eabi.lib</file>
         <name>strtod.c.obj</name>
      </input_file>
      <input_file id="fl-e1">
         <path>C:\ti\ccs1240\ccs\tools\compiler\ti-cgt-arm_20.2.7.LTS\lib\</path>
         <kind>archive</kind>
         <file>rtsv7M4_T_le_v4SPD16_eabi.lib</file>
         <name>strtol.c.obj</name>
      </input_file>
      <input_file id="fl-e2">
         <path>C:\ti\ccs1240\ccs\tools\compiler\ti-cgt-arm_20.2.7.LTS\lib\</path>
         <kind>archive</kind>
         <file>rtsv7M4_T_le_v4SPD16_eabi.lib</file>
         <name>strtoll.c.obj</name>
      </input_file>
      <input_file id="fl-e3">
         <path>C:\ti\ccs1240\ccs\tools\compiler\ti-cgt-arm_20.2.7.LTS\lib\</path>
         <kind>archive</kind>
         <file>rtsv7M4_T_le_v4SPD16_eabi.lib</file>
         <name>strtoul.c.obj</name>
      </input_file>
      <input_file id="fl-e4">
         <path>C:\ti\ccs1240\ccs\tools\compiler\ti-cgt-arm_20.2.7.LTS\lib\</path>
         <kind>archive</kind>
         <file>rtsv7M4_T_le_v4SPD16_eabi.lib</file>
         <name>strtoull.c.obj</name>
      </input_file>
      <input_file id="fl-e5">
         <path>C:\ti\ccs1240\ccs\tools\compiler\ti-cgt-arm_20.2.7.LTS\lib\</path>
         <kind>archive</kind>
         <file>rtsv7M4_T_le_v4SPD16_eabi.lib</file>
         <name>errno.c.obj</name>
      </input_file>
      <input_file id="fl-e6">
         <path>C:\ti\ccs1240\ccs\tools\compiler\ti-cgt-arm_20.2.7.LTS\lib\</path>
         <kind>archive</kind>
         <file>rtsv7M4_T_le_v4SPD16_eabi.lib</file>
         <name>s_scalbn.c.obj</name>
      </input_file>
      <input_file id="fl-e7">
         <path>C:\ti\ccs1240\ccs\tools\compiler\ti-cgt-arm_20.2.7.LTS\lib\</path>
         <kind>archive</kind>
         <file>rtsv7M4_T_le_v4SPD16_eabi.lib</file>
         <name>fd_add_t2.asm.obj</name>
      </input_file>
      <input_file id="fl-e8">
         <path>C:\ti\ccs1240\ccs\tools\compiler\ti-cgt-arm_20.2.7.LTS\lib\</path>
         <kind>archive</kind>
         <file>rtsv7M4_T_le_v4SPD16_eabi.lib</file>
         <name>fd_cmp_t2.asm.obj</name>
      </input_file>
      <input_file id="fl-e9">
         <path>C:\ti\ccs1240\ccs\tools\compiler\ti-cgt-arm_20.2.7.LTS\lib\</path>
         <kind>archive</kind>
         <file>rtsv7M4_T_le_v4SPD16_eabi.lib</file>
         <name>ll_mul_t2.asm.obj</name>
      </input_file>
      <input_file id="fl-ea">
         <path>C:\ti\ccs1240\ccs\tools\compiler\ti-cgt-arm_20.2.7.LTS\lib\</path>
         <kind>archive</kind>
         <file>rtsv7M4_T_le_v4SPD16_eabi.lib</file>
         <name>ull_div_t2.asm.obj</name>
      </input_file>
      <input_file id="fl-eb">
         <path>C:\ti\ccs1240\ccs\tools\compiler\ti-cgt-arm_20.2.7.LTS\lib\</path>
         <kind>archive</kind>
         <file>rtsv7M4_T_le_v4SPD16_eabi.lib</file>
         <name>s_copysign.c.obj</name>
      </input_file>
      <input_file id="fl-ec">
         <path>C:\ti\ccs1240\ccs\tools\compiler\ti-cgt-arm_20.2.7.LTS\lib\</path>
         <kind>archive</kind>
         <file>rtsv7M4_T_le_v4SPD16_eabi.lib</file>
         <name>div0.asm.obj</name>
      </input_file>
   </input_file_list>
   <object_component_list>
      <object_component id="oc-12">
         <name>.intvecs</name>
         <load_address>0x0</load_address>
         <run_address>0x0</run_address>
         <size>0x26c</size>
         <input_file_ref idref="fl-3"/>
      </object_component>
      <object_component id="oc-2d">
         <name>.text</name>
         <load_address>0x26c</load_address>
         <run_address>0x26c</run_address>
         <size>0xb78</size>
         <input_file_ref idref="fl-2"/>
      </object_component>
      <object_component id="oc-198">
         <name>.text:__TI_scanfi</name>
         <load_address>0xde4</load_address>
         <run_address>0xde4</run_address>
         <size>0xb14</size>
         <input_file_ref idref="fl-d4"/>
      </object_component>
      <object_component id="oc-283">
         <name>.text:strtod</name>
         <load_address>0x18f8</load_address>
         <run_address>0x18f8</run_address>
         <size>0x460</size>
         <input_file_ref idref="fl-e0"/>
      </object_component>
      <object_component id="oc-28f">
         <name>.text:strtoll</name>
         <load_address>0x1d58</load_address>
         <run_address>0x1d58</run_address>
         <size>0x1dc</size>
         <input_file_ref idref="fl-e2"/>
      </object_component>
      <object_component id="oc-316">
         <name>.text</name>
         <load_address>0x1f34</load_address>
         <run_address>0x1f34</run_address>
         <size>0x1b6</size>
         <input_file_ref idref="fl-e7"/>
      </object_component>
      <object_component id="oc-368">
         <name>.text</name>
         <load_address>0x20ea</load_address>
         <run_address>0x20ea</run_address>
         <size>0x2</size>
         <input_file_ref idref="fl-ec"/>
      </object_component>
      <object_component id="oc-1ce">
         <name>.text:GPIOPadConfigSet</name>
         <load_address>0x20ec</load_address>
         <run_address>0x20ec</run_address>
         <size>0x16c</size>
         <input_file_ref idref="fl-9"/>
      </object_component>
      <object_component id="oc-277">
         <name>.text:strtoull</name>
         <load_address>0x2258</load_address>
         <run_address>0x2258</run_address>
         <size>0x15c</size>
         <input_file_ref idref="fl-e4"/>
      </object_component>
      <object_component id="oc-138">
         <name>.text</name>
         <load_address>0x23b4</load_address>
         <run_address>0x23b4</run_address>
         <size>0x136</size>
         <input_file_ref idref="fl-c5"/>
      </object_component>
      <object_component id="oc-289">
         <name>.text:strtol</name>
         <load_address>0x24ec</load_address>
         <run_address>0x24ec</run_address>
         <size>0x130</size>
         <input_file_ref idref="fl-e1"/>
      </object_component>
      <object_component id="oc-d3">
         <name>.text:SysCtlClockGet</name>
         <load_address>0x261c</load_address>
         <run_address>0x261c</run_address>
         <size>0x118</size>
         <input_file_ref idref="fl-b"/>
      </object_component>
      <object_component id="oc-320">
         <name>.text:scalbn</name>
         <load_address>0x2734</load_address>
         <run_address>0x2734</run_address>
         <size>0x110</size>
         <input_file_ref idref="fl-e6"/>
      </object_component>
      <object_component id="oc-27d">
         <name>.text:strtoul</name>
         <load_address>0x2844</load_address>
         <run_address>0x2844</run_address>
         <size>0x110</size>
         <input_file_ref idref="fl-e3"/>
      </object_component>
      <object_component id="oc-13d">
         <name>.text</name>
         <load_address>0x2954</load_address>
         <run_address>0x2954</run_address>
         <size>0xfc</size>
         <input_file_ref idref="fl-c6"/>
      </object_component>
      <object_component id="oc-109">
         <name>.text:SysCtlClockSet</name>
         <load_address>0x2a50</load_address>
         <run_address>0x2a50</run_address>
         <size>0xf4</size>
         <input_file_ref idref="fl-b"/>
      </object_component>
      <object_component id="oc-41">
         <name>.text</name>
         <load_address>0x2b44</load_address>
         <run_address>0x2b44</run_address>
         <size>0x9c</size>
         <input_file_ref idref="fl-d5"/>
      </object_component>
      <object_component id="oc-307">
         <name>.text</name>
         <load_address>0x2be0</load_address>
         <run_address>0x2be0</run_address>
         <size>0x96</size>
         <input_file_ref idref="fl-ea"/>
      </object_component>
      <object_component id="oc-31b">
         <name>.text:__aeabi_cdcmple</name>
         <load_address>0x2c76</load_address>
         <run_address>0x2c76</run_address>
         <size>0x86</size>
         <input_file_ref idref="fl-e8"/>
      </object_component>
      <object_component id="oc-7a">
         <name>.text</name>
         <load_address>0x2cfc</load_address>
         <run_address>0x2cfc</run_address>
         <size>0x7a</size>
         <input_file_ref idref="fl-c9"/>
      </object_component>
      <object_component id="oc-142">
         <name>.text</name>
         <load_address>0x2d76</load_address>
         <run_address>0x2d76</run_address>
         <size>0x6e</size>
         <input_file_ref idref="fl-c7"/>
      </object_component>
      <object_component id="oc-f1">
         <name>.text:IntEnable</name>
         <load_address>0x2de4</load_address>
         <run_address>0x2de4</run_address>
         <size>0x68</size>
         <input_file_ref idref="fl-a"/>
      </object_component>
      <object_component id="oc-1aa">
         <name>.text:_chkmbc</name>
         <load_address>0x2e4c</load_address>
         <run_address>0x2e4c</run_address>
         <size>0x68</size>
         <input_file_ref idref="fl-c4"/>
      </object_component>
      <object_component id="oc-15">
         <name>.text:decompress:lzss:__TI_decompress_lzss</name>
         <load_address>0x2eb4</load_address>
         <run_address>0x2eb4</run_address>
         <size>0x68</size>
         <input_file_ref idref="fl-cc"/>
      </object_component>
      <object_component id="oc-127">
         <name>.text:GPIOIntTypeSet</name>
         <load_address>0x2f1c</load_address>
         <run_address>0x2f1c</run_address>
         <size>0x58</size>
         <input_file_ref idref="fl-9"/>
      </object_component>
      <object_component id="oc-c7">
         <name>.text:GPIOPinConfigure</name>
         <load_address>0x2f74</load_address>
         <run_address>0x2f74</run_address>
         <size>0x4c</size>
         <input_file_ref idref="fl-9"/>
      </object_component>
      <object_component id="oc-29b">
         <name>.text:atoi</name>
         <load_address>0x2fc0</load_address>
         <run_address>0x2fc0</run_address>
         <size>0x4c</size>
         <input_file_ref idref="fl-dc"/>
      </object_component>
      <object_component id="oc-d9">
         <name>.text:UARTConfigSetExpClk</name>
         <load_address>0x300c</load_address>
         <run_address>0x300c</run_address>
         <size>0x46</size>
         <input_file_ref idref="fl-d"/>
      </object_component>
      <object_component id="oc-230">
         <name>.text:__TI_auto_init_nobinit_nopinit:__TI_auto_init_nobinit_nopinit</name>
         <load_address>0x3054</load_address>
         <run_address>0x3054</run_address>
         <size>0x44</size>
         <input_file_ref idref="fl-d6"/>
      </object_component>
      <object_component id="oc-103">
         <name>.text:SysCtlPeripheralReady</name>
         <load_address>0x3098</load_address>
         <run_address>0x3098</run_address>
         <size>0x38</size>
         <input_file_ref idref="fl-b"/>
      </object_component>
      <object_component id="oc-94">
         <name>.text:sscanf</name>
         <load_address>0x30d0</load_address>
         <run_address>0x30d0</run_address>
         <size>0x38</size>
         <input_file_ref idref="fl-c4"/>
      </object_component>
      <object_component id="oc-1f8">
         <name>.text:IntRegister</name>
         <load_address>0x3108</load_address>
         <run_address>0x3108</run_address>
         <size>0x34</size>
         <input_file_ref idref="fl-a"/>
      </object_component>
      <object_component id="oc-c1">
         <name>.text:SysCtlPeripheralEnable</name>
         <load_address>0x313c</load_address>
         <run_address>0x313c</run_address>
         <size>0x34</size>
         <input_file_ref idref="fl-b"/>
      </object_component>
      <object_component id="oc-5f">
         <name>.text:_c_int00_noargs:_c_int00_noargs</name>
         <load_address>0x3170</load_address>
         <run_address>0x3170</run_address>
         <size>0x34</size>
         <input_file_ref idref="fl-d3"/>
      </object_component>
      <object_component id="oc-133">
         <name>.text</name>
         <load_address>0x31a4</load_address>
         <run_address>0x31a4</run_address>
         <size>0x2e</size>
         <input_file_ref idref="fl-c8"/>
      </object_component>
      <object_component id="oc-9a">
         <name>.text:strcasecmp</name>
         <load_address>0x31d2</load_address>
         <run_address>0x31d2</run_address>
         <size>0x2e</size>
         <input_file_ref idref="fl-d0"/>
      </object_component>
      <object_component id="oc-1c8">
         <name>.text:GPIODirModeSet</name>
         <load_address>0x3200</load_address>
         <run_address>0x3200</run_address>
         <size>0x2c</size>
         <input_file_ref idref="fl-9"/>
      </object_component>
      <object_component id="oc-eb">
         <name>.text:IntPrioritySet</name>
         <load_address>0x322c</load_address>
         <run_address>0x322c</run_address>
         <size>0x24</size>
         <input_file_ref idref="fl-a"/>
      </object_component>
      <object_component id="oc-1d9">
         <name>.text:UARTDisable</name>
         <load_address>0x3250</load_address>
         <run_address>0x3250</run_address>
         <size>0x20</size>
         <input_file_ref idref="fl-d"/>
      </object_component>
      <object_component id="oc-115">
         <name>.text:SysTickIntRegister</name>
         <load_address>0x3270</load_address>
         <run_address>0x3270</run_address>
         <size>0x1c</size>
         <input_file_ref idref="fl-c"/>
      </object_component>
      <object_component id="oc-4d">
         <name>.text:decompress:ZI:__TI_zero_init_nomemset:__TI_zero_init_nomemset</name>
         <load_address>0x328c</load_address>
         <run_address>0x328c</run_address>
         <size>0x1c</size>
         <input_file_ref idref="fl-ca"/>
      </object_component>
      <object_component id="oc-379">
         <name>.text:copysign</name>
         <load_address>0x32a8</load_address>
         <run_address>0x32a8</run_address>
         <size>0x1a</size>
         <input_file_ref idref="fl-eb"/>
      </object_component>
      <object_component id="oc-302">
         <name>.text</name>
         <load_address>0x32c2</load_address>
         <run_address>0x32c2</run_address>
         <size>0x18</size>
         <input_file_ref idref="fl-e9"/>
      </object_component>
      <object_component id="oc-2a1">
         <name>.text:strrchr</name>
         <load_address>0x32da</load_address>
         <run_address>0x32da</run_address>
         <size>0x18</size>
         <input_file_ref idref="fl-df"/>
      </object_component>
      <object_component id="oc-cd">
         <name>.text:GPIOPinTypeUART</name>
         <load_address>0x32f2</load_address>
         <run_address>0x32f2</run_address>
         <size>0x16</size>
         <input_file_ref idref="fl-9"/>
      </object_component>
      <object_component id="oc-2a7">
         <name>.text:strchr</name>
         <load_address>0x3308</load_address>
         <run_address>0x3308</run_address>
         <size>0x16</size>
         <input_file_ref idref="fl-dd"/>
      </object_component>
      <object_component id="oc-121">
         <name>.text:SysTickEnable</name>
         <load_address>0x3320</load_address>
         <run_address>0x3320</run_address>
         <size>0x14</size>
         <input_file_ref idref="fl-c"/>
      </object_component>
      <object_component id="oc-11b">
         <name>.text:SysTickIntEnable</name>
         <load_address>0x3334</load_address>
         <run_address>0x3334</run_address>
         <size>0x14</size>
         <input_file_ref idref="fl-c"/>
      </object_component>
      <object_component id="oc-f7">
         <name>.text:UARTEnable</name>
         <load_address>0x3348</load_address>
         <run_address>0x3348</run_address>
         <size>0x14</size>
         <input_file_ref idref="fl-d"/>
      </object_component>
      <object_component id="oc-8b">
         <name>.text:strcpy</name>
         <load_address>0x335c</load_address>
         <run_address>0x335c</run_address>
         <size>0x14</size>
         <input_file_ref idref="fl-d1"/>
      </object_component>
      <object_component id="oc-295">
         <name>.text:strlen</name>
         <load_address>0x3370</load_address>
         <run_address>0x3370</run_address>
         <size>0x14</size>
         <input_file_ref idref="fl-de"/>
      </object_component>
      <object_component id="oc-19e">
         <name>.text:_inpchar</name>
         <load_address>0x3384</load_address>
         <run_address>0x3384</run_address>
         <size>0x12</size>
         <input_file_ref idref="fl-c4"/>
      </object_component>
      <object_component id="oc-fd">
         <name>.text:IntMasterEnable</name>
         <load_address>0x3396</load_address>
         <run_address>0x3396</run_address>
         <size>0x10</size>
         <input_file_ref idref="fl-a"/>
      </object_component>
      <object_component id="oc-10f">
         <name>.text:SysTickPeriodSet</name>
         <load_address>0x33a8</load_address>
         <run_address>0x33a8</run_address>
         <size>0x10</size>
         <input_file_ref idref="fl-c"/>
      </object_component>
      <object_component id="oc-7f">
         <name>.text:isalpha</name>
         <load_address>0x33b8</load_address>
         <run_address>0x33b8</run_address>
         <size>0x10</size>
         <input_file_ref idref="fl-ce"/>
      </object_component>
      <object_component id="oc-85">
         <name>.text:isdigit</name>
         <load_address>0x33c8</load_address>
         <run_address>0x33c8</run_address>
         <size>0x10</size>
         <input_file_ref idref="fl-cf"/>
      </object_component>
      <object_component id="oc-b5">
         <name>.text:tolower</name>
         <load_address>0x33d8</load_address>
         <run_address>0x33d8</run_address>
         <size>0x10</size>
         <input_file_ref idref="fl-d2"/>
      </object_component>
      <object_component id="oc-bb">
         <name>.text:UARTCharsAvail</name>
         <load_address>0x33e8</load_address>
         <run_address>0x33e8</run_address>
         <size>0xe</size>
         <input_file_ref idref="fl-d"/>
      </object_component>
      <object_component id="oc-1b">
         <name>.text:decompress:none:__TI_decompress_none</name>
         <load_address>0x33f6</load_address>
         <run_address>0x33f6</run_address>
         <size>0xe</size>
         <input_file_ref idref="fl-cb"/>
      </object_component>
      <object_component id="oc-1ec">
         <name>.text:CPUcpsie</name>
         <load_address>0x3404</load_address>
         <run_address>0x3404</run_address>
         <size>0xc</size>
         <input_file_ref idref="fl-e"/>
      </object_component>
      <object_component id="oc-12d">
         <name>.text:GPIOIntEnable</name>
         <load_address>0x3410</load_address>
         <run_address>0x3410</run_address>
         <size>0xc</size>
         <input_file_ref idref="fl-9"/>
      </object_component>
      <object_component id="oc-27">
         <name>.text</name>
         <load_address>0x341c</load_address>
         <run_address>0x341c</run_address>
         <size>0xc</size>
         <input_file_ref idref="fl-3"/>
      </object_component>
      <object_component id="oc-af">
         <name>.text:UARTCharGet</name>
         <load_address>0x3428</load_address>
         <run_address>0x3428</run_address>
         <size>0xa</size>
         <input_file_ref idref="fl-d"/>
      </object_component>
      <object_component id="oc-74">
         <name>.text:UARTCharPut</name>
         <load_address>0x3432</load_address>
         <run_address>0x3432</run_address>
         <size>0xa</size>
         <input_file_ref idref="fl-d"/>
      </object_component>
      <object_component id="oc-df">
         <name>.text:UARTFIFOEnable</name>
         <load_address>0x343c</load_address>
         <run_address>0x343c</run_address>
         <size>0xa</size>
         <input_file_ref idref="fl-d"/>
      </object_component>
      <object_component id="oc-a3">
         <name>.text:UARTIntStatus</name>
         <load_address>0x3446</load_address>
         <run_address>0x3446</run_address>
         <size>0xa</size>
         <input_file_ref idref="fl-d"/>
      </object_component>
      <object_component id="oc-e5">
         <name>.text:UARTIntEnable</name>
         <load_address>0x3450</load_address>
         <run_address>0x3450</run_address>
         <size>0x8</size>
         <input_file_ref idref="fl-d"/>
      </object_component>
      <object_component id="oc-30c">
         <name>.text:__aeabi_errno_addr</name>
         <load_address>0x3458</load_address>
         <run_address>0x3458</run_address>
         <size>0x8</size>
         <input_file_ref idref="fl-e5"/>
      </object_component>
      <object_component id="oc-1a4">
         <name>.text:_uninpchar</name>
         <load_address>0x3460</load_address>
         <run_address>0x3460</run_address>
         <size>0x8</size>
         <input_file_ref idref="fl-c4"/>
      </object_component>
      <object_component id="oc-1f4">
         <name>.text:SysCtlDelay</name>
         <load_address>0x3468</load_address>
         <run_address>0x3468</run_address>
         <size>0x6</size>
         <input_file_ref idref="fl-b"/>
      </object_component>
      <object_component id="oc-a9">
         <name>.text:UARTIntClear</name>
         <load_address>0x346e</load_address>
         <run_address>0x346e</run_address>
         <size>0x4</size>
         <input_file_ref idref="fl-d"/>
      </object_component>
      <object_component id="oc-173">
         <name>.text:_system_pre_init</name>
         <load_address>0x3472</load_address>
         <run_address>0x3472</run_address>
         <size>0x4</size>
         <input_file_ref idref="fl-d7"/>
      </object_component>
      <object_component id="oc-224">
         <name>.text:abort:abort</name>
         <load_address>0x3476</load_address>
         <run_address>0x3476</run_address>
         <size>0x4</size>
         <input_file_ref idref="fl-d9"/>
      </object_component>
      <object_component id="oc-18d">
         <name>.const:.string:_ctypes_</name>
         <load_address>0x3480</load_address>
         <run_address>0x3480</run_address>
         <size>0x101</size>
         <input_file_ref idref="fl-cd"/>
      </object_component>
      <object_component id="oc-326">
         <name>.const:$O1$$</name>
         <load_address>0x3588</load_address>
         <run_address>0x3588</run_address>
         <size>0xc8</size>
         <input_file_ref idref="fl-e0"/>
      </object_component>
      <object_component id="oc-1e2">
         <name>.const:g_pui32Regs</name>
         <load_address>0x3650</load_address>
         <run_address>0x3650</run_address>
         <size>0x9c</size>
         <input_file_ref idref="fl-a"/>
      </object_component>
      <object_component id="oc-1c3">
         <name>.const:g_pui32GPIOBaseAddrs</name>
         <load_address>0x36ec</load_address>
         <run_address>0x36ec</run_address>
         <size>0x90</size>
         <input_file_ref idref="fl-9"/>
      </object_component>
      <object_component id="oc-1d5">
         <name>.const:g_pui32Xtals</name>
         <load_address>0x377c</load_address>
         <run_address>0x377c</run_address>
         <size>0x6c</size>
         <input_file_ref idref="fl-b"/>
      </object_component>
      <object_component id="oc-1e7">
         <name>.const:g_pui32EnRegs</name>
         <load_address>0x37e8</load_address>
         <run_address>0x37e8</run_address>
         <size>0x14</size>
         <input_file_ref idref="fl-a"/>
      </object_component>
      <object_component id="oc-2ad">
         <name>.const:$O1$$</name>
         <load_address>0x37fc</load_address>
         <run_address>0x37fc</run_address>
         <size>0x10</size>
         <input_file_ref idref="fl-d4"/>
      </object_component>
      <object_component id="oc-3de">
         <name>.cinit..data.load</name>
         <load_address>0x3810</load_address>
         <run_address>0x3810</run_address>
         <size>0x28</size>
      </object_component>
      <object_component id="oc-3db">
         <name>__TI_handler_table</name>
         <load_address>0x3838</load_address>
         <run_address>0x3838</run_address>
         <size>0xc</size>
      </object_component>
      <object_component id="oc-3dd">
         <name>.cinit..vtable.load</name>
         <load_address>0x3848</load_address>
         <run_address>0x3848</run_address>
         <size>0x8</size>
      </object_component>
      <object_component id="oc-3dc">
         <name>__TI_cinit_table</name>
         <load_address>0x3850</load_address>
         <run_address>0x3850</run_address>
         <size>0x10</size>
      </object_component>
      <object_component id="oc-2dc">
         <name>.vtable</name>
         <uninitialized>true</uninitialized>
         <run_address>0x20000000</run_address>
         <size>0x26c</size>
         <input_file_ref idref="fl-a"/>
      </object_component>
      <object_component id="oc-a0">
         <name>.data:command</name>
         <load_address>0x20000498</load_address>
         <run_address>0x20000498</run_address>
         <size>0x1e</size>
         <input_file_ref idref="fl-2"/>
      </object_component>
      <object_component id="oc-91">
         <name>.data</name>
         <load_address>0x200004b8</load_address>
         <run_address>0x200004b8</run_address>
         <size>0x14</size>
         <input_file_ref idref="fl-2"/>
      </object_component>
      <object_component id="oc-147">
         <name>.data:segment_number</name>
         <load_address>0x20000470</load_address>
         <run_address>0x20000470</run_address>
         <size>0x28</size>
         <input_file_ref idref="fl-2"/>
      </object_component>
      <object_component id="oc-36e">
         <name>.data</name>
         <load_address>0x200004cc</load_address>
         <run_address>0x200004cc</run_address>
         <size>0x4</size>
         <input_file_ref idref="fl-e5"/>
      </object_component>
      <object_component id="oc-24">
         <name>.stack</name>
         <uninitialized>true</uninitialized>
         <run_address>0x20000270</run_address>
         <size>0x4</size>
         <input_file_ref idref="fl-d3"/>
      </object_component>
      <object_component id="oc-3e0">
         <name>.stack</name>
         <uninitialized>true</uninitialized>
         <run_address>0x20000270</run_address>
         <size>0x0</size>
      </object_component>
      <object_component id="oc-150">
         <name>.debug_info</name>
         <load_address>0x0</load_address>
         <run_address>0x0</run_address>
         <size>0x880</size>
         <input_file_ref idref="fl-2"/>
      </object_component>
      <object_component id="oc-a1">
         <name>.debug_info</name>
         <load_address>0x880</load_address>
         <run_address>0x880</run_address>
         <size>0xff</size>
         <input_file_ref idref="fl-2"/>
      </object_component>
      <object_component id="oc-92">
         <name>.debug_info</name>
         <load_address>0x97f</load_address>
         <run_address>0x97f</run_address>
         <size>0x23a</size>
         <input_file_ref idref="fl-2"/>
      </object_component>
      <object_component id="oc-148">
         <name>.debug_info</name>
         <load_address>0xbb9</load_address>
         <run_address>0xbb9</run_address>
         <size>0x10d</size>
         <input_file_ref idref="fl-2"/>
      </object_component>
      <object_component id="oc-30">
         <name>.debug_info</name>
         <load_address>0xcc6</load_address>
         <run_address>0xcc6</run_address>
         <size>0xfda</size>
         <input_file_ref idref="fl-2"/>
      </object_component>
      <object_component id="oc-158">
         <name>.debug_info</name>
         <load_address>0x1ca0</load_address>
         <run_address>0x1ca0</run_address>
         <size>0x26b</size>
         <input_file_ref idref="fl-2"/>
      </object_component>
      <object_component id="oc-14b">
         <name>.debug_info</name>
         <load_address>0x1f0b</load_address>
         <run_address>0x1f0b</run_address>
         <size>0x8b</size>
         <input_file_ref idref="fl-2"/>
      </object_component>
      <object_component id="oc-215">
         <name>.debug_info</name>
         <load_address>0x1f96</load_address>
         <run_address>0x1f96</run_address>
         <size>0x2a4</size>
         <input_file_ref idref="fl-2"/>
      </object_component>
      <object_component id="oc-151">
         <name>.debug_info</name>
         <load_address>0x223a</load_address>
         <run_address>0x223a</run_address>
         <size>0xbb</size>
         <input_file_ref idref="fl-2"/>
      </object_component>
      <object_component id="oc-210">
         <name>.debug_info</name>
         <load_address>0x22f5</load_address>
         <run_address>0x22f5</run_address>
         <size>0x2c</size>
         <input_file_ref idref="fl-2"/>
      </object_component>
      <object_component id="oc-1b2">
         <name>.debug_info</name>
         <load_address>0x2321</load_address>
         <run_address>0x2321</run_address>
         <size>0x2c</size>
         <input_file_ref idref="fl-2"/>
      </object_component>
      <object_component id="oc-20b">
         <name>.debug_info</name>
         <load_address>0x234d</load_address>
         <run_address>0x234d</run_address>
         <size>0x35</size>
         <input_file_ref idref="fl-2"/>
      </object_component>
      <object_component id="oc-35">
         <name>.debug_info</name>
         <load_address>0x2382</load_address>
         <run_address>0x2382</run_address>
         <size>0x330</size>
         <input_file_ref idref="fl-3"/>
      </object_component>
      <object_component id="oc-13">
         <name>.debug_info</name>
         <load_address>0x26b2</load_address>
         <run_address>0x26b2</run_address>
         <size>0x11d</size>
         <input_file_ref idref="fl-3"/>
      </object_component>
      <object_component id="oc-29">
         <name>.debug_info</name>
         <load_address>0x27cf</load_address>
         <run_address>0x27cf</run_address>
         <size>0x299</size>
         <input_file_ref idref="fl-3"/>
      </object_component>
      <object_component id="oc-3c">
         <name>.debug_info</name>
         <load_address>0x2a68</load_address>
         <run_address>0x2a68</run_address>
         <size>0x84</size>
         <input_file_ref idref="fl-3"/>
      </object_component>
      <object_component id="oc-1c7">
         <name>.debug_info</name>
         <load_address>0x2aec</load_address>
         <run_address>0x2aec</run_address>
         <size>0x3e4</size>
         <input_file_ref idref="fl-9"/>
      </object_component>
      <object_component id="oc-1c4">
         <name>.debug_info</name>
         <load_address>0x2ed0</load_address>
         <run_address>0x2ed0</run_address>
         <size>0x164</size>
         <input_file_ref idref="fl-9"/>
      </object_component>
      <object_component id="oc-1c9">
         <name>.debug_info</name>
         <load_address>0x3034</load_address>
         <run_address>0x3034</run_address>
         <size>0x2bc</size>
         <input_file_ref idref="fl-9"/>
      </object_component>
      <object_component id="oc-1cf">
         <name>.debug_info</name>
         <load_address>0x32f0</load_address>
         <run_address>0x32f0</run_address>
         <size>0x31f</size>
         <input_file_ref idref="fl-9"/>
      </object_component>
      <object_component id="oc-ce">
         <name>.debug_info</name>
         <load_address>0x360f</load_address>
         <run_address>0x360f</run_address>
         <size>0x29b</size>
         <input_file_ref idref="fl-9"/>
      </object_component>
      <object_component id="oc-c8">
         <name>.debug_info</name>
         <load_address>0x38aa</load_address>
         <run_address>0x38aa</run_address>
         <size>0x289</size>
         <input_file_ref idref="fl-9"/>
      </object_component>
      <object_component id="oc-129">
         <name>.debug_info</name>
         <load_address>0x3b33</load_address>
         <run_address>0x3b33</run_address>
         <size>0x2c4</size>
         <input_file_ref idref="fl-9"/>
      </object_component>
      <object_component id="oc-12e">
         <name>.debug_info</name>
         <load_address>0x3df7</load_address>
         <run_address>0x3df7</run_address>
         <size>0x298</size>
         <input_file_ref idref="fl-9"/>
      </object_component>
      <object_component id="oc-269">
         <name>.debug_info</name>
         <load_address>0x408f</load_address>
         <run_address>0x408f</run_address>
         <size>0x26b</size>
         <input_file_ref idref="fl-9"/>
      </object_component>
      <object_component id="oc-262">
         <name>.debug_info</name>
         <load_address>0x42fa</load_address>
         <run_address>0x42fa</run_address>
         <size>0x297</size>
         <input_file_ref idref="fl-9"/>
      </object_component>
      <object_component id="oc-2c5">
         <name>.debug_info</name>
         <load_address>0x4591</load_address>
         <run_address>0x4591</run_address>
         <size>0xef</size>
         <input_file_ref idref="fl-9"/>
      </object_component>
      <object_component id="oc-186">
         <name>.debug_info</name>
         <load_address>0x4680</load_address>
         <run_address>0x4680</run_address>
         <size>0xbb</size>
         <input_file_ref idref="fl-9"/>
      </object_component>
      <object_component id="oc-1e6">
         <name>.debug_info</name>
         <load_address>0x473b</load_address>
         <run_address>0x473b</run_address>
         <size>0x3b7</size>
         <input_file_ref idref="fl-a"/>
      </object_component>
      <object_component id="oc-1e3">
         <name>.debug_info</name>
         <load_address>0x4af2</load_address>
         <run_address>0x4af2</run_address>
         <size>0x157</size>
         <input_file_ref idref="fl-a"/>
      </object_component>
      <object_component id="oc-1e8">
         <name>.debug_info</name>
         <load_address>0x4c49</load_address>
         <run_address>0x4c49</run_address>
         <size>0x15b</size>
         <input_file_ref idref="fl-a"/>
      </object_component>
      <object_component id="oc-2dd">
         <name>.debug_info</name>
         <load_address>0x4da4</load_address>
         <run_address>0x4da4</run_address>
         <size>0x160</size>
         <input_file_ref idref="fl-a"/>
      </object_component>
      <object_component id="oc-1fa">
         <name>.debug_info</name>
         <load_address>0x4f04</load_address>
         <run_address>0x4f04</run_address>
         <size>0x2ca</size>
         <input_file_ref idref="fl-a"/>
      </object_component>
      <object_component id="oc-ee">
         <name>.debug_info</name>
         <load_address>0x51ce</load_address>
         <run_address>0x51ce</run_address>
         <size>0x2d2</size>
         <input_file_ref idref="fl-a"/>
      </object_component>
      <object_component id="oc-fe">
         <name>.debug_info</name>
         <load_address>0x54a0</load_address>
         <run_address>0x54a0</run_address>
         <size>0x247</size>
         <input_file_ref idref="fl-a"/>
      </object_component>
      <object_component id="oc-f3">
         <name>.debug_info</name>
         <load_address>0x56e7</load_address>
         <run_address>0x56e7</run_address>
         <size>0x271</size>
         <input_file_ref idref="fl-a"/>
      </object_component>
      <object_component id="oc-1c2">
         <name>.debug_info</name>
         <load_address>0x5958</load_address>
         <run_address>0x5958</run_address>
         <size>0x441</size>
         <input_file_ref idref="fl-b"/>
      </object_component>
      <object_component id="oc-1d6">
         <name>.debug_info</name>
         <load_address>0x5d99</load_address>
         <run_address>0x5d99</run_address>
         <size>0x156</size>
         <input_file_ref idref="fl-b"/>
      </object_component>
      <object_component id="oc-104">
         <name>.debug_info</name>
         <load_address>0x5eef</load_address>
         <run_address>0x5eef</run_address>
         <size>0x288</size>
         <input_file_ref idref="fl-b"/>
      </object_component>
      <object_component id="oc-c2">
         <name>.debug_info</name>
         <load_address>0x6177</load_address>
         <run_address>0x6177</run_address>
         <size>0x286</size>
         <input_file_ref idref="fl-b"/>
      </object_component>
      <object_component id="oc-10b">
         <name>.debug_info</name>
         <load_address>0x63fd</load_address>
         <run_address>0x63fd</run_address>
         <size>0x2e4</size>
         <input_file_ref idref="fl-b"/>
      </object_component>
      <object_component id="oc-d5">
         <name>.debug_info</name>
         <load_address>0x66e1</load_address>
         <run_address>0x66e1</run_address>
         <size>0x2be</size>
         <input_file_ref idref="fl-b"/>
      </object_component>
      <object_component id="oc-2c1">
         <name>.debug_info</name>
         <load_address>0x699f</load_address>
         <run_address>0x699f</run_address>
         <size>0x51</size>
         <input_file_ref idref="fl-b"/>
      </object_component>
      <object_component id="oc-1f7">
         <name>.debug_info</name>
         <load_address>0x69f0</load_address>
         <run_address>0x69f0</run_address>
         <size>0x346</size>
         <input_file_ref idref="fl-c"/>
      </object_component>
      <object_component id="oc-112">
         <name>.debug_info</name>
         <load_address>0x6d36</load_address>
         <run_address>0x6d36</run_address>
         <size>0x26a</size>
         <input_file_ref idref="fl-c"/>
      </object_component>
      <object_component id="oc-116">
         <name>.debug_info</name>
         <load_address>0x6fa0</load_address>
         <run_address>0x6fa0</run_address>
         <size>0x280</size>
         <input_file_ref idref="fl-c"/>
      </object_component>
      <object_component id="oc-11d">
         <name>.debug_info</name>
         <load_address>0x7220</load_address>
         <run_address>0x7220</run_address>
         <size>0x230</size>
         <input_file_ref idref="fl-c"/>
      </object_component>
      <object_component id="oc-122">
         <name>.debug_info</name>
         <load_address>0x7450</load_address>
         <run_address>0x7450</run_address>
         <size>0x22a</size>
         <input_file_ref idref="fl-c"/>
      </object_component>
      <object_component id="oc-18b">
         <name>.debug_info</name>
         <load_address>0x767a</load_address>
         <run_address>0x767a</run_address>
         <size>0x3cb</size>
         <input_file_ref idref="fl-d"/>
      </object_component>
      <object_component id="oc-a4">
         <name>.debug_info</name>
         <load_address>0x7a45</load_address>
         <run_address>0x7a45</run_address>
         <size>0x288</size>
         <input_file_ref idref="fl-d"/>
      </object_component>
      <object_component id="oc-e6">
         <name>.debug_info</name>
         <load_address>0x7ccd</load_address>
         <run_address>0x7ccd</run_address>
         <size>0x298</size>
         <input_file_ref idref="fl-d"/>
      </object_component>
      <object_component id="oc-aa">
         <name>.debug_info</name>
         <load_address>0x7f65</load_address>
         <run_address>0x7f65</run_address>
         <size>0x296</size>
         <input_file_ref idref="fl-d"/>
      </object_component>
      <object_component id="oc-e0">
         <name>.debug_info</name>
         <load_address>0x81fb</load_address>
         <run_address>0x81fb</run_address>
         <size>0x258</size>
         <input_file_ref idref="fl-d"/>
      </object_component>
      <object_component id="oc-f8">
         <name>.debug_info</name>
         <load_address>0x8453</load_address>
         <run_address>0x8453</run_address>
         <size>0x250</size>
         <input_file_ref idref="fl-d"/>
      </object_component>
      <object_component id="oc-1da">
         <name>.debug_info</name>
         <load_address>0x86a3</load_address>
         <run_address>0x86a3</run_address>
         <size>0x252</size>
         <input_file_ref idref="fl-d"/>
      </object_component>
      <object_component id="oc-da">
         <name>.debug_info</name>
         <load_address>0x88f5</load_address>
         <run_address>0x88f5</run_address>
         <size>0x32f</size>
         <input_file_ref idref="fl-d"/>
      </object_component>
      <object_component id="oc-bc">
         <name>.debug_info</name>
         <load_address>0x8c24</load_address>
         <run_address>0x8c24</run_address>
         <size>0x25c</size>
         <input_file_ref idref="fl-d"/>
      </object_component>
      <object_component id="oc-76">
         <name>.debug_info</name>
         <load_address>0x8e80</load_address>
         <run_address>0x8e80</run_address>
         <size>0x27c</size>
         <input_file_ref idref="fl-d"/>
      </object_component>
      <object_component id="oc-b0">
         <name>.debug_info</name>
         <load_address>0x90fc</load_address>
         <run_address>0x90fc</run_address>
         <size>0x256</size>
         <input_file_ref idref="fl-d"/>
      </object_component>
      <object_component id="oc-1ee">
         <name>.debug_info</name>
         <load_address>0x9352</load_address>
         <run_address>0x9352</run_address>
         <size>0x21b</size>
         <input_file_ref idref="fl-e"/>
      </object_component>
      <object_component id="oc-1b1">
         <name>.debug_info</name>
         <load_address>0x956d</load_address>
         <run_address>0x956d</run_address>
         <size>0x37a</size>
         <input_file_ref idref="fl-c4"/>
      </object_component>
      <object_component id="oc-97">
         <name>.debug_info</name>
         <load_address>0x98e7</load_address>
         <run_address>0x98e7</run_address>
         <size>0x17e</size>
         <input_file_ref idref="fl-c4"/>
      </object_component>
      <object_component id="oc-1a5">
         <name>.debug_info</name>
         <load_address>0x9a65</load_address>
         <run_address>0x9a65</run_address>
         <size>0x171</size>
         <input_file_ref idref="fl-c4"/>
      </object_component>
      <object_component id="oc-1a2">
         <name>.debug_info</name>
         <load_address>0x9bd6</load_address>
         <run_address>0x9bd6</run_address>
         <size>0x17e</size>
         <input_file_ref idref="fl-c4"/>
      </object_component>
      <object_component id="oc-1ad">
         <name>.debug_info</name>
         <load_address>0x9d54</load_address>
         <run_address>0x9d54</run_address>
         <size>0x1de</size>
         <input_file_ref idref="fl-c4"/>
      </object_component>
      <object_component id="oc-139">
         <name>.debug_info</name>
         <load_address>0x9f32</load_address>
         <run_address>0x9f32</run_address>
         <size>0x13a</size>
         <input_file_ref idref="fl-c5"/>
      </object_component>
      <object_component id="oc-13e">
         <name>.debug_info</name>
         <load_address>0xa06c</load_address>
         <run_address>0xa06c</run_address>
         <size>0x13a</size>
         <input_file_ref idref="fl-c6"/>
      </object_component>
      <object_component id="oc-144">
         <name>.debug_info</name>
         <load_address>0xa1a6</load_address>
         <run_address>0xa1a6</run_address>
         <size>0x13e</size>
         <input_file_ref idref="fl-c7"/>
      </object_component>
      <object_component id="oc-135">
         <name>.debug_info</name>
         <load_address>0xa2e4</load_address>
         <run_address>0xa2e4</run_address>
         <size>0x12c</size>
         <input_file_ref idref="fl-c8"/>
      </object_component>
      <object_component id="oc-7d">
         <name>.debug_info</name>
         <load_address>0xa410</load_address>
         <run_address>0xa410</run_address>
         <size>0x147</size>
         <input_file_ref idref="fl-c9"/>
      </object_component>
      <object_component id="oc-171">
         <name>.debug_info</name>
         <load_address>0xa557</load_address>
         <run_address>0xa557</run_address>
         <size>0x2d4</size>
         <input_file_ref idref="fl-ca"/>
      </object_component>
      <object_component id="oc-4e">
         <name>.debug_info</name>
         <load_address>0xa82b</load_address>
         <run_address>0xa82b</run_address>
         <size>0x1d2</size>
         <input_file_ref idref="fl-ca"/>
      </object_component>
      <object_component id="oc-16c">
         <name>.debug_info</name>
         <load_address>0xa9fd</load_address>
         <run_address>0xa9fd</run_address>
         <size>0x46</size>
         <input_file_ref idref="fl-ca"/>
      </object_component>
      <object_component id="oc-4c">
         <name>.debug_info</name>
         <load_address>0xaa43</load_address>
         <run_address>0xaa43</run_address>
         <size>0x2a8</size>
         <input_file_ref idref="fl-cb"/>
      </object_component>
      <object_component id="oc-1d">
         <name>.debug_info</name>
         <load_address>0xaceb</load_address>
         <run_address>0xaceb</run_address>
         <size>0x1ea</size>
         <input_file_ref idref="fl-cb"/>
      </object_component>
      <object_component id="oc-47">
         <name>.debug_info</name>
         <load_address>0xaed5</load_address>
         <run_address>0xaed5</run_address>
         <size>0x46</size>
         <input_file_ref idref="fl-cb"/>
      </object_component>
      <object_component id="oc-164">
         <name>.debug_info</name>
         <load_address>0xaf1b</load_address>
         <run_address>0xaf1b</run_address>
         <size>0x2c</size>
         <input_file_ref idref="fl-cb"/>
      </object_component>
      <object_component id="oc-162">
         <name>.debug_info</name>
         <load_address>0xaf47</load_address>
         <run_address>0xaf47</run_address>
         <size>0x29e</size>
         <input_file_ref idref="fl-cc"/>
      </object_component>
      <object_component id="oc-17">
         <name>.debug_info</name>
         <load_address>0xb1e5</load_address>
         <run_address>0xb1e5</run_address>
         <size>0x250</size>
         <input_file_ref idref="fl-cc"/>
      </object_component>
      <object_component id="oc-37">
         <name>.debug_info</name>
         <load_address>0xb435</load_address>
         <run_address>0xb435</run_address>
         <size>0x60</size>
         <input_file_ref idref="fl-cc"/>
      </object_component>
      <object_component id="oc-21a">
         <name>.debug_info</name>
         <load_address>0xb495</load_address>
         <run_address>0xb495</run_address>
         <size>0x46</size>
         <input_file_ref idref="fl-cc"/>
      </object_component>
      <object_component id="oc-15d">
         <name>.debug_info</name>
         <load_address>0xb4db</load_address>
         <run_address>0xb4db</run_address>
         <size>0x39</size>
         <input_file_ref idref="fl-cc"/>
      </object_component>
      <object_component id="oc-270">
         <name>.debug_info</name>
         <load_address>0xb514</load_address>
         <run_address>0xb514</run_address>
         <size>0xf9</size>
         <input_file_ref idref="fl-cd"/>
      </object_component>
      <object_component id="oc-18e">
         <name>.debug_info</name>
         <load_address>0xb60d</load_address>
         <run_address>0xb60d</run_address>
         <size>0x105</size>
         <input_file_ref idref="fl-cd"/>
      </object_component>
      <object_component id="oc-191">
         <name>.debug_info</name>
         <load_address>0xb712</load_address>
         <run_address>0xb712</run_address>
         <size>0x2b6</size>
         <input_file_ref idref="fl-ce"/>
      </object_component>
      <object_component id="oc-81">
         <name>.debug_info</name>
         <load_address>0xb9c8</load_address>
         <run_address>0xb9c8</run_address>
         <size>0x154</size>
         <input_file_ref idref="fl-ce"/>
      </object_component>
      <object_component id="oc-193">
         <name>.debug_info</name>
         <load_address>0xbb1c</load_address>
         <run_address>0xbb1c</run_address>
         <size>0x2b6</size>
         <input_file_ref idref="fl-cf"/>
      </object_component>
      <object_component id="oc-86">
         <name>.debug_info</name>
         <load_address>0xbdd2</load_address>
         <run_address>0xbdd2</run_address>
         <size>0x154</size>
         <input_file_ref idref="fl-cf"/>
      </object_component>
      <object_component id="oc-1b8">
         <name>.debug_info</name>
         <load_address>0xbf26</load_address>
         <run_address>0xbf26</run_address>
         <size>0x28e</size>
         <input_file_ref idref="fl-d0"/>
      </object_component>
      <object_component id="oc-9c">
         <name>.debug_info</name>
         <load_address>0xc1b4</load_address>
         <run_address>0xc1b4</run_address>
         <size>0x1df</size>
         <input_file_ref idref="fl-d0"/>
      </object_component>
      <object_component id="oc-195">
         <name>.debug_info</name>
         <load_address>0xc393</load_address>
         <run_address>0xc393</run_address>
         <size>0x2a4</size>
         <input_file_ref idref="fl-d1"/>
      </object_component>
      <object_component id="oc-8d">
         <name>.debug_info</name>
         <load_address>0xc637</load_address>
         <run_address>0xc637</run_address>
         <size>0x24d</size>
         <input_file_ref idref="fl-d1"/>
      </object_component>
      <object_component id="oc-1bf">
         <name>.debug_info</name>
         <load_address>0xc884</load_address>
         <run_address>0xc884</run_address>
         <size>0x2b6</size>
         <input_file_ref idref="fl-d2"/>
      </object_component>
      <object_component id="oc-b7">
         <name>.debug_info</name>
         <load_address>0xcb3a</load_address>
         <run_address>0xcb3a</run_address>
         <size>0x154</size>
         <input_file_ref idref="fl-d2"/>
      </object_component>
      <object_component id="oc-25">
         <name>.debug_info</name>
         <load_address>0xcc8e</load_address>
         <run_address>0xcc8e</run_address>
         <size>0x10b</size>
         <input_file_ref idref="fl-d3"/>
      </object_component>
      <object_component id="oc-61">
         <name>.debug_info</name>
         <load_address>0xcd99</load_address>
         <run_address>0xcd99</run_address>
         <size>0x1a9</size>
         <input_file_ref idref="fl-d3"/>
      </object_component>
      <object_component id="oc-2af">
         <name>.debug_info</name>
         <load_address>0xcf42</load_address>
         <run_address>0xcf42</run_address>
         <size>0x5ce</size>
         <input_file_ref idref="fl-d4"/>
      </object_component>
      <object_component id="oc-199">
         <name>.debug_info</name>
         <load_address>0xd510</load_address>
         <run_address>0xd510</run_address>
         <size>0xa45</size>
         <input_file_ref idref="fl-d4"/>
      </object_component>
      <object_component id="oc-2b1">
         <name>.debug_info</name>
         <load_address>0xdf55</load_address>
         <run_address>0xdf55</run_address>
         <size>0x9a</size>
         <input_file_ref idref="fl-d4"/>
      </object_component>
      <object_component id="oc-33f">
         <name>.debug_info</name>
         <load_address>0xdfef</load_address>
         <run_address>0xdfef</run_address>
         <size>0x39</size>
         <input_file_ref idref="fl-d4"/>
      </object_component>
      <object_component id="oc-33a">
         <name>.debug_info</name>
         <load_address>0xe028</load_address>
         <run_address>0xe028</run_address>
         <size>0x2c</size>
         <input_file_ref idref="fl-d4"/>
      </object_component>
      <object_component id="oc-42">
         <name>.debug_info</name>
         <load_address>0xe054</load_address>
         <run_address>0xe054</run_address>
         <size>0x119</size>
         <input_file_ref idref="fl-d5"/>
      </object_component>
      <object_component id="oc-2eb">
         <name>.debug_info</name>
         <load_address>0xe16d</load_address>
         <run_address>0xe16d</run_address>
         <size>0x4b3</size>
         <input_file_ref idref="fl-d6"/>
      </object_component>
      <object_component id="oc-233">
         <name>.debug_info</name>
         <load_address>0xe620</load_address>
         <run_address>0xe620</run_address>
         <size>0x1a6</size>
         <input_file_ref idref="fl-d6"/>
      </object_component>
      <object_component id="oc-356">
         <name>.debug_info</name>
         <load_address>0xe7c6</load_address>
         <run_address>0xe7c6</run_address>
         <size>0x39</size>
         <input_file_ref idref="fl-d6"/>
      </object_component>
      <object_component id="oc-399">
         <name>.debug_info</name>
         <load_address>0xe7ff</load_address>
         <run_address>0xe7ff</run_address>
         <size>0x39</size>
         <input_file_ref idref="fl-d6"/>
      </object_component>
      <object_component id="oc-35b">
         <name>.debug_info</name>
         <load_address>0xe838</load_address>
         <run_address>0xe838</run_address>
         <size>0x39</size>
         <input_file_ref idref="fl-d6"/>
      </object_component>
      <object_component id="oc-360">
         <name>.debug_info</name>
         <load_address>0xe871</load_address>
         <run_address>0xe871</run_address>
         <size>0xcd</size>
         <input_file_ref idref="fl-d6"/>
      </object_component>
      <object_component id="oc-174">
         <name>.debug_info</name>
         <load_address>0xe93e</load_address>
         <run_address>0xe93e</run_address>
         <size>0x153</size>
         <input_file_ref idref="fl-d7"/>
      </object_component>
      <object_component id="oc-228">
         <name>.debug_info</name>
         <load_address>0xea91</load_address>
         <run_address>0xea91</run_address>
         <size>0x122</size>
         <input_file_ref idref="fl-d9"/>
      </object_component>
      <object_component id="oc-333">
         <name>.debug_info</name>
         <load_address>0xebb3</load_address>
         <run_address>0xebb3</run_address>
         <size>0x2b9</size>
         <input_file_ref idref="fl-dc"/>
      </object_component>
      <object_component id="oc-29e">
         <name>.debug_info</name>
         <load_address>0xee6c</load_address>
         <run_address>0xee6c</run_address>
         <size>0x17c</size>
         <input_file_ref idref="fl-dc"/>
      </object_component>
      <object_component id="oc-337">
         <name>.debug_info</name>
         <load_address>0xefe8</load_address>
         <run_address>0xefe8</run_address>
         <size>0x29a</size>
         <input_file_ref idref="fl-dd"/>
      </object_component>
      <object_component id="oc-2a8">
         <name>.debug_info</name>
         <load_address>0xf282</load_address>
         <run_address>0xf282</run_address>
         <size>0x262</size>
         <input_file_ref idref="fl-dd"/>
      </object_component>
      <object_component id="oc-331">
         <name>.debug_info</name>
         <load_address>0xf4e4</load_address>
         <run_address>0xf4e4</run_address>
         <size>0x28f</size>
         <input_file_ref idref="fl-de"/>
      </object_component>
      <object_component id="oc-299">
         <name>.debug_info</name>
         <load_address>0xf773</load_address>
         <run_address>0xf773</run_address>
         <size>0x245</size>
         <input_file_ref idref="fl-de"/>
      </object_component>
      <object_component id="oc-335">
         <name>.debug_info</name>
         <load_address>0xf9b8</load_address>
         <run_address>0xf9b8</run_address>
         <size>0x296</size>
         <input_file_ref idref="fl-df"/>
      </object_component>
      <object_component id="oc-2a4">
         <name>.debug_info</name>
         <load_address>0xfc4e</load_address>
         <run_address>0xfc4e</run_address>
         <size>0x265</size>
         <input_file_ref idref="fl-df"/>
      </object_component>
      <object_component id="oc-32a">
         <name>.debug_info</name>
         <load_address>0xfeb3</load_address>
         <run_address>0xfeb3</run_address>
         <size>0x3b1</size>
         <input_file_ref idref="fl-e0"/>
      </object_component>
      <object_component id="oc-327">
         <name>.debug_info</name>
         <load_address>0x10264</load_address>
         <run_address>0x10264</run_address>
         <size>0x123</size>
         <input_file_ref idref="fl-e0"/>
      </object_component>
      <object_component id="oc-285">
         <name>.debug_info</name>
         <load_address>0x10387</load_address>
         <run_address>0x10387</run_address>
         <size>0x4e0</size>
         <input_file_ref idref="fl-e0"/>
      </object_component>
      <object_component id="oc-32d">
         <name>.debug_info</name>
         <load_address>0x10867</load_address>
         <run_address>0x10867</run_address>
         <size>0x321</size>
         <input_file_ref idref="fl-e1"/>
      </object_component>
      <object_component id="oc-28a">
         <name>.debug_info</name>
         <load_address>0x10b88</load_address>
         <run_address>0x10b88</run_address>
         <size>0x28b</size>
         <input_file_ref idref="fl-e1"/>
      </object_component>
      <object_component id="oc-32f">
         <name>.debug_info</name>
         <load_address>0x10e13</load_address>
         <run_address>0x10e13</run_address>
         <size>0x322</size>
         <input_file_ref idref="fl-e2"/>
      </object_component>
      <object_component id="oc-291">
         <name>.debug_info</name>
         <load_address>0x11135</load_address>
         <run_address>0x11135</run_address>
         <size>0x2cf</size>
         <input_file_ref idref="fl-e2"/>
      </object_component>
      <object_component id="oc-315">
         <name>.debug_info</name>
         <load_address>0x11404</load_address>
         <run_address>0x11404</run_address>
         <size>0x322</size>
         <input_file_ref idref="fl-e3"/>
      </object_component>
      <object_component id="oc-27f">
         <name>.debug_info</name>
         <load_address>0x11726</load_address>
         <run_address>0x11726</run_address>
         <size>0x231</size>
         <input_file_ref idref="fl-e3"/>
      </object_component>
      <object_component id="oc-313">
         <name>.debug_info</name>
         <load_address>0x11957</load_address>
         <run_address>0x11957</run_address>
         <size>0x323</size>
         <input_file_ref idref="fl-e4"/>
      </object_component>
      <object_component id="oc-27a">
         <name>.debug_info</name>
         <load_address>0x11c7a</load_address>
         <run_address>0x11c7a</run_address>
         <size>0x254</size>
         <input_file_ref idref="fl-e4"/>
      </object_component>
      <object_component id="oc-372">
         <name>.debug_info</name>
         <load_address>0x11ece</load_address>
         <run_address>0x11ece</run_address>
         <size>0x289</size>
         <input_file_ref idref="fl-e5"/>
      </object_component>
      <object_component id="oc-36f">
         <name>.debug_info</name>
         <load_address>0x12157</load_address>
         <run_address>0x12157</run_address>
         <size>0x10e</size>
         <input_file_ref idref="fl-e5"/>
      </object_component>
      <object_component id="oc-310">
         <name>.debug_info</name>
         <load_address>0x12265</load_address>
         <run_address>0x12265</run_address>
         <size>0x14e</size>
         <input_file_ref idref="fl-e5"/>
      </object_component>
      <object_component id="oc-380">
         <name>.debug_info</name>
         <load_address>0x123b3</load_address>
         <run_address>0x123b3</run_address>
         <size>0x2f8</size>
         <input_file_ref idref="fl-e6"/>
      </object_component>
      <object_component id="oc-322">
         <name>.debug_info</name>
         <load_address>0x126ab</load_address>
         <run_address>0x126ab</run_address>
         <size>0x225</size>
         <input_file_ref idref="fl-e6"/>
      </object_component>
      <object_component id="oc-3ad">
         <name>.debug_info</name>
         <load_address>0x128d0</load_address>
         <run_address>0x128d0</run_address>
         <size>0x39</size>
         <input_file_ref idref="fl-e6"/>
      </object_component>
      <object_component id="oc-381">
         <name>.debug_info</name>
         <load_address>0x12909</load_address>
         <run_address>0x12909</run_address>
         <size>0x2c</size>
         <input_file_ref idref="fl-e6"/>
      </object_component>
      <object_component id="oc-317">
         <name>.debug_info</name>
         <load_address>0x12935</load_address>
         <run_address>0x12935</run_address>
         <size>0x14c</size>
         <input_file_ref idref="fl-e7"/>
      </object_component>
      <object_component id="oc-31c">
         <name>.debug_info</name>
         <load_address>0x12a81</load_address>
         <run_address>0x12a81</run_address>
         <size>0x128</size>
         <input_file_ref idref="fl-e8"/>
      </object_component>
      <object_component id="oc-303">
         <name>.debug_info</name>
         <load_address>0x12ba9</load_address>
         <run_address>0x12ba9</run_address>
         <size>0x122</size>
         <input_file_ref idref="fl-e9"/>
      </object_component>
      <object_component id="oc-309">
         <name>.debug_info</name>
         <load_address>0x12ccb</load_address>
         <run_address>0x12ccb</run_address>
         <size>0x134</size>
         <input_file_ref idref="fl-ea"/>
      </object_component>
      <object_component id="oc-37b">
         <name>.debug_info</name>
         <load_address>0x12dff</load_address>
         <run_address>0x12dff</run_address>
         <size>0x161</size>
         <input_file_ref idref="fl-eb"/>
      </object_component>
      <object_component id="oc-36b">
         <name>.debug_info</name>
         <load_address>0x12f60</load_address>
         <run_address>0x12f60</run_address>
         <size>0x115</size>
         <input_file_ref idref="fl-ec"/>
      </object_component>
      <object_component id="oc-3e1">
         <name>.debug_info</name>
         <load_address>0x13075</load_address>
         <run_address>0x13075</run_address>
         <size>0xd0</size>
      </object_component>
      <object_component id="oc-20a">
         <name>.debug_line</name>
         <load_address>0x0</load_address>
         <run_address>0x0</run_address>
         <size>0x238</size>
         <input_file_ref idref="fl-2"/>
      </object_component>
      <object_component id="oc-1ba">
         <name>.debug_line</name>
         <load_address>0x238</load_address>
         <run_address>0x238</run_address>
         <size>0x2d</size>
         <input_file_ref idref="fl-2"/>
      </object_component>
      <object_component id="oc-197">
         <name>.debug_line</name>
         <load_address>0x265</load_address>
         <run_address>0x265</run_address>
         <size>0x2d</size>
         <input_file_ref idref="fl-2"/>
      </object_component>
      <object_component id="oc-208">
         <name>.debug_line</name>
         <load_address>0x292</load_address>
         <run_address>0x292</run_address>
         <size>0x2d</size>
         <input_file_ref idref="fl-2"/>
      </object_component>
      <object_component id="oc-2e">
         <name>.debug_line</name>
         <load_address>0x2bf</load_address>
         <run_address>0x2bf</run_address>
         <size>0x3eb</size>
         <input_file_ref idref="fl-2"/>
      </object_component>
      <object_component id="oc-15b">
         <name>.debug_line</name>
         <load_address>0x6aa</load_address>
         <run_address>0x6aa</run_address>
         <size>0x6f</size>
         <input_file_ref idref="fl-2"/>
      </object_component>
      <object_component id="oc-14e">
         <name>.debug_line</name>
         <load_address>0x719</load_address>
         <run_address>0x719</run_address>
         <size>0x20</size>
         <input_file_ref idref="fl-2"/>
      </object_component>
      <object_component id="oc-218">
         <name>.debug_line</name>
         <load_address>0x739</load_address>
         <run_address>0x739</run_address>
         <size>0x73</size>
         <input_file_ref idref="fl-2"/>
      </object_component>
      <object_component id="oc-154">
         <name>.debug_line</name>
         <load_address>0x7ac</load_address>
         <run_address>0x7ac</run_address>
         <size>0x70</size>
         <input_file_ref idref="fl-2"/>
      </object_component>
      <object_component id="oc-213">
         <name>.debug_line</name>
         <load_address>0x81c</load_address>
         <run_address>0x81c</run_address>
         <size>0x6b</size>
         <input_file_ref idref="fl-2"/>
      </object_component>
      <object_component id="oc-1b5">
         <name>.debug_line</name>
         <load_address>0x887</load_address>
         <run_address>0x887</run_address>
         <size>0x6b</size>
         <input_file_ref idref="fl-2"/>
      </object_component>
      <object_component id="oc-20e">
         <name>.debug_line</name>
         <load_address>0x8f2</load_address>
         <run_address>0x8f2</run_address>
         <size>0x74</size>
         <input_file_ref idref="fl-2"/>
      </object_component>
      <object_component id="oc-157">
         <name>.debug_line</name>
         <load_address>0x966</load_address>
         <run_address>0x966</run_address>
         <size>0x41</size>
         <input_file_ref idref="fl-3"/>
      </object_component>
      <object_component id="oc-34">
         <name>.debug_line</name>
         <load_address>0x9a7</load_address>
         <run_address>0x9a7</run_address>
         <size>0x41</size>
         <input_file_ref idref="fl-3"/>
      </object_component>
      <object_component id="oc-2c">
         <name>.debug_line</name>
         <load_address>0x9e8</load_address>
         <run_address>0x9e8</run_address>
         <size>0xa1</size>
         <input_file_ref idref="fl-3"/>
      </object_component>
      <object_component id="oc-3f">
         <name>.debug_line</name>
         <load_address>0xa89</load_address>
         <run_address>0xa89</run_address>
         <size>0x20</size>
         <input_file_ref idref="fl-3"/>
      </object_component>
      <object_component id="oc-2cd">
         <name>.debug_line</name>
         <load_address>0xaa9</load_address>
         <run_address>0xaa9</run_address>
         <size>0x82</size>
         <input_file_ref idref="fl-9"/>
      </object_component>
      <object_component id="oc-2cb">
         <name>.debug_line</name>
         <load_address>0xb2b</load_address>
         <run_address>0xb2b</run_address>
         <size>0x7d</size>
         <input_file_ref idref="fl-9"/>
      </object_component>
      <object_component id="oc-1cc">
         <name>.debug_line</name>
         <load_address>0xba8</load_address>
         <run_address>0xba8</run_address>
         <size>0x95</size>
         <input_file_ref idref="fl-9"/>
      </object_component>
      <object_component id="oc-1d2">
         <name>.debug_line</name>
         <load_address>0xc3d</load_address>
         <run_address>0xc3d</run_address>
         <size>0xc4</size>
         <input_file_ref idref="fl-9"/>
      </object_component>
      <object_component id="oc-d1">
         <name>.debug_line</name>
         <load_address>0xd01</load_address>
         <run_address>0xd01</run_address>
         <size>0x99</size>
         <input_file_ref idref="fl-9"/>
      </object_component>
      <object_component id="oc-cb">
         <name>.debug_line</name>
         <load_address>0xd9a</load_address>
         <run_address>0xd9a</run_address>
         <size>0xa7</size>
         <input_file_ref idref="fl-9"/>
      </object_component>
      <object_component id="oc-128">
         <name>.debug_line</name>
         <load_address>0xe41</load_address>
         <run_address>0xe41</run_address>
         <size>0x95</size>
         <input_file_ref idref="fl-9"/>
      </object_component>
      <object_component id="oc-131">
         <name>.debug_line</name>
         <load_address>0xed6</load_address>
         <run_address>0xed6</run_address>
         <size>0x92</size>
         <input_file_ref idref="fl-9"/>
      </object_component>
[...]
      </symbol>
      <symbol id="sm-12b">
         <name>command</name>
         <value>0x20000498</value>
         <object_component_ref idref="oc-a0"/>
      </symbol>
      <symbol id="sm-12c">
         <name>colour</name>
         <value>0x200004c8</value>
         <object_component_ref idref="oc-91"/>
      </symbol>
      <symbol id="sm-12d">
         <name>stopwatch_stop</name>
         <value>0x519</value>
         <object_component_ref idref="oc-2d"/>
      </symbol>
      <symbol id="sm-12e">
         <name>stopwatch_pause</name>
         <value>0x551</value>
         <object_component_ref idref="oc-2d"/>
      </symbol>
      <symbol id="sm-12f">
         <name>clearBuffer</name>
         <value>0x401</value>
         <object_component_ref idref="oc-2d"/>
      </symbol>
      <symbol id="sm-130">
         <name>verification_Command</name>
         <value>0x415</value>
         <object_component_ref idref="oc-2d"/>
      </symbol>
      <symbol id="sm-131">
         <name>START_STOP_FLAG</name>
         <value>0x200004c3</value>
         <object_component_ref idref="oc-91"/>
      </symbol>
      <symbol id="sm-132">
         <name>TIMEOUT_FLAG</name>
         <value>0x200004c1</value>
         <object_component_ref idref="oc-91"/>
      </symbol>
      <symbol id="sm-133">
         <name>main</name>
         <value>0xc71</value>
         <object_component_ref idref="oc-2d"/>
      </symbol>
      <symbol id="sm-134">
         <name>commandIndex</name>
         <value>0x200004b8</value>
         <object_component_ref idref="oc-91"/>
      </symbol>
      <symbol id="sm-135">
         <name>delay</name>
         <value>0x3af</value>
         <object_component_ref idref="oc-2d"/>
      </symbol>
      <symbol id="sm-136">
         <name>toggler</name>
         <value>0x26d</value>
         <object_component_ref idref="oc-2d"/>
      </symbol>
      <symbol id="sm-137">
         <name>stopwatch_set</name>
         <value>0x489</value>
         <object_component_ref idref="oc-2d"/>
      </symbol>
      <symbol id="sm-138">
         <name>UART0_Handler</name>
         <value>0x67d</value>
         <object_component_ref idref="oc-2d"/>
      </symbol>
      <symbol id="sm-139">
         <name>stopwatch_start</name>
         <value>0x4dd</value>
         <object_component_ref idref="oc-2d"/>
      </symbol>
      <symbol id="sm-13a">
         <name>stopwatch_resume</name>
         <value>0x581</value>
         <object_component_ref idref="oc-2d"/>
      </symbol>
      <symbol id="sm-13b">
         <name>LED_status_flag</name>
         <value>0x200004c4</value>
         <object_component_ref idref="oc-91"/>
      </symbol>
      <symbol id="sm-13c">
         <name>init_pwm_adc</name>
         <value>0xaa1</value>
         <object_component_ref idref="oc-2d"/>
      </symbol>
      <symbol id="sm-13d">
         <name>Init_Port</name>
         <value>0x9c5</value>
         <object_component_ref idref="oc-2d"/>
      </symbol>
      <symbol id="sm-13e">
         <name>display</name>
         <value>0xbe5</value>
         <object_component_ref idref="oc-2d"/>
      </symbol>
      <symbol id="sm-13f">
         <name>validate_stopwatch_command</name>
         <value>0x5e5</value>
         <object_component_ref idref="oc-2d"/>
      </symbol>
      <symbol id="sm-140">
         <name>swt</name>
         <value>0x311</value>
         <object_component_ref idref="oc-2d"/>
      </symbol>
      <symbol id="sm-141">
         <name>PortF_Handler</name>
         <value>0x2ab</value>
         <object_component_ref idref="oc-2d"/>
      </symbol>
      <symbol id="sm-142">
         <name>PLAY_PAUSE_FLAG</name>
         <value>0x200004c2</value>
         <object_component_ref idref="oc-91"/>
      </symbol>
      <symbol id="sm-143">
         <name>init_uart</name>
         <value>0x855</value>
         <object_component_ref idref="oc-2d"/>
      </symbol>
      <symbol id="sm-144">
         <name>segment_number</name>
         <value>0x20000470</value>
         <object_component_ref idref="oc-147"/>
      </symbol>
      <symbol id="sm-145">
         <name>int_systick_timer</name>
         <value>0x8df</value>
         <object_component_ref idref="oc-2d"/>
      </symbol>
      <symbol id="sm-146">
         <name>MOTOR_RUNINNING_SATUS_FLAG</name>
         <value>0x200004c0</value>
         <object_component_ref idref="oc-91"/>
      </symbol>
      <symbol id="sm-147">
         <name>time</name>
         <value>0x200004bc</value>
         <object_component_ref idref="oc-91"/>
      </symbol>
      <symbol id="sm-148">
         <name>run_command</name>
         <value>0x661</value>
         <object_component_ref idref="oc-2d"/>
      </symbol>
      <symbol id="sm-169">
         <name>ResetISR</name>
         <value>0x341d</value>
         <object_component_ref idref="oc-27"/>
      </symbol>
      <symbol id="sm-16a">
         <name>g_pfnVectors</name>
         <value>0x0</value>
         <object_component_ref idref="oc-12"/>
      </symbol>
      <symbol id="sm-1c8">
         <name>GPIOPinConfigure</name>
         <value>0x2f75</value>
         <object_component_ref idref="oc-c7"/>
      </symbol>
      <symbol id="sm-1c9">
         <name>GPIOIntEnable</name>
         <value>0x3411</value>
         <object_component_ref idref="oc-12d"/>
      </symbol>
      <symbol id="sm-1ca">
         <name>GPIOIntTypeSet</name>
         <value>0x2f1d</value>
         <object_component_ref idref="oc-127"/>
      </symbol>
      <symbol id="sm-1cb">
         <name>GPIOPinTypeUART</name>
         <value>0x32f3</value>
         <object_component_ref idref="oc-cd"/>
      </symbol>
      <symbol id="sm-1cc">
         <name>GPIODirModeSet</name>
         <value>0x3201</value>
         <object_component_ref idref="oc-1c8"/>
      </symbol>
      <symbol id="sm-1cd">
         <name>GPIOPadConfigSet</name>
         <value>0x20ed</value>
         <object_component_ref idref="oc-1ce"/>
      </symbol>
      <symbol id="sm-218">
         <name>IntPrioritySet</name>
         <value>0x322d</value>
         <object_component_ref idref="oc-eb"/>
      </symbol>
      <symbol id="sm-219">
         <name>IntEnable</name>
         <value>0x2de5</value>
         <object_component_ref idref="oc-f1"/>
      </symbol>
      <symbol id="sm-21a">
         <name>IntRegister</name>
         <value>0x3109</value>
         <object_component_ref idref="oc-1f8"/>
      </symbol>
      <symbol id="sm-21b">
         <name>g_pfnRAMVectors</name>
         <value>0x20000000</value>
         <object_component_ref idref="oc-2dc"/>
      </symbol>
      <symbol id="sm-21c">
         <name>IntMasterEnable</name>
         <value>0x3397</value>
         <object_component_ref idref="oc-fd"/>
      </symbol>
      <symbol id="sm-27a">
         <name>SysCtlClockSet</name>
         <value>0x2a51</value>
         <object_component_ref idref="oc-109"/>
      </symbol>
      <symbol id="sm-27b">
         <name>SysCtlDelay</name>
         <value>0x3469</value>
         <object_component_ref idref="oc-1f4"/>
      </symbol>
      <symbol id="sm-27c">
         <name>SysCtlPeripheralEnable</name>
         <value>0x313d</value>
         <object_component_ref idref="oc-c1"/>
      </symbol>
      <symbol id="sm-27d">
         <name>SysCtlClockGet</name>
         <value>0x261d</value>
         <object_component_ref idref="oc-d3"/>
      </symbol>
      <symbol id="sm-27e">
         <name>SysCtlPeripheralReady</name>
         <value>0x3099</value>
         <object_component_ref idref="oc-103"/>
      </symbol>
      <symbol id="sm-2ab">
         <name>SysTickEnable</name>
         <value>0x3321</value>
         <object_component_ref idref="oc-121"/>
      </symbol>
      <symbol id="sm-2ac">
         <name>SysTickIntRegister</name>
         <value>0x3271</value>
         <object_component_ref idref="oc-115"/>
      </symbol>
      <symbol id="sm-2ad">
         <name>SysTickIntEnable</name>
         <value>0x3335</value>
         <object_component_ref idref="oc-11b"/>
      </symbol>
      <symbol id="sm-2ae">
         <name>SysTickPeriodSet</name>
         <value>0x33a9</value>
         <object_component_ref idref="oc-10f"/>
      </symbol>
      <symbol id="sm-309">
         <name>UARTConfigSetExpClk</name>
         <value>0x300d</value>
         <object_component_ref idref="oc-d9"/>
      </symbol>
      <symbol id="sm-30a">
         <name>UARTDisable</name>
         <value>0x3251</value>
         <object_component_ref idref="oc-1d9"/>
      </symbol>
      <symbol id="sm-30b">
         <name>UARTIntEnable</name>
         <value>0x3451</value>
         <object_component_ref idref="oc-e5"/>
      </symbol>
      <symbol id="sm-30c">
         <name>UARTCharsAvail</name>
         <value>0x33e9</value>
         <object_component_ref idref="oc-bb"/>
      </symbol>
      <symbol id="sm-30d">
         <name>UARTCharPut</name>
         <value>0x3433</value>
         <object_component_ref idref="oc-74"/>
      </symbol>
      <symbol id="sm-30e">
         <name>UARTEnable</name>
         <value>0x3349</value>
         <object_component_ref idref="oc-f7"/>
      </symbol>
      <symbol id="sm-30f">
         <name>UARTFIFOEnable</name>
         <value>0x343d</value>
         <object_component_ref idref="oc-df"/>
      </symbol>
      <symbol id="sm-310">
         <name>UARTIntClear</name>
         <value>0x346f</value>
         <object_component_ref idref="oc-a9"/>
      </symbol>
      <symbol id="sm-311">
         <name>UARTIntStatus</name>
         <value>0x3447</value>
         <object_component_ref idref="oc-a3"/>
      </symbol>
      <symbol id="sm-312">
         <name>UARTCharGet</name>
         <value>0x3429</value>
         <object_component_ref idref="oc-af"/>
      </symbol>
      <symbol id="sm-31c">
         <name>CPUcpsie</name>
         <value>0x3405</value>
         <object_component_ref idref="oc-1ec"/>
      </symbol>
      <symbol id="sm-353">
         <name>sscanf</name>
         <value>0x30d1</value>
         <object_component_ref idref="oc-94"/>
      </symbol>
      <symbol id="sm-367">
         <name>__aeabi_ddiv</name>
         <value>0x23b5</value>
         <object_component_ref idref="oc-138"/>
      </symbol>
      <symbol id="sm-372">
         <name>__aeabi_dmul</name>
         <value>0x2955</value>
         <object_component_ref idref="oc-13d"/>
      </symbol>
      <symbol id="sm-37e">
         <name>__aeabi_d2f</name>
         <value>0x2d77</value>
         <object_component_ref idref="oc-142"/>
      </symbol>
      <symbol id="sm-388">
         <name>__aeabi_i2d</name>
         <value>0x31a5</value>
         <object_component_ref idref="oc-133"/>
      </symbol>
      <symbol id="sm-397">
         <name>__aeabi_memset</name>
         <value>0x2cff</value>
         <object_component_ref idref="oc-7a"/>
      </symbol>
      <symbol id="sm-398">
         <name>memset</name>
         <value>0x2d05</value>
         <object_component_ref idref="oc-7a"/>
      </symbol>
      <symbol id="sm-399">
         <name>__aeabi_memset8</name>
         <value>0x2cff</value>
         <object_component_ref idref="oc-7a"/>
      </symbol>
      <symbol id="sm-39a">
         <name>__aeabi_memset4</name>
         <value>0x2cff</value>
         <object_component_ref idref="oc-7a"/>
      </symbol>
      <symbol id="sm-39b">
         <name>__aeabi_memclr8</name>
         <value>0x2cfd</value>
         <object_component_ref idref="oc-7a"/>
      </symbol>
      <symbol id="sm-39c">
         <name>__aeabi_memclr4</name>
         <value>0x2cfd</value>
         <object_component_ref idref="oc-7a"/>
      </symbol>
      <symbol id="sm-39d">
         <name>__aeabi_memclr</name>
         <value>0x2cfd</value>
         <object_component_ref idref="oc-7a"/>
      </symbol>
      <symbol id="sm-3b1">
         <name>__TI_zero_init_nomemset</name>
         <value>0x328d</value>
         <object_component_ref idref="oc-4d"/>
      </symbol>
      <symbol id="sm-3c8">
         <name>__TI_decompress_none</name>
         <value>0x33f7</value>
         <object_component_ref idref="oc-1b"/>
      </symbol>
      <symbol id="sm-3eb">
         <name>__TI_decompress_lzss</name>
         <value>0x2eb5</value>
         <object_component_ref idref="oc-15"/>
      </symbol>
      <symbol id="sm-3f6">
         <name>_ctypes_</name>
         <value>0x3480</value>
         <object_component_ref idref="oc-18d"/>
      </symbol>
      <symbol id="sm-405">
         <name>isalpha</name>
         <value>0x33b9</value>
         <object_component_ref idref="oc-7f"/>
      </symbol>
      <symbol id="sm-414">
         <name>isdigit</name>
         <value>0x33c9</value>
         <object_component_ref idref="oc-85"/>
      </symbol>
      <symbol id="sm-423">
         <name>strcasecmp</name>
         <value>0x31d3</value>
         <object_component_ref idref="oc-9a"/>
      </symbol>
      <symbol id="sm-431">
         <name>strcpy</name>
         <value>0x335d</value>
         <object_component_ref idref="oc-8b"/>
      </symbol>
      <symbol id="sm-440">
         <name>tolower</name>
         <value>0x33d9</value>
         <object_component_ref idref="oc-b5"/>
      </symbol>
      <symbol id="sm-453">
         <name>__stack</name>
         <value>0x20000270</value>
         <object_component_ref idref="oc-24"/>
      </symbol>
      <symbol id="sm-454">
         <name>_c_int00_noargs</name>
         <value>0x3171</value>
         <object_component_ref idref="oc-5f"/>
      </symbol>
      <symbol id="sm-514">
         <name>__TI_scanfi</name>
         <value>0xde5</value>
         <object_component_ref idref="oc-198"/>
      </symbol>
      <symbol id="sm-52f">
         <name>memcpy</name>
         <value>0x2b45</value>
         <object_component_ref idref="oc-41"/>
      </symbol>
      <symbol id="sm-530">
         <name>__aeabi_memcpy</name>
         <value>0x2b45</value>
         <object_component_ref idref="oc-41"/>
      </symbol>
      <symbol id="sm-531">
         <name>__aeabi_memcpy8</name>
         <value>0x2b45</value>
         <object_component_ref idref="oc-41"/>
      </symbol>
      <symbol id="sm-532">
         <name>__aeabi_memcpy4</name>
         <value>0x2b45</value>
         <object_component_ref idref="oc-41"/>
      </symbol>
      <symbol id="sm-55a">
         <name>__TI_auto_init_nobinit_nopinit</name>
         <value>0x3055</value>
         <object_component_ref idref="oc-230"/>
      </symbol>
      <symbol id="sm-564">
         <name>_system_pre_init</name>
         <value>0x3473</value>
         <object_component_ref idref="oc-173"/>
      </symbol>
      <symbol id="sm-570">
         <name>C$$EXIT</name>
         <value>0x3477</value>
         <object_component_ref idref="oc-224"/>
      </symbol>
      <symbol id="sm-571">
         <name>abort</name>
         <value>0x3477</value>
         <object_component_ref idref="oc-224"/>
      </symbol>
      <symbol id="sm-589">
         <name>atoi</name>
         <value>0x2fc1</value>
         <object_component_ref idref="oc-29b"/>
      </symbol>
      <symbol id="sm-599">
         <name>strchr</name>
         <value>0x3309</value>
         <object_component_ref idref="oc-2a7"/>
      </symbol>
      <symbol id="sm-5a7">
         <name>strlen</name>
         <value>0x3371</value>
         <object_component_ref idref="oc-295"/>
      </symbol>
      <symbol id="sm-5b6">
         <name>strrchr</name>
         <value>0x32db</value>
         <object_component_ref idref="oc-2a1"/>
      </symbol>
      <symbol id="sm-616">
         <name>strtold</name>
         <value>0x18f9</value>
         <object_component_ref idref="oc-283"/>
      </symbol>
      <symbol id="sm-617">
         <name>strtod</name>
         <value>0x18f9</value>
         <object_component_ref idref="oc-283"/>
      </symbol>
      <symbol id="sm-63b">
         <name>strtol</name>
         <value>0x24ed</value>
         <object_component_ref idref="oc-289"/>
      </symbol>
      <symbol id="sm-661">
         <name>strtoll</name>
         <value>0x1d59</value>
         <object_component_ref idref="oc-28f"/>
      </symbol>
      <symbol id="sm-681">
         <name>strtoul</name>
         <value>0x2845</value>
         <object_component_ref idref="oc-27d"/>
      </symbol>
      <symbol id="sm-6a4">
         <name>strtoull</name>
         <value>0x2259</value>
         <object_component_ref idref="oc-277"/>
      </symbol>
      <symbol id="sm-6ba">
         <name>__aeabi_errno_addr</name>
         <value>0x3459</value>
         <object_component_ref idref="oc-30c"/>
      </symbol>
      <symbol id="sm-6bb">
         <name>errno</name>
         <value>0x200004cc</value>
         <object_component_ref idref="oc-36e"/>
      </symbol>
      <symbol id="sm-6e2">
         <name>scalbn</name>
         <value>0x2735</value>
         <object_component_ref idref="oc-320"/>
      </symbol>
      <symbol id="sm-6e3">
         <name>scalbnl</name>
         <value>0x2735</value>
         <object_component_ref idref="oc-320"/>
      </symbol>
      <symbol id="sm-6e4">
         <name>ldexpl</name>
         <value>0x2735</value>
         <object_component_ref idref="oc-320"/>
      </symbol>
      <symbol id="sm-6e5">
         <name>ldexp</name>
         <value>0x2735</value>
         <object_component_ref idref="oc-320"/>
      </symbol>
      <symbol id="sm-6fc">
         <name>__aeabi_dsub</name>
         <value>0x1f35</value>
         <object_component_ref idref="oc-316"/>
      </symbol>
      <symbol id="sm-6fd">
         <name>__aeabi_dadd</name>
         <value>0x1f3f</value>
         <object_component_ref idref="oc-316"/>
      </symbol>
      <symbol id="sm-70f">
         <name>__aeabi_cdcmpeq</name>
         <value>0x2c77</value>
         <object_component_ref idref="oc-31b"/>
      </symbol>
      <symbol id="sm-710">
         <name>__aeabi_cdcmple</name>
         <value>0x2c77</value>
         <object_component_ref idref="oc-31b"/>
      </symbol>
      <symbol id="sm-719">
         <name>__aeabi_lmul</name>
         <value>0x32c3</value>
         <object_component_ref idref="oc-302"/>
      </symbol>
      <symbol id="sm-726">
         <name>__aeabi_uldivmod</name>
         <value>0x2be1</value>
         <object_component_ref idref="oc-307"/>
      </symbol>
      <symbol id="sm-730">
         <name>copysign</name>
         <value>0x32a9</value>
         <object_component_ref idref="oc-379"/>
      </symbol>
      <symbol id="sm-731">
         <name>copysignl</name>
         <value>0x32a9</value>
         <object_component_ref idref="oc-379"/>
      </symbol>
      <symbol id="sm-73b">
         <name>__aeabi_idiv0</name>
         <value>0x20eb</value>
         <object_component_ref idref="oc-368"/>
      </symbol>
      <symbol id="sm-73c">
         <name>__aeabi_ldiv0</name>
         <value>0x20eb</value>
         <object_component_ref idref="oc-368"/>
      </symbol>
      <symbol id="sm-73d">
         <name>__TI_static_base__</name>
         <value>0x0</value>
      </symbol>
      <symbol id="sm-740">
         <name>__mpu_init</name>
         <value>0x0</value>
      </symbol>
      <symbol id="sm-741">
         <name>_system_post_cinit</name>
         <value>0x0</value>
      </symbol>
   </symbol_table>
   <title>Link successful</title>
</link_info>
