******************************************************************************
                  TI ARM Linker PC v20.2.7                     
******************************************************************************
>> Linked Sat Apr 26 19:17:49 2025

OUTPUT FILE NAME:   <ti_compiler_bal_robot_.out>
ENTRY POINT SYMBOL: "_c_int00_noargs"  address: 000026b1


MEMORY CONFIGURATION

         name            origin    length      used     unused   attr    fill
----------------------  --------  ---------  --------  --------  ----  --------
  FLASH                 00000000   00040000  00002adc  0003d524  R  X
  SRAM                  20000000   00008000  00000512  00007aee  RW X


SEGMENT ALLOCATION MAP

run origin  load origin   length   init length attrs members
----------  ----------- ---------- ----------- ----- -------
00000000    00000000    00002ae0   00002ae0    r-x
  00000000    00000000    0000026c   0000026c    r-- .intvecs
  0000026c    0000026c    00002638   00002638    r-x .text
  000028a4    000028a4    000001e0   000001e0    r-- .const
  00002a88    00002a88    00000058   00000058    r-- .cinit
20000000    20000000    00000518   00000000    rw-
  20000000    20000000    0000026c   00000000    rw- .vtable
  20000270    20000270    00000200   00000000    rw- .stack
  20000470    20000470    0000007a   00000000    rw- .bss
  200004ec    200004ec    0000002c   00000000    rw- .data


SECTION ALLOCATION MAP

 output                                  attributes/
section   page    origin      length       input sections
--------  ----  ----------  ----------   ----------------
.intvecs   0    00000000    0000026c     
                  00000000    0000026c     tm4c123gh6pm_startup_ccs.obj (.intvecs)

.text      0    0000026c    00002638     
                  0000026c    00000c1c     main.obj (.text)
                  00000e88    000004a8     uartstdio.obj (.text)
                  00001330    000003d4     rtsv7M4_T_le_v4SPD16_eabi.lib : e_asin.c.obj (.text:asin)
                  00001704    000001b6                                   : fd_add_t2.asm.obj (.text)
                  000018ba    00000002                                   : div0.asm.obj (.text)
                  000018bc    00000170     dishan.obj (.text)
                  00001a2c    0000016c     driverlib.lib : gpio.obj (.text:GPIOPadConfigSet)
                  00001b98    00000158     rtsv7M4_T_le_v4SPD16_eabi.lib : e_sqrt.c.obj (.text:sqrt)
                  00001cf0    00000136                                   : fd_div_t2.asm.obj (.text)
                  00001e26    00000002     --HOLE-- [fill = 0]
                  00001e28    00000118     driverlib.lib : sysctl.obj (.text:SysCtlClockGet)
                  00001f40    000000fc     rtsv7M4_T_le_v4SPD16_eabi.lib : fd_mul_t2.asm.obj (.text)
                  0000203c    000000f4     driverlib.lib : sysctl.obj (.text:SysCtlClockSet)
                  00002130    0000009c     rtsv7M4_T_le_v4SPD16_eabi.lib : memcpy_t2.asm.obj (.text)
                  000021cc    00000086                                   : fd_cmp_t2.asm.obj (.text:__aeabi_cdrcmple)
                  00002252    0000006e                                   : fd_tos_t2.asm.obj (.text)
                  000022c0    00000068     driverlib.lib : interrupt.obj (.text:IntEnable)
                  00002328    00000068     rtsv7M4_T_le_v4SPD16_eabi.lib : copy_decompress_lzss.c.obj (.text:decompress:lzss:__TI_decompress_lzss)
                  00002390    00000060     driverlib.lib : timer.obj (.text:TimerConfigure)
                  000023f0    0000004c                   : gpio.obj (.text:GPIOPinConfigure)
                  0000243c    0000004c                   : i2c.obj (.text:I2CMasterInitExpClk)
                  00002488    0000004c                   : timer.obj (.text:_TimerIntNumberGet)
                  000024d4    00000046                   : uart.obj (.text:UARTConfigSetExpClk)
                  0000251a    00000002     --HOLE-- [fill = 0]
                  0000251c    00000044     rtsv7M4_T_le_v4SPD16_eabi.lib : autoinit.c.obj (.text:__TI_auto_init_nobinit_nopinit:__TI_auto_init_nobinit_nopinit)
                  00002560    00000040                                   : u_divt2.asm.obj (.text)
                  000025a0    00000038     driverlib.lib : sysctl.obj (.text:SysCtlPeripheralPresent)
                  000025d8    00000038                   : sysctl.obj (.text:SysCtlPeripheralReady)
                  00002610    00000038     rtsv7M4_T_le_v4SPD16_eabi.lib : fs_tod_t2.asm.obj (.text)
                  00002648    00000034     driverlib.lib : interrupt.obj (.text:IntRegister)
                  0000267c    00000034                   : sysctl.obj (.text:SysCtlPeripheralEnable)
                  000026b0    00000034     rtsv7M4_T_le_v4SPD16_eabi.lib : boot_cortex_m.c.obj (.text:_c_int00_noargs:_c_int00_noargs)
                  000026e4    0000002e                                   : i_tofd_t2.asm.obj (.text)
                  00002712    0000002c     driverlib.lib : gpio.obj (.text:GPIODirModeSet)
                  0000273e    00000002     --HOLE-- [fill = 0]
                  00002740    00000020                   : uart.obj (.text:UARTDisable)
                  00002760    0000001c                   : systick.obj (.text:SysTickIntRegister)
                  0000277c    0000001c     rtsv7M4_T_le_v4SPD16_eabi.lib : copy_zero_init.c.obj (.text:decompress:ZI:__TI_zero_init_nomemset:__TI_zero_init_nomemset)
                  00002798    00000018     driverlib.lib : timer.obj (.text:TimerIntRegister)
                  000027b0    00000016                   : gpio.obj (.text:GPIOPinTypeI2C)
                  000027c6    00000016                   : gpio.obj (.text:GPIOPinTypeI2CSCL)
                  000027dc    00000016                   : gpio.obj (.text:GPIOPinTypeUART)
                  000027f2    00000014                   : uart.obj (.text:UARTEnable)
                  00002806    00000012                   : timer.obj (.text:TimerLoadSet)
                  00002818    0000000e                   : timer.obj (.text:TimerEnable)
                  00002826    0000000e     rtsv7M4_T_le_v4SPD16_eabi.lib : copy_decompress_none.c.obj (.text:decompress:none:__TI_decompress_none)
                  00002834    0000000c     tm4c123gh6pm_startup_ccs.obj (.text)
                  00002840    0000000a     driverlib.lib : i2c.obj (.text:I2CMasterEnable)
                  0000284a    0000000a                   : uart.obj (.text:UARTCharGet)
                  00002854    0000000a                   : uart.obj (.text:UARTCharPut)
                  0000285e    00000008                   : i2c.obj (.text:I2CMasterBusy)
                  00002866    00000008                   : i2c.obj (.text:I2CMasterSlaveAddrSet)
                  0000286e    00000008                   : timer.obj (.text:TimerIntEnable)
                  00002876    00000002     --HOLE-- [fill = 0]
                  00002878    00000008     rtsv7M4_T_le_v4SPD16_eabi.lib : errno.c.obj (.text:__aeabi_errno_addr)
                  00002880    00000006     driverlib.lib : sysctl.obj (.text:SysCtlDelay)
                  00002886    00000006                   : uart.obj (.text:UARTClockSourceSet)
                  0000288c    00000004                   : i2c.obj (.text:I2CMasterControl)
                  00002890    00000004                   : i2c.obj (.text:I2CMasterDataGet)
                  00002894    00000004                   : i2c.obj (.text:I2CMasterDataPut)
                  00002898    00000004                   : timer.obj (.text:TimerIntClear)
                  0000289c    00000004     rtsv7M4_T_le_v4SPD16_eabi.lib : pre_init.c.obj (.text:_system_pre_init)
                  000028a0    00000004                                   : exit.c.obj (.text:abort:abort)

.const     0    000028a4    000001e0     
                  000028a4    00000090     driverlib.lib : gpio.obj (.const:g_pui32GPIOBaseAddrs)
                  00002934    0000006c                   : sysctl.obj (.const:g_pui32Xtals)
                  000029a0    00000060                   : timer.obj (.const:g_ppui32TimerIntMap)
                  00002a00    00000040                   : timer.obj (.const:g_ppui32TimerIntMapSnowflake)
                  00002a40    00000014                   : interrupt.obj (.const:g_pui32EnRegs)
                  00002a54    00000012     uartstdio.obj (.const:.string)
                  00002a66    00000002     --HOLE-- [fill = 0]
                  00002a68    0000000c     uartstdio.obj (.const:g_ui32UARTBase)
                  00002a74    0000000c     uartstdio.obj (.const:g_ui32UARTPeriph)
                  00002a80    00000004     uartstdio.obj (.const)

.cinit     0    00002a88    00000058     
                  00002a88    00000024     (.cinit..data.load) [load image, compression = lzss]
                  00002aac    0000000c     (__TI_handler_table)
                  00002ab8    00000008     (.cinit..bss.load) [load image, compression = zero_init]
                  00002ac0    00000008     (.cinit..vtable.load) [load image, compression = zero_init]
                  00002ac8    00000018     (__TI_cinit_table)

.init_array 
*          0    00000000    00000000     UNINITIALIZED

.vtable    0    20000000    0000026c     UNINITIALIZED
                  20000000    0000026c     driverlib.lib : interrupt.obj (.vtable)

.bss       0    20000470    0000007a     UNINITIALIZED
                  20000470    00000010     (.common:rawData)
                  20000480    00000004     (.common:angle_acc)
                  20000484    00000004     (.common:angle_gyro)
                  20000488    00000004     (.common:gyro_pitch_calibration_value)
                  2000048c    00000004     (.common:gyro_yaw_calibration_value)
                  20000490    00000004     (.common:left_motor)
                  20000494    00000004     (.common:loop_timer)
                  20000498    00000004     (.common:low_bat)
                  2000049c    00000004     (.common:pid_error_temp)
                  200004a0    00000004     (.common:pid_i_mem)
                  200004a4    00000004     (.common:pid_last_d_error)
                  200004a8    00000004     (.common:pid_output)
                  200004ac    00000004     (.common:pid_output_left)
                  200004b0    00000004     (.common:pid_output_right)
                  200004b4    00000004     (.common:pid_setpoint)
                  200004b8    00000004     (.common:receive_counter)
                  200004bc    00000004     (.common:received_byte)
                  200004c0    00000004     (.common:right_motor)
                  200004c4    00000004     (.common:self_balance_pid_setpoint)
                  200004c8    00000004     (.common:start)
                  200004cc    00000004     (.common:throttle_counter_left_motor)
                  200004d0    00000004     (.common:throttle_counter_right_motor)
                  200004d4    00000004     (.common:throttle_left_motor)
                  200004d8    00000004     (.common:throttle_left_motor_memory)
                  200004dc    00000004     (.common:throttle_right_motor)
                  200004e0    00000004     (.common:throttle_right_motor_memory)
                  200004e4    00000002     (.common:accelerometer_data_raw)
                  200004e6    00000002     (.common:gyro_pitch_data_raw)
                  200004e8    00000002     (.common:gyro_yaw_data_raw)

.data      0    200004ec    0000002c     UNINITIALIZED
                  200004ec    0000001c     main.obj (.data)
                  20000508    00000005     uartstdio.obj (.data)
                  2000050d    00000003     --HOLE--
                  20000510    00000004     dishan.obj (.data)
                  20000514    00000004     rtsv7M4_T_le_v4SPD16_eabi.lib : errno.c.obj (.data)

.stack     0    20000270    00000200     UNINITIALIZED
                  20000270    00000004     rtsv7M4_T_le_v4SPD16_eabi.lib : boot_cortex_m.c.obj (.stack)
                  20000274    000001fc     --HOLE--

__llvm_prf_cnts 
*          0    20000000    00000000     UNINITIALIZED

MODULE SUMMARY

       Module                         code   ro data   rw data
       ------                         ----   -------   -------
    .\
       main.obj                       3100   0         150    
       uartstdio.obj                  1192   46        5      
       tm4c123gh6pm_startup_ccs.obj   12     620       0      
       dishan.obj                     368    0         4      
    +--+------------------------------+------+---------+---------+
       Total:                         4672   666       159    
                                                              
    ../driverlib.lib
       sysctl.obj                     694    108       0      
       interrupt.obj                  156    20        620    
       gpio.obj                       550    144       0      
       timer.obj                      240    160       0      
       uart.obj                       148    0         0      
       i2c.obj                        114    0         0      
       systick.obj                    28     0         0      
    +--+------------------------------+------+---------+---------+
       Total:                         1930   432       620    
                                                              
    C:\ti\ccs1240\ccs\tools\compiler\ti-cgt-arm_20.2.7.LTS\lib\rtsv7M4_T_le_v4SPD16_eabi.lib
       e_asin.c.obj                   980    0         0      
       fd_add_t2.asm.obj              438    0         0      
       e_sqrt.c.obj                   344    0         0      
       fd_div_t2.asm.obj              310    0         0      
       fd_mul_t2.asm.obj              252    0         0      
       memcpy_t2.asm.obj              156    0         0      
       fd_cmp_t2.asm.obj              134    0         0      
       fd_tos_t2.asm.obj              110    0         0      
       copy_decompress_lzss.c.obj     104    0         0      
       autoinit.c.obj                 68     0         0      
       u_divt2.asm.obj                64     0         0      
       fs_tod_t2.asm.obj              56     0         0      
       boot_cortex_m.c.obj            52     0         0      
       i_tofd_t2.asm.obj              46     0         0      
       copy_zero_init.c.obj           28     0         0      
       copy_decompress_none.c.obj     14     0         0      
       errno.c.obj                    8      0         4      
       exit.c.obj                     4      0         0      
       pre_init.c.obj                 4      0         0      
       div0.asm.obj                   2      0         0      
    +--+------------------------------+------+---------+---------+
       Total:                         3174   0         4      
                                                              
       Stack:                         0      0         512    
       Linker Generated:              0      88        0      
    +--+------------------------------+------+---------+---------+
       Grand Total:                   9776   1186      1295   


LINKER GENERATED COPY TABLES

__TI_cinit_table @ 00002ac8 records: 3, size/record: 8, table size: 24
	.data: load addr=00002a88, load size=00000024 bytes, run addr=200004ec, run size=0000002c bytes, compression=lzss
	.bss: load addr=00002ab8, load size=00000008 bytes, run addr=20000470, run size=0000007a bytes, compression=zero_init
	.vtable: load addr=00002ac0, load size=00000008 bytes, run addr=20000000, run size=0000026c bytes, compression=zero_init


LINKER GENERATED HANDLER TABLE

__TI_handler_table @ 00002aac records: 3, size/record: 4, table size: 12
	index: 0, handler: __TI_zero_init
	index: 1, handler: __TI_decompress_lzss
	index: 2, handler: __TI_decompress_none


GLOBAL SYMBOLS: SORTED ALPHABETICALLY BY Name 

address   name                          
-------   ----                          
000028a1  C$$EXIT                       
00002713  GPIODirModeSet                
00001a2d  GPIOPadConfigSet              
000023f1  GPIOPinConfigure              
000027b1  GPIOPinTypeI2C                
000027c7  GPIOPinTypeI2CSCL             
000027dd  GPIOPinTypeUART               
0000285f  I2CMasterBusy                 
0000288d  I2CMasterControl              
00002891  I2CMasterDataGet              
00002895  I2CMasterDataPut              
00002841  I2CMasterEnable               
0000243d  I2CMasterInitExpClk           
00002867  I2CMasterSlaveAddrSet         
000002af  I2C_Init                      
00000349  I2C_ReadMulti                 
000002fd  I2C_Write                     
000022c1  IntEnable                     
00002649  IntRegister                   
000003c1  MPU6050_Init                  
00002835  ResetISR                      
00001e29  SysCtlClockGet                
0000203d  SysCtlClockSet                
00002881  SysCtlDelay                   
0000267d  SysCtlPeripheralEnable        
000025a1  SysCtlPeripheralPresent       
000025d9  SysCtlPeripheralReady         
00002761  SysTickIntRegister            
000018e1  SysTick_Handler               
00000d55  Timer0A_Handler               
00002391  TimerConfigure                
00002819  TimerEnable                   
00002899  TimerIntClear                 
0000286f  TimerIntEnable                
00002799  TimerIntRegister              
00002807  TimerLoadSet                  
0000284b  UARTCharGet                   
00002855  UARTCharPut                   
00002887  UARTClockSourceSet            
000024d5  UARTConfigSetExpClk           
00002741  UARTDisable                   
000027f3  UARTEnable                    
00000e89  UARTStdioConfig               
00000fd9  UARTgetc                      
00000f1f  UARTgets                      
000012fb  UARTprintf                    
00001001  UARTvprintf                   
00000ecf  UARTwrite                     
20000470  __STACK_END                   
00000200  __STACK_SIZE                  
20000470  __STACK_TOP                   
00002ac8  __TI_CINIT_Base               
00002ae0  __TI_CINIT_Limit              
00002aac  __TI_Handler_Table_Base       
00002ab8  __TI_Handler_Table_Limit      
0000251d  __TI_auto_init_nobinit_nopinit
00002329  __TI_decompress_lzss          
00002827  __TI_decompress_none          
ffffffff  __TI_pprof_out_hndl           
ffffffff  __TI_prof_data_size           
ffffffff  __TI_prof_data_start          
00000000  __TI_static_base__            
0000277d  __TI_zero_init_nomemset       
000021cd  __aeabi_cdrcmple              
00002253  __aeabi_d2f                   
0000170f  __aeabi_dadd                  
00001cf1  __aeabi_ddiv                  
00001f41  __aeabi_dmul                  
00001705  __aeabi_dsub                  
00002879  __aeabi_errno_addr            
00002611  __aeabi_f2d                   
000026e5  __aeabi_i2d                   
000018bb  __aeabi_idiv0                 
000018bb  __aeabi_ldiv0                 
00002131  __aeabi_memcpy                
00002131  __aeabi_memcpy4               
00002131  __aeabi_memcpy8               
00002561  __aeabi_uidiv                 
00002561  __aeabi_uidivmod              
ffffffff  __binit__                     
ffffffff  __c_args__                    
UNDEFED   __mpu_init                    
20000270  __stack                       
20000000  __start___llvm_prf_cnts       
20000000  __stop___llvm_prf_cnts        
000026b1  _c_int00_noargs               
UNDEFED   _system_post_cinit            
0000289d  _system_pre_init              
000028a1  abort                         
200004f0  acc_calibration_value         
200004e4  accelerometer_data_raw        
20000480  angle_acc                     
20000484  angle_gyro                    
00001331  asin                          
00001331  asinl                         
ffffffff  binit                         
0000026d  delayMs                       
20000514  errno                         
20000000  g_pfnRAMVectors               
00000000  g_pfnVectors                  
200004ec  gyro_address                  
20000488  gyro_pitch_calibration_value  
200004e6  gyro_pitch_data_raw           
2000048c  gyro_yaw_calibration_value    
200004e8  gyro_yaw_data_raw             
0000192d  initPORTA                     
0000194d  initPORTF                     
000018bd  initSysTick                   
00001983  initTimer0A                   
000018f1  initUART0                     
20000490  left_motor                    
20000494  loop_timer                    
20000498  low_bat                       
000004ad  main                          
20000504  max_target_speed              
00002131  memcpy                        
000018eb  millis                        
20000510  millisCount                   
200004fc  pid_d_gain                    
2000049c  pid_error_temp                
200004f8  pid_i_gain                    
200004a0  pid_i_mem                     
200004a4  pid_last_d_error              
200004a8  pid_output                    
200004ac  pid_output_left               
200004b0  pid_output_right              
200004f4  pid_p_gain                    
200004b4  pid_setpoint                  
20000470  rawData                       
200004b8  receive_counter               
200004bc  received_byte                 
200004c0  right_motor                   
200004c4  self_balance_pid_setpoint     
00001b99  sqrt                          
00001b99  sqrtl                         
200004c8  start                         
200004cc  throttle_counter_left_motor   
200004d0  throttle_counter_right_motor  
200004d4  throttle_left_motor           
200004d8  throttle_left_motor_memory    
200004dc  throttle_right_motor          
200004e0  throttle_right_motor_memory   
20000500  turning_speed                 


GLOBAL SYMBOLS: SORTED BY Symbol Address 

address   name                          
-------   ----                          
00000000  __TI_static_base__            
00000000  g_pfnVectors                  
00000200  __STACK_SIZE                  
0000026d  delayMs                       
000002af  I2C_Init                      
000002fd  I2C_Write                     
00000349  I2C_ReadMulti                 
000003c1  MPU6050_Init                  
000004ad  main                          
00000d55  Timer0A_Handler               
00000e89  UARTStdioConfig               
00000ecf  UARTwrite                     
00000f1f  UARTgets                      
00000fd9  UARTgetc                      
00001001  UARTvprintf                   
000012fb  UARTprintf                    
00001331  asin                          
00001331  asinl                         
00001705  __aeabi_dsub                  
0000170f  __aeabi_dadd                  
000018bb  __aeabi_idiv0                 
000018bb  __aeabi_ldiv0                 
000018bd  initSysTick                   
000018e1  SysTick_Handler               
000018eb  millis                        
000018f1  initUART0                     
0000192d  initPORTA                     
0000194d  initPORTF                     
00001983  initTimer0A                   
00001a2d  GPIOPadConfigSet              
00001b99  sqrt                          
00001b99  sqrtl                         
00001cf1  __aeabi_ddiv                  
00001e29  SysCtlClockGet                
00001f41  __aeabi_dmul                  
0000203d  SysCtlClockSet                
00002131  __aeabi_memcpy                
00002131  __aeabi_memcpy4               
00002131  __aeabi_memcpy8               
00002131  memcpy                        
000021cd  __aeabi_cdrcmple              
00002253  __aeabi_d2f                   
000022c1  IntEnable                     
00002329  __TI_decompress_lzss          
00002391  TimerConfigure                
000023f1  GPIOPinConfigure              
0000243d  I2CMasterInitExpClk           
000024d5  UARTConfigSetExpClk           
0000251d  __TI_auto_init_nobinit_nopinit
00002561  __aeabi_uidiv                 
00002561  __aeabi_uidivmod              
000025a1  SysCtlPeripheralPresent       
000025d9  SysCtlPeripheralReady         
00002611  __aeabi_f2d                   
00002649  IntRegister                   
0000267d  SysCtlPeripheralEnable        
000026b1  _c_int00_noargs               
000026e5  __aeabi_i2d                   
00002713  GPIODirModeSet                
00002741  UARTDisable                   
00002761  SysTickIntRegister            
0000277d  __TI_zero_init_nomemset       
00002799  TimerIntRegister              
000027b1  GPIOPinTypeI2C                
000027c7  GPIOPinTypeI2CSCL             
000027dd  GPIOPinTypeUART               
000027f3  UARTEnable                    
00002807  TimerLoadSet                  
00002819  TimerEnable                   
00002827  __TI_decompress_none          
00002835  ResetISR                      
00002841  I2CMasterEnable               
0000284b  UARTCharGet                   
00002855  UARTCharPut                   
0000285f  I2CMasterBusy                 
00002867  I2CMasterSlaveAddrSet         
0000286f  TimerIntEnable                
00002879  __aeabi_errno_addr            
00002881  SysCtlDelay                   
00002887  UARTClockSourceSet            
0000288d  I2CMasterControl              
00002891  I2CMasterDataGet              
00002895  I2CMasterDataPut              
00002899  TimerIntClear                 
0000289d  _system_pre_init              
000028a1  C$$EXIT                       
000028a1  abort                         
00002aac  __TI_Handler_Table_Base       
00002ab8  __TI_Handler_Table_Limit      
00002ac8  __TI_CINIT_Base               
00002ae0  __TI_CINIT_Limit              
20000000  __start___llvm_prf_cnts       
20000000  __stop___llvm_prf_cnts        
20000000  g_pfnRAMVectors               
20000270  __stack                       
20000470  __STACK_END                   
20000470  __STACK_TOP                   
20000470  rawData                       
20000480  angle_acc                     
20000484  angle_gyro                    
20000488  gyro_pitch_calibration_value  
2000048c  gyro_yaw_calibration_value    
20000490  left_motor                    
20000494  loop_timer                    
20000498  low_bat                       
2000049c  pid_error_temp                
200004a0  pid_i_mem                     
200004a4  pid_last_d_error              
200004a8  pid_output                    
200004ac  pid_output_left               
200004b0  pid_output_right              
200004b4  pid_setpoint                  
200004b8  receive_counter               
200004bc  received_byte                 
200004c0  right_motor                   
200004c4  self_balance_pid_setpoint     
200004c8  start                         
200004cc  throttle_counter_left_motor   
200004d0  throttle_counter_right_motor  
200004d4  throttle_left_motor           
200004d8  throttle_left_motor_memory    
200004dc  throttle_right_motor          
200004e0  throttle_right_motor_memory   
200004e4  accelerometer_data_raw        
200004e6  gyro_pitch_data_raw           
200004e8  gyro_yaw_data_raw             
200004ec  gyro_address                  
200004f0  acc_calibration_value         
200004f4  pid_p_gain                    
200004f8  pid_i_gain                    
200004fc  pid_d_gain                    
20000500  turning_speed                 
20000504  max_target_speed              
20000510  millisCount                   
20000514  errno                         
ffffffff  __TI_pprof_out_hndl           
ffffffff  __TI_prof_data_size           
ffffffff  __TI_prof_data_start          
ffffffff  __binit__                     
ffffffff  __c_args__                    
ffffffff  binit                         
UNDEFED   __mpu_init                    
UNDEFED   _system_post_cinit            

[143 symbols]
