<?xml version="1.0" encoding="ISO-8859-1" ?>
<link_info>
   <banner>TI ARM Linker PC v20.2.7.LTS</banner>
   <copyright>Copyright (c) 1996-2018 Texas Instruments Incorporated</copyright>
   <link_time>0x680091d4</link_time>
   <link_errors>0x0</link_errors>
   <output_file>CAN_dfgfdg.out</output_file>
   <entry_point>
      <name>_c_int00_noargs</name>
      <address>0x1c45</address>
   </entry_point>
   <input_file_list>
      <input_file id="fl-2">
         <path>.\</path>
         <kind>object</kind>
         <file>can.obj</file>
         <name>can.obj</name>
      </input_file>
      <input_file id="fl-3">
         <path>.\</path>
         <kind>object</kind>
         <file>main.obj</file>
         <name>main.obj</name>
      </input_file>
      <input_file id="fl-4">
         <path>.\</path>
         <kind>object</kind>
         <file>tm4c123gh6pm_startup_ccs.obj</file>
         <name>tm4c123gh6pm_startup_ccs.obj</name>
      </input_file>
      <input_file id="fl-5">
         <path>.\</path>
         <kind>object</kind>
         <file>uartstdio.obj</file>
         <name>uartstdio.obj</name>
      </input_file>
      <input_file id="fl-a">
         <kind>object</kind>
         <file>&lt;internal&gt;</file>
         <name>&lt;internal&gt;</name>
      </input_file>
      <input_file id="fl-b">
         <path>..\</path>
         <kind>archive</kind>
         <file>driverlib.lib</file>
         <name>fpu.obj</name>
      </input_file>
      <input_file id="fl-c">
         <path>..\</path>
         <kind>archive</kind>
         <file>driverlib.lib</file>
         <name>gpio.obj</name>
      </input_file>
      <input_file id="fl-d">
         <path>..\</path>
         <kind>archive</kind>
         <file>driverlib.lib</file>
         <name>interrupt.obj</name>
      </input_file>
      <input_file id="fl-e">
         <path>..\</path>
         <kind>archive</kind>
         <file>driverlib.lib</file>
         <name>sysctl.obj</name>
      </input_file>
      <input_file id="fl-f">
         <path>..\</path>
         <kind>archive</kind>
         <file>driverlib.lib</file>
         <name>uart.obj</name>
      </input_file>
      <input_file id="fl-10">
         <path>..\</path>
         <kind>archive</kind>
         <file>driverlib.lib</file>
         <name>cpu.obj</name>
      </input_file>
      <input_file id="fl-c6">
         <path>C:\ti\ccs1240\ccs\tools\compiler\ti-cgt-arm_20.2.7.LTS\lib\</path>
         <kind>archive</kind>
         <file>rtsv7M4_T_le_v4SPD16_eabi.lib</file>
         <name>u_divt2.asm.obj</name>
      </input_file>
      <input_file id="fl-c7">
         <path>C:\ti\ccs1240\ccs\tools\compiler\ti-cgt-arm_20.2.7.LTS\lib\</path>
         <kind>archive</kind>
         <file>rtsv7M4_T_le_v4SPD16_eabi.lib</file>
         <name>copy_zero_init.c.obj</name>
      </input_file>
      <input_file id="fl-c8">
         <path>C:\ti\ccs1240\ccs\tools\compiler\ti-cgt-arm_20.2.7.LTS\lib\</path>
         <kind>archive</kind>
         <file>rtsv7M4_T_le_v4SPD16_eabi.lib</file>
         <name>copy_decompress_none.c.obj</name>
      </input_file>
      <input_file id="fl-c9">
         <path>C:\ti\ccs1240\ccs\tools\compiler\ti-cgt-arm_20.2.7.LTS\lib\</path>
         <kind>archive</kind>
         <file>rtsv7M4_T_le_v4SPD16_eabi.lib</file>
         <name>copy_decompress_lzss.c.obj</name>
      </input_file>
      <input_file id="fl-ca">
         <path>C:\ti\ccs1240\ccs\tools\compiler\ti-cgt-arm_20.2.7.LTS\lib\</path>
         <kind>archive</kind>
         <file>rtsv7M4_T_le_v4SPD16_eabi.lib</file>
         <name>boot_cortex_m.c.obj</name>
      </input_file>
      <input_file id="fl-cb">
         <path>C:\ti\ccs1240\ccs\tools\compiler\ti-cgt-arm_20.2.7.LTS\lib\</path>
         <kind>archive</kind>
         <file>rtsv7M4_T_le_v4SPD16_eabi.lib</file>
         <name>div0.asm.obj</name>
      </input_file>
      <input_file id="fl-cc">
         <path>C:\ti\ccs1240\ccs\tools\compiler\ti-cgt-arm_20.2.7.LTS\lib\</path>
         <kind>archive</kind>
         <file>rtsv7M4_T_le_v4SPD16_eabi.lib</file>
         <name>memcpy_t2.asm.obj</name>
      </input_file>
      <input_file id="fl-cd">
         <path>C:\ti\ccs1240\ccs\tools\compiler\ti-cgt-arm_20.2.7.LTS\lib\</path>
         <kind>archive</kind>
         <file>rtsv7M4_T_le_v4SPD16_eabi.lib</file>
         <name>memset_t2.asm.obj</name>
      </input_file>
      <input_file id="fl-ce">
         <path>C:\ti\ccs1240\ccs\tools\compiler\ti-cgt-arm_20.2.7.LTS\lib\</path>
         <kind>archive</kind>
         <file>rtsv7M4_T_le_v4SPD16_eabi.lib</file>
         <name>autoinit.c.obj</name>
      </input_file>
      <input_file id="fl-cf">
         <path>C:\ti\ccs1240\ccs\tools\compiler\ti-cgt-arm_20.2.7.LTS\lib\</path>
         <kind>archive</kind>
         <file>rtsv7M4_T_le_v4SPD16_eabi.lib</file>
         <name>pre_init.c.obj</name>
      </input_file>
      <input_file id="fl-d0">
         <path>C:\ti\ccs1240\ccs\tools\compiler\ti-cgt-arm_20.2.7.LTS\lib\</path>
         <kind>archive</kind>
         <file>rtsv7M4_T_le_v4SPD16_eabi.lib</file>
         <name>cpy_tbl.c.obj</name>
      </input_file>
      <input_file id="fl-d1">
         <path>C:\ti\ccs1240\ccs\tools\compiler\ti-cgt-arm_20.2.7.LTS\lib\</path>
         <kind>archive</kind>
         <file>rtsv7M4_T_le_v4SPD16_eabi.lib</file>
         <name>exit.c.obj</name>
      </input_file>
      <input_file id="fl-d2">
         <path>C:\ti\ccs1240\ccs\tools\compiler\ti-cgt-arm_20.2.7.LTS\lib\</path>
         <kind>archive</kind>
         <file>rtsv7M4_T_le_v4SPD16_eabi.lib</file>
         <name>_lock.c.obj</name>
      </input_file>
      <input_file id="fl-d3">
         <path>C:\ti\ccs1240\ccs\tools\compiler\ti-cgt-arm_20.2.7.LTS\lib\</path>
         <kind>archive</kind>
         <file>rtsv7M4_T_le_v4SPD16_eabi.lib</file>
         <name>args_main.c.obj</name>
      </input_file>
   </input_file_list>
   <object_component_list>
      <object_component id="oc-12">
         <name>.intvecs</name>
         <load_address>0x0</load_address>
         <run_address>0x0</run_address>
         <size>0x26c</size>
         <input_file_ref idref="fl-4"/>
      </object_component>
      <object_component id="oc-74">
         <name>.text</name>
         <load_address>0x26c</load_address>
         <run_address>0x26c</run_address>
         <size>0xa28</size>
         <input_file_ref idref="fl-2"/>
      </object_component>
      <object_component id="oc-92">
         <name>.text</name>
         <load_address>0xc94</load_address>
         <run_address>0xc94</run_address>
         <size>0x4a8</size>
         <input_file_ref idref="fl-5"/>
      </object_component>
      <object_component id="oc-2d">
         <name>.text</name>
         <load_address>0x113c</load_address>
         <run_address>0x113c</run_address>
         <size>0x404</size>
         <input_file_ref idref="fl-3"/>
      </object_component>
      <object_component id="oc-13d">
         <name>.text:GPIOPadConfigSet</name>
         <load_address>0x1540</load_address>
         <run_address>0x1540</run_address>
         <size>0x16c</size>
         <input_file_ref idref="fl-c"/>
      </object_component>
      <object_component id="oc-9e">
         <name>.text:SysCtlClockGet</name>
         <load_address>0x16ac</load_address>
         <run_address>0x16ac</run_address>
         <size>0x118</size>
         <input_file_ref idref="fl-e"/>
      </object_component>
      <object_component id="oc-b0">
         <name>.text:SysCtlClockSet</name>
         <load_address>0x17c4</load_address>
         <run_address>0x17c4</run_address>
         <size>0xf4</size>
         <input_file_ref idref="fl-e"/>
      </object_component>
      <object_component id="oc-41">
         <name>.text</name>
         <load_address>0x18b8</load_address>
         <run_address>0x18b8</run_address>
         <size>0x9c</size>
         <input_file_ref idref="fl-cc"/>
      </object_component>
      <object_component id="oc-110">
         <name>.text:IntDisable</name>
         <load_address>0x1954</load_address>
         <run_address>0x1954</run_address>
         <size>0x68</size>
         <input_file_ref idref="fl-d"/>
      </object_component>
      <object_component id="oc-a4">
         <name>.text:IntEnable</name>
         <load_address>0x19bc</load_address>
         <run_address>0x19bc</run_address>
         <size>0x68</size>
         <input_file_ref idref="fl-d"/>
      </object_component>
      <object_component id="oc-15">
         <name>.text:decompress:lzss:__TI_decompress_lzss</name>
         <load_address>0x1a24</load_address>
         <run_address>0x1a24</run_address>
         <size>0x68</size>
         <input_file_ref idref="fl-c9"/>
      </object_component>
      <object_component id="oc-80">
         <name>.text:GPIOPinConfigure</name>
         <load_address>0x1a8c</load_address>
         <run_address>0x1a8c</run_address>
         <size>0x4c</size>
         <input_file_ref idref="fl-c"/>
      </object_component>
      <object_component id="oc-14c">
         <name>.text:UARTConfigSetExpClk</name>
         <load_address>0x1ad8</load_address>
         <run_address>0x1ad8</run_address>
         <size>0x46</size>
         <input_file_ref idref="fl-f"/>
      </object_component>
      <object_component id="oc-1ea">
         <name>.text:_IntDefaultHandler</name>
         <load_address>0x1b1e</load_address>
         <run_address>0x1b1e</run_address>
         <size>0x2</size>
         <input_file_ref idref="fl-d"/>
      </object_component>
      <object_component id="oc-1b0">
         <name>.text:__TI_auto_init_nobinit_nopinit:__TI_auto_init_nobinit_nopinit</name>
         <load_address>0x1b20</load_address>
         <run_address>0x1b20</run_address>
         <size>0x44</size>
         <input_file_ref idref="fl-ce"/>
      </object_component>
      <object_component id="oc-16d">
         <name>.text</name>
         <load_address>0x1b64</load_address>
         <run_address>0x1b64</run_address>
         <size>0x40</size>
         <input_file_ref idref="fl-c6"/>
      </object_component>
      <object_component id="oc-146">
         <name>.text:SysCtlPeripheralPresent</name>
         <load_address>0x1ba4</load_address>
         <run_address>0x1ba4</run_address>
         <size>0x38</size>
         <input_file_ref idref="fl-e"/>
      </object_component>
      <object_component id="oc-10a">
         <name>.text:IntRegister</name>
         <load_address>0x1bdc</load_address>
         <run_address>0x1bdc</run_address>
         <size>0x34</size>
         <input_file_ref idref="fl-d"/>
      </object_component>
      <object_component id="oc-7a">
         <name>.text:SysCtlPeripheralEnable</name>
         <load_address>0x1c10</load_address>
         <run_address>0x1c10</run_address>
         <size>0x34</size>
         <input_file_ref idref="fl-e"/>
      </object_component>
      <object_component id="oc-5f">
         <name>.text:_c_int00_noargs:_c_int00_noargs</name>
         <load_address>0x1c44</load_address>
         <run_address>0x1c44</run_address>
         <size>0x34</size>
         <input_file_ref idref="fl-ca"/>
      </object_component>
      <object_component id="oc-137">
         <name>.text:GPIODirModeSet</name>
         <load_address>0x1c78</load_address>
         <run_address>0x1c78</run_address>
         <size>0x2c</size>
         <input_file_ref idref="fl-c"/>
      </object_component>
      <object_component id="oc-213">
         <name>.text:UARTDisable</name>
         <load_address>0x1ca4</load_address>
         <run_address>0x1ca4</run_address>
         <size>0x20</size>
         <input_file_ref idref="fl-f"/>
      </object_component>
      <object_component id="oc-4d">
         <name>.text:decompress:ZI:__TI_zero_init_nomemset:__TI_zero_init_nomemset</name>
         <load_address>0x1cc4</load_address>
         <run_address>0x1cc4</run_address>
         <size>0x1c</size>
         <input_file_ref idref="fl-c7"/>
      </object_component>
      <object_component id="oc-98">
         <name>.text:GPIOPinTypeCAN</name>
         <load_address>0x1ce0</load_address>
         <run_address>0x1ce0</run_address>
         <size>0x16</size>
         <input_file_ref idref="fl-c"/>
      </object_component>
      <object_component id="oc-86">
         <name>.text:GPIOPinTypeUART</name>
         <load_address>0x1cf6</load_address>
         <run_address>0x1cf6</run_address>
         <size>0x16</size>
         <input_file_ref idref="fl-c"/>
      </object_component>
      <object_component id="oc-116">
         <name>.text:IntUnregister</name>
         <load_address>0x1d0c</load_address>
         <run_address>0x1d0c</run_address>
         <size>0x14</size>
         <input_file_ref idref="fl-d"/>
      </object_component>
      <object_component id="oc-152">
         <name>.text:UARTEnable</name>
         <load_address>0x1d20</load_address>
         <run_address>0x1d20</run_address>
         <size>0x14</size>
         <input_file_ref idref="fl-f"/>
      </object_component>
      <object_component id="oc-aa">
         <name>.text:FPULazyStackingEnable</name>
         <load_address>0x1d34</load_address>
         <run_address>0x1d34</run_address>
         <size>0x10</size>
         <input_file_ref idref="fl-b"/>
      </object_component>
      <object_component id="oc-b6">
         <name>.text:UARTCharGetNonBlocking</name>
         <load_address>0x1d44</load_address>
         <run_address>0x1d44</run_address>
         <size>0xe</size>
         <input_file_ref idref="fl-f"/>
      </object_component>
      <object_component id="oc-bc">
         <name>.text:UARTCharsAvail</name>
         <load_address>0x1d52</load_address>
         <run_address>0x1d52</run_address>
         <size>0xe</size>
         <input_file_ref idref="fl-f"/>
      </object_component>
      <object_component id="oc-1b">
         <name>.text:decompress:none:__TI_decompress_none</name>
         <load_address>0x1d60</load_address>
         <run_address>0x1d60</run_address>
         <size>0xe</size>
         <input_file_ref idref="fl-c8"/>
      </object_component>
      <object_component id="oc-27">
         <name>.text</name>
         <load_address>0x1d6e</load_address>
         <run_address>0x1d6e</run_address>
         <size>0xc</size>
         <input_file_ref idref="fl-4"/>
      </object_component>
      <object_component id="oc-15e">
         <name>.text:UARTCharGet</name>
         <load_address>0x1d7a</load_address>
         <run_address>0x1d7a</run_address>
         <size>0xa</size>
         <input_file_ref idref="fl-f"/>
      </object_component>
      <object_component id="oc-158">
         <name>.text:UARTCharPut</name>
         <load_address>0x1d84</load_address>
         <run_address>0x1d84</run_address>
         <size>0xa</size>
         <input_file_ref idref="fl-f"/>
      </object_component>
      <object_component id="oc-187">
         <name>.text:SysCtlDelay</name>
         <load_address>0x1d8e</load_address>
         <run_address>0x1d8e</run_address>
         <size>0x6</size>
         <input_file_ref idref="fl-e"/>
      </object_component>
      <object_component id="oc-8c">
         <name>.text:UARTClockSourceSet</name>
         <load_address>0x1d94</load_address>
         <run_address>0x1d94</run_address>
         <size>0x6</size>
         <input_file_ref idref="fl-f"/>
      </object_component>
      <object_component id="oc-f8">
         <name>.text:_system_pre_init</name>
         <load_address>0x1d9a</load_address>
         <run_address>0x1d9a</run_address>
         <size>0x4</size>
         <input_file_ref idref="fl-cf"/>
      </object_component>
      <object_component id="oc-1a4">
         <name>.text:abort:abort</name>
         <load_address>0x1d9e</load_address>
         <run_address>0x1d9e</run_address>
         <size>0x4</size>
         <input_file_ref idref="fl-d1"/>
      </object_component>
      <object_component id="oc-223">
         <name>.text</name>
         <load_address>0x1da2</load_address>
         <run_address>0x1da2</run_address>
         <size>0x2</size>
         <input_file_ref idref="fl-cb"/>
      </object_component>
      <object_component id="oc-132">
         <name>.const:g_pui32GPIOBaseAddrs</name>
         <load_address>0x1da4</load_address>
         <run_address>0x1da4</run_address>
         <size>0x90</size>
         <input_file_ref idref="fl-c"/>
      </object_component>
      <object_component id="oc-17d">
         <name>.const:g_pui32Xtals</name>
         <load_address>0x1e34</load_address>
         <run_address>0x1e34</run_address>
         <size>0x6c</size>
         <input_file_ref idref="fl-e"/>
      </object_component>
      <object_component id="oc-11c">
         <name>.const:g_ui16CANBitValues</name>
         <load_address>0x1ea0</load_address>
         <run_address>0x1ea0</run_address>
         <size>0x20</size>
         <input_file_ref idref="fl-2"/>
      </object_component>
      <object_component id="oc-1e6">
         <name>.const:g_pui32Dii16Regs</name>
         <load_address>0x1ec0</load_address>
         <run_address>0x1ec0</run_address>
         <size>0x14</size>
         <input_file_ref idref="fl-d"/>
      </object_component>
      <object_component id="oc-181">
         <name>.const:g_pui32EnRegs</name>
         <load_address>0x1ed4</load_address>
         <run_address>0x1ed4</run_address>
         <size>0x14</size>
         <input_file_ref idref="fl-d"/>
      </object_component>
      <object_component id="oc-229">
         <name>.const:.string</name>
         <load_address>0x1ee8</load_address>
         <run_address>0x1ee8</run_address>
         <size>0x12</size>
         <input_file_ref idref="fl-5"/>
      </object_component>
      <object_component id="oc-16a">
         <name>.const:g_ui32UARTBase</name>
         <load_address>0x1efc</load_address>
         <run_address>0x1efc</run_address>
         <size>0xc</size>
         <input_file_ref idref="fl-5"/>
      </object_component>
      <object_component id="oc-164">
         <name>.const:g_ui32UARTPeriph</name>
         <load_address>0x1f08</load_address>
         <run_address>0x1f08</run_address>
         <size>0xc</size>
         <input_file_ref idref="fl-5"/>
      </object_component>
      <object_component id="oc-172">
         <name>.const</name>
         <load_address>0x1f14</load_address>
         <run_address>0x1f14</run_address>
         <size>0x4</size>
         <input_file_ref idref="fl-5"/>
      </object_component>
      <object_component id="oc-2ba">
         <name>.cinit..data.load</name>
         <load_address>0x1f18</load_address>
         <run_address>0x1f18</run_address>
         <size>0xc</size>
      </object_component>
      <object_component id="oc-2b7">
         <name>__TI_handler_table</name>
         <load_address>0x1f24</load_address>
         <run_address>0x1f24</run_address>
         <size>0xc</size>
      </object_component>
      <object_component id="oc-2bb">
         <name>.cinit..bss.load</name>
         <load_address>0x1f30</load_address>
         <run_address>0x1f30</run_address>
         <size>0x8</size>
      </object_component>
      <object_component id="oc-2b9">
         <name>.cinit..vtable.load</name>
         <load_address>0x1f38</load_address>
         <run_address>0x1f38</run_address>
         <size>0x8</size>
      </object_component>
      <object_component id="oc-2b8">
         <name>__TI_cinit_table</name>
         <load_address>0x1f40</load_address>
         <run_address>0x1f40</run_address>
         <size>0x18</size>
      </object_component>
      <object_component id="oc-1e2">
         <name>.vtable</name>
         <uninitialized>true</uninitialized>
         <run_address>0x20000000</run_address>
         <size>0x26c</size>
         <input_file_ref idref="fl-d"/>
      </object_component>
      <object_component id="oc-c2">
         <name>.data</name>
         <load_address>0x2000049c</load_address>
         <run_address>0x2000049c</run_address>
         <size>0x10</size>
         <input_file_ref idref="fl-3"/>
      </object_component>
      <object_component id="oc-167">
         <name>.data</name>
         <load_address>0x200004ac</load_address>
         <run_address>0x200004ac</run_address>
         <size>0x5</size>
         <input_file_ref idref="fl-5"/>
      </object_component>
      <object_component id="oc-c5">
         <name>.common:g_sCAN0RxMessage</name>
         <uninitialized>true</uninitialized>
         <run_address>0x20000470</run_address>
         <size>0x14</size>
      </object_component>
      <object_component id="oc-c9">
         <name>.common:g_sCAN0TxMessage</name>
         <uninitialized>true</uninitialized>
         <run_address>0x20000484</run_address>
         <size>0x14</size>
      </object_component>
      <object_component id="oc-c8">
         <name>.common:g_ui8TXMsgData</name>
         <uninitialized>true</uninitialized>
         <run_address>0x20000499</run_address>
         <size>0x1</size>
      </object_component>
      <object_component id="oc-ca">
         <name>.common:g_ui8RXMsgData</name>
         <uninitialized>true</uninitialized>
         <run_address>0x20000498</run_address>
         <size>0x1</size>
      </object_component>
      <object_component id="oc-24">
         <name>.stack</name>
         <uninitialized>true</uninitialized>
         <run_address>0x20000270</run_address>
         <size>0x4</size>
         <input_file_ref idref="fl-ca"/>
      </object_component>
      <object_component id="oc-2bd">
         <name>.stack</name>
         <uninitialized>true</uninitialized>
         <run_address>0x20000270</run_address>
         <size>0x0</size>
      </object_component>
      <object_component id="oc-125">
         <name>.debug_info</name>
         <load_address>0x0</load_address>
         <run_address>0x0</run_address>
         <size>0x32d</size>
         <input_file_ref idref="fl-2"/>
      </object_component>
      <object_component id="oc-11d">
         <name>.debug_info</name>
         <load_address>0x32d</load_address>
         <run_address>0x32d</run_address>
         <size>0xdf</size>
         <input_file_ref idref="fl-2"/>
      </object_component>
      <object_component id="oc-75">
         <name>.debug_info</name>
         <load_address>0x40c</load_address>
         <run_address>0x40c</run_address>
         <size>0x1680</size>
         <input_file_ref idref="fl-2"/>
      </object_component>
      <object_component id="oc-126">
         <name>.debug_info</name>
         <load_address>0x1a8c</load_address>
         <run_address>0x1a8c</run_address>
         <size>0x1b3</size>
         <input_file_ref idref="fl-2"/>
      </object_component>
      <object_component id="oc-d8">
         <name>.debug_info</name>
         <load_address>0x1c3f</load_address>
         <run_address>0x1c3f</run_address>
         <size>0x26b</size>
         <input_file_ref idref="fl-2"/>
      </object_component>
      <object_component id="oc-d1">
         <name>.debug_info</name>
         <load_address>0x1eaa</load_address>
         <run_address>0x1eaa</run_address>
         <size>0x8b</size>
         <input_file_ref idref="fl-2"/>
      </object_component>
      <object_component id="oc-18f">
         <name>.debug_info</name>
         <load_address>0x1f35</load_address>
         <run_address>0x1f35</run_address>
         <size>0x2a4</size>
         <input_file_ref idref="fl-2"/>
      </object_component>
      <object_component id="oc-120">
         <name>.debug_info</name>
         <load_address>0x21d9</load_address>
         <run_address>0x21d9</run_address>
         <size>0xef</size>
         <input_file_ref idref="fl-2"/>
      </object_component>
      <object_component id="oc-cc">
         <name>.debug_info</name>
         <load_address>0x22c8</load_address>
         <run_address>0x22c8</run_address>
         <size>0xbb</size>
         <input_file_ref idref="fl-2"/>
      </object_component>
      <object_component id="oc-c6">
         <name>.debug_info</name>
         <load_address>0x2383</load_address>
         <run_address>0x2383</run_address>
         <size>0x78b</size>
         <input_file_ref idref="fl-3"/>
      </object_component>
      <object_component id="oc-c3">
         <name>.debug_info</name>
         <load_address>0x2b0e</load_address>
         <run_address>0x2b0e</run_address>
         <size>0x15c</size>
         <input_file_ref idref="fl-3"/>
      </object_component>
      <object_component id="oc-2f">
         <name>.debug_info</name>
         <load_address>0x2c6a</load_address>
         <run_address>0x2c6a</run_address>
         <size>0x556</size>
         <input_file_ref idref="fl-3"/>
      </object_component>
      <object_component id="oc-177">
         <name>.debug_info</name>
         <load_address>0x31c0</load_address>
         <run_address>0x31c0</run_address>
         <size>0x2c</size>
         <input_file_ref idref="fl-3"/>
      </object_component>
      <object_component id="oc-35">
         <name>.debug_info</name>
         <load_address>0x31ec</load_address>
         <run_address>0x31ec</run_address>
         <size>0x2cc</size>
         <input_file_ref idref="fl-4"/>
      </object_component>
      <object_component id="oc-13">
         <name>.debug_info</name>
         <load_address>0x34b8</load_address>
         <run_address>0x34b8</run_address>
         <size>0xe9</size>
         <input_file_ref idref="fl-4"/>
      </object_component>
      <object_component id="oc-2a">
         <name>.debug_info</name>
         <load_address>0x35a1</load_address>
         <run_address>0x35a1</run_address>
         <size>0x265</size>
         <input_file_ref idref="fl-4"/>
      </object_component>
      <object_component id="oc-3c">
         <name>.debug_info</name>
         <load_address>0x3806</load_address>
         <run_address>0x3806</run_address>
         <size>0x84</size>
         <input_file_ref idref="fl-4"/>
      </object_component>
      <object_component id="oc-176">
         <name>.debug_info</name>
         <load_address>0x388a</load_address>
         <run_address>0x388a</run_address>
         <size>0x3de</size>
         <input_file_ref idref="fl-5"/>
      </object_component>
      <object_component id="oc-168">
         <name>.debug_info</name>
         <load_address>0x3c68</load_address>
         <run_address>0x3c68</run_address>
         <size>0xd5</size>
         <input_file_ref idref="fl-5"/>
      </object_component>
      <object_component id="oc-173">
         <name>.debug_info</name>
         <load_address>0x3d3d</load_address>
         <run_address>0x3d3d</run_address>
         <size>0xcf</size>
         <input_file_ref idref="fl-5"/>
      </object_component>
      <object_component id="oc-16b">
         <name>.debug_info</name>
         <load_address>0x3e0c</load_address>
         <run_address>0x3e0c</run_address>
         <size>0xdd</size>
         <input_file_ref idref="fl-5"/>
      </object_component>
      <object_component id="oc-165">
         <name>.debug_info</name>
         <load_address>0x3ee9</load_address>
         <run_address>0x3ee9</run_address>
         <size>0xe1</size>
         <input_file_ref idref="fl-5"/>
      </object_component>
      <object_component id="oc-95">
         <name>.debug_info</name>
         <load_address>0x3fca</load_address>
         <run_address>0x3fca</run_address>
         <size>0x77e</size>
         <input_file_ref idref="fl-5"/>
      </object_component>
      <object_component id="oc-259">
         <name>.debug_info</name>
         <load_address>0x4748</load_address>
         <run_address>0x4748</run_address>
         <size>0x2dc</size>
         <input_file_ref idref="fl-b"/>
      </object_component>
      <object_component id="oc-ae">
         <name>.debug_info</name>
         <load_address>0x4a24</load_address>
         <run_address>0x4a24</run_address>
         <size>0x22e</size>
         <input_file_ref idref="fl-b"/>
      </object_component>
      <object_component id="oc-205">
         <name>.debug_info</name>
         <load_address>0x4c52</load_address>
         <run_address>0x4c52</run_address>
         <size>0x26b</size>
         <input_file_ref idref="fl-b"/>
      </object_component>
      <object_component id="oc-1f5">
         <name>.debug_info</name>
         <load_address>0x4ebd</load_address>
         <run_address>0x4ebd</run_address>
         <size>0x297</size>
         <input_file_ref idref="fl-b"/>
      </object_component>
      <object_component id="oc-200">
         <name>.debug_info</name>
         <load_address>0x5154</load_address>
         <run_address>0x5154</run_address>
         <size>0xef</size>
         <input_file_ref idref="fl-b"/>
      </object_component>
      <object_component id="oc-12c">
         <name>.debug_info</name>
         <load_address>0x5243</load_address>
         <run_address>0x5243</run_address>
         <size>0xbb</size>
         <input_file_ref idref="fl-b"/>
      </object_component>
      <object_component id="oc-136">
         <name>.debug_info</name>
         <load_address>0x52fe</load_address>
         <run_address>0x52fe</run_address>
         <size>0x3e4</size>
         <input_file_ref idref="fl-c"/>
      </object_component>
      <object_component id="oc-133">
         <name>.debug_info</name>
         <load_address>0x56e2</load_address>
         <run_address>0x56e2</run_address>
         <size>0x164</size>
         <input_file_ref idref="fl-c"/>
      </object_component>
      <object_component id="oc-138">
         <name>.debug_info</name>
         <load_address>0x5846</load_address>
         <run_address>0x5846</run_address>
         <size>0x2bc</size>
         <input_file_ref idref="fl-c"/>
      </object_component>
      <object_component id="oc-13e">
         <name>.debug_info</name>
         <load_address>0x5b02</load_address>
         <run_address>0x5b02</run_address>
         <size>0x31f</size>
         <input_file_ref idref="fl-c"/>
      </object_component>
      <object_component id="oc-87">
         <name>.debug_info</name>
         <load_address>0x5e21</load_address>
         <run_address>0x5e21</run_address>
         <size>0x29b</size>
         <input_file_ref idref="fl-c"/>
      </object_component>
      <object_component id="oc-99">
         <name>.debug_info</name>
         <load_address>0x60bc</load_address>
         <run_address>0x60bc</run_address>
         <size>0x299</size>
         <input_file_ref idref="fl-c"/>
      </object_component>
      <object_component id="oc-81">
         <name>.debug_info</name>
         <load_address>0x6355</load_address>
         <run_address>0x6355</run_address>
         <size>0x289</size>
         <input_file_ref idref="fl-c"/>
      </object_component>
      <object_component id="oc-185">
         <name>.debug_info</name>
         <load_address>0x65de</load_address>
         <run_address>0x65de</run_address>
         <size>0x3b7</size>
         <input_file_ref idref="fl-d"/>
      </object_component>
      <object_component id="oc-182">
         <name>.debug_info</name>
         <load_address>0x6995</load_address>
         <run_address>0x6995</run_address>
         <size>0x15b</size>
         <input_file_ref idref="fl-d"/>
      </object_component>
      <object_component id="oc-1e7">
         <name>.debug_info</name>
         <load_address>0x6af0</load_address>
         <run_address>0x6af0</run_address>
         <size>0x161</size>
         <input_file_ref idref="fl-d"/>
      </object_component>
      <object_component id="oc-1e3">
         <name>.debug_info</name>
         <load_address>0x6c51</load_address>
         <run_address>0x6c51</run_address>
         <size>0x160</size>
         <input_file_ref idref="fl-d"/>
      </object_component>
      <object_component id="oc-1eb">
         <name>.debug_info</name>
         <load_address>0x6db1</load_address>
         <run_address>0x6db1</run_address>
         <size>0x22e</size>
         <input_file_ref idref="fl-d"/>
      </object_component>
      <object_component id="oc-117">
         <name>.debug_info</name>
         <load_address>0x6fdf</load_address>
         <run_address>0x6fdf</run_address>
         <size>0x279</size>
         <input_file_ref idref="fl-d"/>
      </object_component>
      <object_component id="oc-10b">
         <name>.debug_info</name>
         <load_address>0x7258</load_address>
         <run_address>0x7258</run_address>
         <size>0x2ca</size>
         <input_file_ref idref="fl-d"/>
      </object_component>
      <object_component id="oc-a5">
         <name>.debug_info</name>
         <load_address>0x7522</load_address>
         <run_address>0x7522</run_address>
         <size>0x271</size>
         <input_file_ref idref="fl-d"/>
      </object_component>
      <object_component id="oc-113">
         <name>.debug_info</name>
         <load_address>0x7793</load_address>
         <run_address>0x7793</run_address>
         <size>0x273</size>
         <input_file_ref idref="fl-d"/>
      </object_component>
      <object_component id="oc-131">
         <name>.debug_info</name>
         <load_address>0x7a06</load_address>
         <run_address>0x7a06</run_address>
         <size>0x441</size>
         <input_file_ref idref="fl-e"/>
      </object_component>
      <object_component id="oc-17e">
         <name>.debug_info</name>
         <load_address>0x7e47</load_address>
         <run_address>0x7e47</run_address>
         <size>0x156</size>
         <input_file_ref idref="fl-e"/>
      </object_component>
      <object_component id="oc-149">
         <name>.debug_info</name>
         <load_address>0x7f9d</load_address>
         <run_address>0x7f9d</run_address>
         <size>0x28c</size>
         <input_file_ref idref="fl-e"/>
      </object_component>
      <object_component id="oc-7d">
         <name>.debug_info</name>
         <load_address>0x8229</load_address>
         <run_address>0x8229</run_address>
         <size>0x286</size>
         <input_file_ref idref="fl-e"/>
      </object_component>
      <object_component id="oc-b2">
         <name>.debug_info</name>
         <load_address>0x84af</load_address>
         <run_address>0x84af</run_address>
         <size>0x2e4</size>
         <input_file_ref idref="fl-e"/>
      </object_component>
      <object_component id="oc-a0">
         <name>.debug_info</name>
         <load_address>0x8793</load_address>
         <run_address>0x8793</run_address>
         <size>0x2be</size>
         <input_file_ref idref="fl-e"/>
      </object_component>
      <object_component id="oc-1fc">
         <name>.debug_info</name>
         <load_address>0x8a51</load_address>
         <run_address>0x8a51</run_address>
         <size>0x51</size>
         <input_file_ref idref="fl-e"/>
      </object_component>
      <object_component id="oc-145">
         <name>.debug_info</name>
         <load_address>0x8aa2</load_address>
         <run_address>0x8aa2</run_address>
         <size>0x3cb</size>
         <input_file_ref idref="fl-f"/>
      </object_component>
      <object_component id="oc-153">
         <name>.debug_info</name>
         <load_address>0x8e6d</load_address>
         <run_address>0x8e6d</run_address>
         <size>0x250</size>
         <input_file_ref idref="fl-f"/>
      </object_component>
      <object_component id="oc-214">
         <name>.debug_info</name>
         <load_address>0x90bd</load_address>
         <run_address>0x90bd</run_address>
         <size>0x252</size>
         <input_file_ref idref="fl-f"/>
      </object_component>
      <object_component id="oc-14d">
         <name>.debug_info</name>
         <load_address>0x930f</load_address>
         <run_address>0x930f</run_address>
         <size>0x32f</size>
         <input_file_ref idref="fl-f"/>
      </object_component>
      <object_component id="oc-8d">
         <name>.debug_info</name>
         <load_address>0x963e</load_address>
         <run_address>0x963e</run_address>
         <size>0x29a</size>
         <input_file_ref idref="fl-f"/>
      </object_component>
      <object_component id="oc-bd">
         <name>.debug_info</name>
         <load_address>0x98d8</load_address>
         <run_address>0x98d8</run_address>
         <size>0x25c</size>
         <input_file_ref idref="fl-f"/>
      </object_component>
      <object_component id="oc-159">
         <name>.debug_info</name>
         <load_address>0x9b34</load_address>
         <run_address>0x9b34</run_address>
         <size>0x27c</size>
         <input_file_ref idref="fl-f"/>
      </object_component>
      <object_component id="oc-b7">
         <name>.debug_info</name>
         <load_address>0x9db0</load_address>
         <run_address>0x9db0</run_address>
         <size>0x26c</size>
         <input_file_ref idref="fl-f"/>
      </object_component>
      <object_component id="oc-15f">
         <name>.debug_info</name>
         <load_address>0xa01c</load_address>
         <run_address>0xa01c</run_address>
         <size>0x256</size>
         <input_file_ref idref="fl-f"/>
      </object_component>
      <object_component id="oc-16f">
         <name>.debug_info</name>
         <load_address>0xa272</load_address>
         <run_address>0xa272</run_address>
         <size>0x142</size>
         <input_file_ref idref="fl-c6"/>
      </object_component>
      <object_component id="oc-f1">
         <name>.debug_info</name>
         <load_address>0xa3b4</load_address>
         <run_address>0xa3b4</run_address>
         <size>0x2d4</size>
         <input_file_ref idref="fl-c7"/>
      </object_component>
      <object_component id="oc-4f">
         <name>.debug_info</name>
         <load_address>0xa688</load_address>
         <run_address>0xa688</run_address>
         <size>0x1d2</size>
         <input_file_ref idref="fl-c7"/>
      </object_component>
      <object_component id="oc-ec">
         <name>.debug_info</name>
         <load_address>0xa85a</load_address>
         <run_address>0xa85a</run_address>
         <size>0x46</size>
         <input_file_ref idref="fl-c7"/>
      </object_component>
      <object_component id="oc-19b">
         <name>.debug_info</name>
         <load_address>0xa8a0</load_address>
         <run_address>0xa8a0</run_address>
         <size>0x2c</size>
         <input_file_ref idref="fl-c7"/>
      </object_component>
      <object_component id="oc-4c">
         <name>.debug_info</name>
         <load_address>0xa8cc</load_address>
         <run_address>0xa8cc</run_address>
         <size>0x2a8</size>
         <input_file_ref idref="fl-c8"/>
      </object_component>
      <object_component id="oc-1c">
         <name>.debug_info</name>
         <load_address>0xab74</load_address>
         <run_address>0xab74</run_address>
         <size>0x1ea</size>
         <input_file_ref idref="fl-c8"/>
      </object_component>
      <object_component id="oc-47">
         <name>.debug_info</name>
         <load_address>0xad5e</load_address>
         <run_address>0xad5e</run_address>
         <size>0x46</size>
         <input_file_ref idref="fl-c8"/>
      </object_component>
      <object_component id="oc-e4">
         <name>.debug_info</name>
         <load_address>0xada4</load_address>
         <run_address>0xada4</run_address>
         <size>0x2c</size>
         <input_file_ref idref="fl-c8"/>
      </object_component>
      <object_component id="oc-e2">
         <name>.debug_info</name>
         <load_address>0xadd0</load_address>
         <run_address>0xadd0</run_address>
         <size>0x29e</size>
         <input_file_ref idref="fl-c9"/>
      </object_component>
      <object_component id="oc-18">
         <name>.debug_info</name>
         <load_address>0xb06e</load_address>
         <run_address>0xb06e</run_address>
         <size>0x250</size>
         <input_file_ref idref="fl-c9"/>
      </object_component>
      <object_component id="oc-37">
         <name>.debug_info</name>
         <load_address>0xb2be</load_address>
         <run_address>0xb2be</run_address>
         <size>0x60</size>
         <input_file_ref idref="fl-c9"/>
      </object_component>
      <object_component id="oc-194">
         <name>.debug_info</name>
         <load_address>0xb31e</load_address>
         <run_address>0xb31e</run_address>
         <size>0x46</size>
         <input_file_ref idref="fl-c9"/>
      </object_component>
      <object_component id="oc-dd">
         <name>.debug_info</name>
         <load_address>0xb364</load_address>
         <run_address>0xb364</run_address>
         <size>0x39</size>
         <input_file_ref idref="fl-c9"/>
      </object_component>
      <object_component id="oc-25">
         <name>.debug_info</name>
         <load_address>0xb39d</load_address>
         <run_address>0xb39d</run_address>
         <size>0x10b</size>
         <input_file_ref idref="fl-ca"/>
      </object_component>
      <object_component id="oc-63">
         <name>.debug_info</name>
         <load_address>0xb4a8</load_address>
         <run_address>0xb4a8</run_address>
         <size>0x1a9</size>
         <input_file_ref idref="fl-ca"/>
      </object_component>
      <object_component id="oc-224">
         <name>.debug_info</name>
         <load_address>0xb651</load_address>
         <run_address>0xb651</run_address>
         <size>0x115</size>
         <input_file_ref idref="fl-cb"/>
      </object_component>
      <object_component id="oc-44">
         <name>.debug_info</name>
         <load_address>0xb766</load_address>
         <run_address>0xb766</run_address>
         <size>0x119</size>
         <input_file_ref idref="fl-cc"/>
      </object_component>
      <object_component id="oc-23f">
         <name>.debug_info</name>
         <load_address>0xb87f</load_address>
         <run_address>0xb87f</run_address>
         <size>0x4b3</size>
         <input_file_ref idref="fl-ce"/>
      </object_component>
      <object_component id="oc-1b1">
         <name>.debug_info</name>
         <load_address>0xbd32</load_address>
         <run_address>0xbd32</run_address>
         <size>0x1a6</size>
         <input_file_ref idref="fl-ce"/>
      </object_component>
      <object_component id="oc-26c">
         <name>.debug_info</name>
         <load_address>0xbed8</load_address>
         <run_address>0xbed8</run_address>
         <size>0x39</size>
         <input_file_ref idref="fl-ce"/>
      </object_component>
      <object_component id="oc-282">
         <name>.debug_info</name>
         <load_address>0xbf11</load_address>
         <run_address>0xbf11</run_address>
         <size>0x39</size>
         <input_file_ref idref="fl-ce"/>
      </object_component>
      <object_component id="oc-271">
         <name>.debug_info</name>
         <load_address>0xbf4a</load_address>
         <run_address>0xbf4a</run_address>
         <size>0x39</size>
         <input_file_ref idref="fl-ce"/>
      </object_component>
      <object_component id="oc-276">
         <name>.debug_info</name>
         <load_address>0xbf83</load_address>
         <run_address>0xbf83</run_address>
         <size>0xcd</size>
         <input_file_ref idref="fl-ce"/>
      </object_component>
      <object_component id="oc-fa">
         <name>.debug_info</name>
         <load_address>0xc050</load_address>
         <run_address>0xc050</run_address>
         <size>0x153</size>
         <input_file_ref idref="fl-cf"/>
      </object_component>
      <object_component id="oc-1a7">
         <name>.debug_info</name>
         <load_address>0xc1a3</load_address>
         <run_address>0xc1a3</run_address>
         <size>0x122</size>
         <input_file_ref idref="fl-d1"/>
      </object_component>
      <object_component id="oc-2be">
         <name>.debug_info</name>
         <load_address>0xc2c5</load_address>
         <run_address>0xc2c5</run_address>
         <size>0x9c</size>
      </object_component>
      <object_component id="oc-1f4">
         <name>.debug_line</name>
         <load_address>0x0</load_address>
         <run_address>0x0</run_address>
         <size>0x5b</size>
         <input_file_ref idref="fl-2"/>
      </object_component>
      <object_component id="oc-1f2">
         <name>.debug_line</name>
         <load_address>0x5b</load_address>
         <run_address>0x5b</run_address>
         <size>0x2c</size>
         <input_file_ref idref="fl-2"/>
      </object_component>
      <object_component id="oc-79">
         <name>.debug_line</name>
         <load_address>0x87</load_address>
         <run_address>0x87</run_address>
         <size>0x63a</size>
         <input_file_ref idref="fl-2"/>
      </object_component>
      <object_component id="oc-129">
         <name>.debug_line</name>
         <load_address>0x6c1</load_address>
         <run_address>0x6c1</run_address>
         <size>0x55</size>
         <input_file_ref idref="fl-2"/>
      </object_component>
      <object_component id="oc-db">
         <name>.debug_line</name>
         <load_address>0x716</load_address>
         <run_address>0x716</run_address>
         <size>0x6f</size>
         <input_file_ref idref="fl-2"/>
      </object_component>
      <object_component id="oc-d4">
         <name>.debug_line</name>
         <load_address>0x785</load_address>
         <run_address>0x785</run_address>
         <size>0x20</size>
         <input_file_ref idref="fl-2"/>
      </object_component>
      <object_component id="oc-192">
         <name>.debug_line</name>
         <load_address>0x7a5</load_address>
         <run_address>0x7a5</run_address>
         <size>0x73</size>
         <input_file_ref idref="fl-2"/>
      </object_component>
      <object_component id="oc-123">
         <name>.debug_line</name>
         <load_address>0x818</load_address>
         <run_address>0x818</run_address>
         <size>0x6f</size>
         <input_file_ref idref="fl-2"/>
      </object_component>
      <object_component id="oc-cf">
         <name>.debug_line</name>
         <load_address>0x887</load_address>
         <run_address>0x887</run_address>
         <size>0x70</size>
         <input_file_ref idref="fl-2"/>
      </object_component>
      <object_component id="oc-18e">
         <name>.debug_line</name>
         <load_address>0x8f7</load_address>
         <run_address>0x8f7</run_address>
         <size>0x1ad</size>
         <input_file_ref idref="fl-3"/>
      </object_component>
      <object_component id="oc-18c">
         <name>.debug_line</name>
         <load_address>0xaa4</load_address>
         <run_address>0xaa4</run_address>
         <size>0x2d</size>
         <input_file_ref idref="fl-3"/>
      </object_component>
      <object_component id="oc-2e">
         <name>.debug_line</name>
         <load_address>0xad1</load_address>
         <run_address>0xad1</run_address>
         <size>0x156</size>
         <input_file_ref idref="fl-3"/>
      </object_component>
      <object_component id="oc-17a">
         <name>.debug_line</name>
         <load_address>0xc27</load_address>
         <run_address>0xc27</run_address>
         <size>0x6b</size>
         <input_file_ref idref="fl-3"/>
      </object_component>
      <object_component id="oc-d7">
         <name>.debug_line</name>
         <load_address>0xc92</load_address>
         <run_address>0xc92</run_address>
         <size>0x41</size>
         <input_file_ref idref="fl-4"/>
      </object_component>
      <object_component id="oc-34">
         <name>.debug_line</name>
         <load_address>0xcd3</load_address>
         <run_address>0xcd3</run_address>
         <size>0x41</size>
         <input_file_ref idref="fl-4"/>
      </object_component>
      <object_component id="oc-2c">
         <name>.debug_line</name>
         <load_address>0xd14</load_address>
         <run_address>0xd14</run_address>
         <size>0xa1</size>
         <input_file_ref idref="fl-4"/>
      </object_component>
      <object_component id="oc-3f">
         <name>.debug_line</name>
         <load_address>0xdb5</load_address>
         <run_address>0xdb5</run_address>
         <size>0x20</size>
         <input_file_ref idref="fl-4"/>
      </object_component>
      <object_component id="oc-22d">
         <name>.debug_line</name>
         <load_address>0xdd5</load_address>
         <run_address>0xdd5</run_address>
         <size>0x8e</size>
         <input_file_ref idref="fl-5"/>
      </object_component>
      <object_component id="oc-220">
         <name>.debug_line</name>
         <load_address>0xe63</load_address>
         <run_address>0xe63</run_address>
         <size>0x32</size>
         <input_file_ref idref="fl-5"/>
      </object_component>
      <object_component id="oc-22b">
         <name>.debug_line</name>
         <load_address>0xe95</load_address>
         <run_address>0xe95</run_address>
         <size>0x32</size>
         <input_file_ref idref="fl-5"/>
      </object_component>
      <object_component id="oc-222">
         <name>.debug_line</name>
         <load_address>0xec7</load_address>
         <run_address>0xec7</run_address>
         <size>0x32</size>
         <input_file_ref idref="fl-5"/>
      </object_component>
      <object_component id="oc-21e">
         <name>.debug_line</name>
         <load_address>0xef9</load_address>
         <run_address>0xef9</run_address>
         <size>0x32</size>
         <input_file_ref idref="fl-5"/>
      </object_component>
      <object_component id="oc-97">
         <name>.debug_line</name>
         <load_address>0xf2b</load_address>
         <run_address>0xf2b</run_address>
         <size>0x277</size>
         <input_file_ref idref="fl-5"/>
      </object_component>
      <object_component id="oc-27e">
         <name>.debug_line</name>
         <load_address>0x11a2</load_address>
         <run_address>0x11a2</run_address>
         <size>0x20</size>
         <input_file_ref idref="fl-b"/>
      </object_component>
      <object_component id="oc-ac">
         <name>.debug_line</name>
         <load_address>0x11c2</load_address>
         <run_address>0x11c2</run_address>
         <size>0x91</size>
         <input_file_ref idref="fl-b"/>
      </object_component>
      <object_component id="oc-208">
         <name>.debug_line</name>
         <load_address>0x1253</load_address>
         <run_address>0x1253</run_address>
         <size>0x71</size>
         <input_file_ref idref="fl-b"/>
      </object_component>
      <object_component id="oc-1f8">
         <name>.debug_line</name>
         <load_address>0x12c4</load_address>
         <run_address>0x12c4</run_address>
         <size>0x75</size>
         <input_file_ref idref="fl-b"/>
      </object_component>
      <object_component id="oc-203">
         <name>.debug_line</name>
         <load_address>0x1339</load_address>
         <run_address>0x1339</run_address>
         <size>0x71</size>
         <input_file_ref idref="fl-b"/>
      </object_component>
      <object_component id="oc-12f">
         <name>.debug_line</name>
         <load_address>0x13aa</load_address>
         <run_address>0x13aa</run_address>
         <size>0x72</size>
         <input_file_ref idref="fl-b"/>
      </object_component>
      <object_component id="oc-20d">
         <name>.debug_line</name>
         <load_address>0x141c</load_address>
         <run_address>0x141c</run_address>
         <size>0x82</size>
         <input_file_ref idref="fl-c"/>
      </object_component>
      <object_component id="oc-20b">
         <name>.debug_line</name>
         <load_address>0x149e</load_address>
         <run_address>0x149e</run_address>
         <size>0x7d</size>
         <input_file_ref idref="fl-c"/>
      </object_component>
      <object_component id="oc-13b">
         <name>.debug_line</name>
         <load_address>0x151b</load_address>
         <run_address>0x151b</run_address>
         <size>0x95</size>
         <input_file_ref idref="fl-c"/>
      </object_component>
      <object_component id="oc-141">
         <name>.debug_line</name>
         <load_address>0x15b0</load_address>
         <run_address>0x15b0</run_address>
         <size>0xc4</size>
         <input_file_ref idref="fl-c"/>
      </object_component>
      <object_component id="oc-8a">
         <name>.debug_line</name>
         <load_address>0x1674</load_address>
         <run_address>0x1674</run_address>
         <size>0x99</size>
         <input_file_ref idref="fl-c"/>
      </object_component>
      <object_component id="oc-9c">
         <name>.debug_line</name>
         <load_address>0x170d</load_address>
         <run_address>0x170d</run_address>
         <size>0x99</size>
         <input_file_ref idref="fl-c"/>
      </object_component>
      <object_component id="oc-84">
         <name>.debug_line</name>
         <load_address>0x17a6</load_address>
         <run_address>0x17a6</run_address>
         <size>0xa7</size>
         <input_file_ref idref="fl-c"/>
      </object_component>
      <object_component id="oc-233">
         <name>.debug_line</name>
         <load_address>0x184d</load_address>
         <run_address>0x184d</run_address>
         <size>0x7c</size>
         <input_file_ref idref="fl-d"/>
      </object_component>
      <object_component id="oc-231">
         <name>.debug_line</name>
         <load_address>0x18c9</load_address>
         <run_address>0x18c9</run_address>
         <size>0x82</size>
         <input_file_ref idref="fl-d"/>
      </object_component>
      <object_component id="oc-257">
         <name>.debug_line</name>
         <load_address>0x194b</load_address>
         <run_address>0x194b</run_address>
         <size>0x82</size>
         <input_file_ref idref="fl-d"/>
      </object_component>
      <object_component id="oc-255">
         <name>.debug_line</name>
         <load_address>0x19cd</load_address>
         <run_address>0x19cd</run_address>
         <size>0x82</size>
         <input_file_ref idref="fl-d"/>
      </object_component>
      <object_component id="oc-1ee">
         <name>.debug_line</name>
         <load_address>0x1a4f</load_address>
         <run_address>0x1a4f</run_address>
         <size>0x97</size>
         <input_file_ref idref="fl-d"/>
      </object_component>
      <object_component id="oc-11a">
         <name>.debug_line</name>
         <load_address>0x1ae6</load_address>
         <run_address>0x1ae6</run_address>
         <size>0x97</size>
         <input_file_ref idref="fl-d"/>
      </object_component>
      <object_component id="oc-10f">
         <name>.debug_line</name>
         <load_address>0x1b7d</load_address>
         <run_address>0x1b7d</run_address>
         <size>0xaf</size>
         <input_file_ref idref="fl-d"/>
      </object_component>
      <object_component id="oc-a9">
         <name>.debug_line</name>
         <load_address>0x1c2c</load_address>
         <run_address>0x1c2c</run_address>
         <size>0xc2</size>
         <input_file_ref idref="fl-d"/>
      </object_component>
      <object_component id="oc-111">
         <name>.debug_line</name>
         <load_address>0x1cee</load_address>
         <run_address>0x1cee</run_address>
         <size>0xc2</size>
         <input_file_ref idref="fl-d"/>
      </object_component>
      <object_component id="oc-1fb">
         <name>.debug_line</name>
         <load_address>0x1db0</load_address>
         <run_address>0x1db0</run_address>
         <size>0x13d</size>
         <input_file_ref idref="fl-e"/>
      </object_component>
      <object_component id="oc-22f">
         <name>.debug_line</name>
         <load_address>0x1eed</load_address>
         <run_address>0x1eed</run_address>
         <size>0x7f</size>
         <input_file_ref idref="fl-e"/>
      </object_component>
      <object_component id="oc-147">
         <name>.debug_line</name>
         <load_address>0x1f6c</load_address>
         <run_address>0x1f6c</run_address>
         <size>0x94</size>
         <input_file_ref idref="fl-e"/>
      </object_component>
      <object_component id="oc-7b">
         <name>.debug_line</name>
         <load_address>0x2000</load_address>
         <run_address>0x2000</run_address>
         <size>0x94</size>
         <input_file_ref idref="fl-e"/>
      </object_component>
      <object_component id="oc-b5">
         <name>.debug_line</name>
         <load_address>0x2094</load_address>
         <run_address>0x2094</run_address>
         <size>0xee</size>
         <input_file_ref idref="fl-e"/>
      </object_component>
      <object_component id="oc-a3">
         <name>.debug_line</name>
         <load_address>0x2182</load_address>
         <run_address>0x2182</run_address>
         <size>0x118</size>
         <input_file_ref idref="fl-e"/>
      </object_component>
      <object_component id="oc-1fe">
         <name>.debug_line</name>
         <load_address>0x229a</load_address>
         <run_address>0x229a</run_address>
         <size>0x7f</size>
         <input_file_ref idref="fl-e"/>
      </object_component>
      <object_component id="oc-211">
         <name>.debug_line</name>
         <load_address>0x2319</load_address>
         <run_address>0x2319</run_address>
         <size>0x82</size>
         <input_file_ref idref="fl-f"/>
      </object_component>
      <object_component id="oc-156">
         <name>.debug_line</name>
         <load_address>0x239b</load_address>
         <run_address>0x239b</run_address>
         <size>0x93</size>
         <input_file_ref idref="fl-f"/>
      </object_component>
      <object_component id="oc-217">
         <name>.debug_line</name>
         <load_address>0x242e</load_address>
         <run_address>0x242e</run_address>
         <size>0x96</size>
         <input_file_ref idref="fl-f"/>
      </object_component>
      <object_component id="oc-150">
         <name>.debug_line</name>
         <load_address>0x24c4</load_address>
         <run_address>0x24c4</run_address>
         <size>0xb3</size>
         <input_file_ref idref="fl-f"/>
      </object_component>
      <object_component id="oc-90">
         <name>.debug_line</name>
         <load_address>0x2577</load_address>
         <run_address>0x2577</run_address>
         <size>0x92</size>
         <input_file_ref idref="fl-f"/>
      </object_component>
      <object_component id="oc-c0">
         <name>.debug_line</name>
         <load_address>0x2609</load_address>
         <run_address>0x2609</run_address>
         <size>0x92</size>
         <input_file_ref idref="fl-f"/>
      </object_component>
      <object_component id="oc-15c">
         <name>.debug_line</name>
         <load_address>0x269b</load_address>
         <run_address>0x269b</run_address>
         <size>0x93</size>
         <input_file_ref idref="fl-f"/>
      </object_component>
      <object_component id="oc-ba">
         <name>.debug_line</name>
         <load_address>0x272e</load_address>
         <run_address>0x272e</run_address>
         <size>0x92</size>
         <input_file_ref idref="fl-f"/>
      </object_component>
      <object_component id="oc-162">
         <name>.debug_line</name>
         <load_address>0x27c0</load_address>
         <run_address>0x27c0</run_address>
         <size>0x93</size>
         <input_file_ref idref="fl-f"/>
      </object_component>
      <object_component id="oc-16e">
         <name>.debug_line</name>
         <load_address>0x2853</load_address>
         <run_address>0x2853</run_address>
         <size>0x5b</size>
         <input_file_ref idref="fl-c6"/>
      </object_component>
      <object_component id="oc-1a1">
         <name>.debug_line</name>
         <load_address>0x28ae</load_address>
         <run_address>0x28ae</run_address>
         <size>0x92</size>
         <input_file_ref idref="fl-c7"/>
      </object_component>
      <object_component id="oc-52">
         <name>.debug_line</name>
         <load_address>0x2940</load_address>
         <run_address>0x2940</run_address>
         <size>0x4c</size>
         <input_file_ref idref="fl-c7"/>
      </object_component>
      <object_component id="oc-ef">
         <name>.debug_line</name>
         <load_address>0x298c</load_address>
         <run_address>0x298c</run_address>
         <size>0x34</size>
         <input_file_ref idref="fl-c7"/>
      </object_component>
      <object_component id="oc-19e">
         <name>.debug_line</name>
         <load_address>0x29c0</load_address>
         <run_address>0x29c0</run_address>
         <size>0x92</size>
         <input_file_ref idref="fl-c7"/>
      </object_component>
      <object_component id="oc-ea">
         <name>.debug_line</name>
         <load_address>0x2a52</load_address>
         <run_address>0x2a52</run_address>
         <size>0x20</size>
         <input_file_ref idref="fl-c8"/>
      </object_component>
      <object_component id="oc-20">
         <name>.debug_line</name>
         <load_address>0x2a72</load_address>
         <run_address>0x2a72</run_address>
         <size>0x55</size>
         <input_file_ref idref="fl-c8"/>
      </object_component>
      <object_component id="oc-4a">
         <name>.debug_line</name>
         <load_address>0x2ac7</load_address>
         <run_address>0x2ac7</run_address>
         <size>0x3a</size>
         <input_file_ref idref="fl-c8"/>
      </object_component>
      <object_component id="oc-e7">
         <name>.debug_line</name>
         <load_address>0x2b01</load_address>
         <run_address>0x2b01</run_address>
         <size>0x92</size>
         <input_file_ref idref="fl-c8"/>
      </object_component>
      <object_component id="oc-19a">
         <name>.debug_line</name>
         <load_address>0x2b93</load_address>
         <run_address>0x2b93</run_address>
         <size>0x20</size>
         <input_file_ref idref="fl-c9"/>
      </object_component>
      <object_component id="oc-16">
         <name>.debug_line</name>
         <load_address>0x2bb3</load_address>
         <run_address>0x2bb3</run_address>
         <size>0xa9</size>
         <input_file_ref idref="fl-c9"/>
      </object_component>
      <object_component id="oc-3a">
         <name>.debug_line</name>
         <load_address>0x2c5c</load_address>
         <run_address>0x2c5c</run_address>
         <size>0x3a</size>
         <input_file_ref idref="fl-c9"/>
      </object_component>
      <object_component id="oc-197">
         <name>.debug_line</name>
         <load_address>0x2c96</load_address>
         <run_address>0x2c96</run_address>
         <size>0x9a</size>
         <input_file_ref idref="fl-c9"/>
      </object_component>
      <object_component id="oc-e0">
         <name>.debug_line</name>
         <load_address>0x2d30</load_address>
         <run_address>0x2d30</run_address>
         <size>0x96</size>
         <input_file_ref idref="fl-c9"/>
      </object_component>
      <object_component id="oc-72">
         <name>.debug_line</name>
         <load_address>0x2dc6</load_address>
         <run_address>0x2dc6</run_address>
         <size>0x33</size>
         <input_file_ref idref="fl-ca"/>
      </object_component>
      <object_component id="oc-60">
         <name>.debug_line</name>
         <load_address>0x2df9</load_address>
         <run_address>0x2df9</run_address>
         <size>0x45</size>
         <input_file_ref idref="fl-ca"/>
      </object_component>
      <object_component id="oc-227">
         <name>.debug_line</name>
         <load_address>0x2e3e</load_address>
         <run_address>0x2e3e</run_address>
         <size>0x37</size>
         <input_file_ref idref="fl-cb"/>
      </object_component>
      <object_component id="oc-43">
         <name>.debug_line</name>
         <load_address>0x2e75</load_address>
         <run_address>0x2e75</run_address>
         <size>0x88</size>
         <input_file_ref idref="fl-cc"/>
      </object_component>
      <object_component id="oc-26b">
         <name>.debug_line</name>
         <load_address>0x2efd</load_address>
         <run_address>0x2efd</run_address>
         <size>0xbf</size>
         <input_file_ref idref="fl-ce"/>
      </object_component>
      <object_component id="oc-1b4">
         <name>.debug_line</name>
         <load_address>0x2fbc</load_address>
         <run_address>0x2fbc</run_address>
         <size>0x6f</size>
         <input_file_ref idref="fl-ce"/>
      </object_component>
      <object_component id="oc-26f">
         <name>.debug_line</name>
         <load_address>0x302b</load_address>
         <run_address>0x302b</run_address>
         <size>0x2e</size>
         <input_file_ref idref="fl-ce"/>
      </object_component>
      <object_component id="oc-285">
         <name>.debug_line</name>
         <load_address>0x3059</load_address>
         <run_address>0x3059</run_address>
         <size>0x9a</size>
         <input_file_ref idref="fl-ce"/>
      </object_component>
      <object_component id="oc-274">
         <name>.debug_line</name>
         <load_address>0x30f3</load_address>
         <run_address>0x30f3</run_address>
         <size>0x97</size>
         <input_file_ref idref="fl-ce"/>
      </object_component>
      <object_component id="oc-279">
         <name>.debug_line</name>
         <load_address>0x318a</load_address>
         <run_address>0x318a</run_address>
         <size>0x93</size>
         <input_file_ref idref="fl-ce"/>
      </object_component>
      <object_component id="oc-f9">
         <name>.debug_line</name>
         <load_address>0x321d</load_address>
         <run_address>0x321d</run_address>
         <size>0x40</size>
         <input_file_ref idref="fl-cf"/>
      </object_component>
      <object_component id="oc-1a5">
         <name>.debug_line</name>
         <load_address>0x325d</load_address>
         <run_address>0x325d</run_address>
         <size>0x3c</size>
         <input_file_ref idref="fl-d1"/>
      </object_component>
      <object_component id="oc-78">
         <name>.debug_frame</name>
         <load_address>0x0</load_address>
         <run_address>0x0</run_address>
         <size>0x268</size>
         <input_file_ref idref="fl-2"/>
      </object_component>
      <object_component id="oc-32">
         <name>.debug_frame</name>
         <load_address>0x268</load_address>
         <run_address>0x268</run_address>
         <size>0xc4</size>
         <input_file_ref idref="fl-3"/>
      </object_component>
      <object_component id="oc-29">
         <name>.debug_frame</name>
         <load_address>0x32c</load_address>
         <run_address>0x32c</run_address>
         <size>0x90</size>
         <input_file_ref idref="fl-4"/>
      </object_component>
      <object_component id="oc-94">
         <name>.debug_frame</name>
         <load_address>0x3bc</load_address>
         <run_address>0x3bc</run_address>
         <size>0x100</size>
         <input_file_ref idref="fl-5"/>
      </object_component>
      <object_component id="oc-ad">
         <name>.debug_frame</name>
         <load_address>0x4bc</load_address>
         <run_address>0x4bc</run_address>
         <size>0x54</size>
         <input_file_ref idref="fl-b"/>
      </object_component>
      <object_component id="oc-13c">
         <name>.debug_frame</name>
         <load_address>0x510</load_address>
         <run_address>0x510</run_address>
         <size>0x54</size>
         <input_file_ref idref="fl-c"/>
      </object_component>
      <object_component id="oc-142">
         <name>.debug_frame</name>
         <load_address>0x564</load_address>
         <run_address>0x564</run_address>
         <size>0x68</size>
         <input_file_ref idref="fl-c"/>
      </object_component>
      <object_component id="oc-8b">
         <name>.debug_frame</name>
         <load_address>0x5cc</load_address>
         <run_address>0x5cc</run_address>
         <size>0x58</size>
         <input_file_ref idref="fl-c"/>
      </object_component>
      <object_component id="oc-9d">
         <name>.debug_frame</name>
         <load_address>0x624</load_address>
         <run_address>0x624</run_address>
         <size>0x58</size>
         <input_file_ref idref="fl-c"/>
      </object_component>
      <object_component id="oc-85">
         <name>.debug_frame</name>
         <load_address>0x67c</load_address>
         <run_address>0x67c</run_address>
         <size>0x58</size>
         <input_file_ref idref="fl-c"/>
      </object_component>
      <object_component id="oc-1ef">
         <name>.debug_frame</name>
         <load_address>0x6d4</load_address>
         <run_address>0x6d4</run_address>
         <size>0x54</size>
         <input_file_ref idref="fl-d"/>
      </object_component>
      <object_component id="oc-11b">
         <name>.debug_frame</name>
         <load_address>0x728</load_address>
         <run_address>0x728</run_address>
         <size>0x54</size>
         <input_file_ref idref="fl-d"/>
      </object_component>
      <object_component id="oc-10e">
         <name>.debug_frame</name>
         <load_address>0x77c</load_address>
         <run_address>0x77c</run_address>
         <size>0x60</size>
         <input_file_ref idref="fl-d"/>
      </object_component>
      <object_component id="oc-a8">
         <name>.debug_frame</name>
         <load_address>0x7dc</load_address>
         <run_address>0x7dc</run_address>
         <size>0x54</size>
         <input_file_ref idref="fl-d"/>
      </object_component>
      <object_component id="oc-112">
         <name>.debug_frame</name>
         <load_address>0x830</load_address>
         <run_address>0x830</run_address>
         <size>0x54</size>
         <input_file_ref idref="fl-d"/>
      </object_component>
      <object_component id="oc-148">
         <name>.debug_frame</name>
         <load_address>0x884</load_address>
         <run_address>0x884</run_address>
         <size>0x54</size>
         <input_file_ref idref="fl-e"/>
      </object_component>
      <object_component id="oc-7c">
         <name>.debug_frame</name>
         <load_address>0x8d8</load_address>
         <run_address>0x8d8</run_address>
         <size>0x54</size>
         <input_file_ref idref="fl-e"/>
      </object_component>
      <object_component id="oc-b1">
         <name>.debug_frame</name>
         <load_address>0x92c</load_address>
         <run_address>0x92c</run_address>
         <size>0x68</size>
         <input_file_ref idref="fl-e"/>
      </object_component>
      <object_component id="oc-9f">
         <name>.debug_frame</name>
         <load_address>0x994</load_address>
         <run_address>0x994</run_address>
         <size>0x60</size>
         <input_file_ref idref="fl-e"/>
      </object_component>
      <object_component id="oc-157">
         <name>.debug_frame</name>
         <load_address>0x9f4</load_address>
         <run_address>0x9f4</run_address>
         <size>0x54</size>
         <input_file_ref idref="fl-f"/>
      </object_component>
      <object_component id="oc-218">
         <name>.debug_frame</name>
         <load_address>0xa48</load_address>
         <run_address>0xa48</run_address>
         <size>0x54</size>
         <input_file_ref idref="fl-f"/>
      </object_component>
      <object_component id="oc-151">
         <name>.debug_frame</name>
         <load_address>0xa9c</load_address>
         <run_address>0xa9c</run_address>
         <size>0x5c</size>
         <input_file_ref idref="fl-f"/>
      </object_component>
      <object_component id="oc-91">
         <name>.debug_frame</name>
         <load_address>0xaf8</load_address>
         <run_address>0xaf8</run_address>
         <size>0x54</size>
         <input_file_ref idref="fl-f"/>
      </object_component>
      <object_component id="oc-c1">
         <name>.debug_frame</name>
         <load_address>0xb4c</load_address>
         <run_address>0xb4c</run_address>
         <size>0x54</size>
         <input_file_ref idref="fl-f"/>
      </object_component>
      <object_component id="oc-15d">
         <name>.debug_frame</name>
         <load_address>0xba0</load_address>
         <run_address>0xba0</run_address>
         <size>0x54</size>
         <input_file_ref idref="fl-f"/>
      </object_component>
      <object_component id="oc-bb">
         <name>.debug_frame</name>
         <load_address>0xbf4</load_address>
         <run_address>0xbf4</run_address>
         <size>0x54</size>
         <input_file_ref idref="fl-f"/>
      </object_component>
      <object_component id="oc-163">
         <name>.debug_frame</name>
         <load_address>0xc48</load_address>
         <run_address>0xc48</run_address>
         <size>0x54</size>
         <input_file_ref idref="fl-f"/>
      </object_component>
      <object_component id="oc-51">
         <name>.debug_frame</name>
         <load_address>0xc9c</load_address>
         <run_address>0xc9c</run_address>
         <size>0x54</size>
         <input_file_ref idref="fl-c7"/>
      </object_component>
      <object_component id="oc-1f">
         <name>.debug_frame</name>
         <load_address>0xcf0</load_address>
         <run_address>0xcf0</run_address>
         <size>0x54</size>
         <input_file_ref idref="fl-c8"/>
      </object_component>
      <object_component id="oc-1a">
         <name>.debug_frame</name>
         <load_address>0xd44</load_address>
         <run_address>0xd44</run_address>
         <size>0x60</size>
         <input_file_ref idref="fl-c9"/>
      </object_component>
      <object_component id="oc-61">
         <name>.debug_frame</name>
         <load_address>0xda4</load_address>
         <run_address>0xda4</run_address>
         <size>0x50</size>
         <input_file_ref idref="fl-ca"/>
      </object_component>
      <object_component id="oc-1b5">
         <name>.debug_frame</name>
         <load_address>0xdf4</load_address>
         <run_address>0xdf4</run_address>
         <size>0x5c</size>
         <input_file_ref idref="fl-ce"/>
      </object_component>
      <object_component id="oc-fd">
         <name>.debug_frame</name>
         <load_address>0xe50</load_address>
         <run_address>0xe50</run_address>
         <size>0x54</size>
         <input_file_ref idref="fl-cf"/>
      </object_component>
      <object_component id="oc-1a6">
         <name>.debug_frame</name>
         <load_address>0xea4</load_address>
         <run_address>0xea4</run_address>
         <size>0x54</size>
         <input_file_ref idref="fl-d1"/>
      </object_component>
      <object_component id="oc-1f3">
         <name>.debug_abbrev</name>
         <load_address>0x0</load_address>
         <run_address>0x0</run_address>
         <size>0x76</size>
         <input_file_ref idref="fl-2"/>
      </object_component>
      <object_component id="oc-1f1">
         <name>.debug_abbrev</name>
         <load_address>0x76</load_address>
         <run_address>0x76</run_address>
         <size>0x27</size>
         <input_file_ref idref="fl-2"/>
      </object_component>
      <object_component id="oc-11f">
         <name>.debug_abbrev</name>
         <load_address>0x9d</load_address>
         <run_address>0x9d</run_address>
         <size>0x12c</size>
         <input_file_ref idref="fl-2"/>
      </object_component>
      <object_component id="oc-128">
         <name>.debug_abbrev</name>
         <load_address>0x1c9</load_address>
         <run_address>0x1c9</run_address>
         <size>0x96</size>
         <input_file_ref idref="fl-2"/>
      </object_component>
      <object_component id="oc-da">
         <name>.debug_abbrev</name>
         <load_address>0x25f</load_address>
         <run_address>0x25f</run_address>
         <size>0x69</size>
         <input_file_ref idref="fl-2"/>
      </object_component>
      <object_component id="oc-d3">
         <name>.debug_abbrev</name>
         <load_address>0x2c8</load_address>
         <run_address>0x2c8</run_address>
         <size>0x1f</size>
         <input_file_ref idref="fl-2"/>
      </object_component>
      <object_component id="oc-191">
         <name>.debug_abbrev</name>
         <load_address>0x2e7</load_address>
         <run_address>0x2e7</run_address>
         <size>0x5c</size>
         <input_file_ref idref="fl-2"/>
      </object_component>
      <object_component id="oc-122">
         <name>.debug_abbrev</name>
         <load_address>0x343</load_address>
         <run_address>0x343</run_address>
         <size>0x24</size>
         <input_file_ref idref="fl-2"/>
      </object_component>
      <object_component id="oc-ce">
         <name>.debug_abbrev</name>
         <load_address>0x367</load_address>
         <run_address>0x367</run_address>
         <size>0x24</size>
         <input_file_ref idref="fl-2"/>
      </object_component>
      <object_component id="oc-18d">
         <name>.debug_abbrev</name>
         <load_address>0x38b</load_address>
         <run_address>0x38b</run_address>
         <size>0xed</size>
         <input_file_ref idref="fl-3"/>
      </object_component>
      <object_component id="oc-18b">
         <name>.debug_abbrev</name>
         <load_address>0x478</load_address>
         <run_address>0x478</run_address>
         <size>0x29</size>
         <input_file_ref idref="fl-3"/>
      </object_component>
      <object_component id="oc-cb">
         <name>.debug_abbrev</name>
         <load_address>0x4a1</load_address>
         <run_address>0x4a1</run_address>
         <size>0x9b</size>
         <input_file_ref idref="fl-3"/>
      </object_component>
      <object_component id="oc-179">
         <name>.debug_abbrev</name>
         <load_address>0x53c</load_address>
         <run_address>0x53c</run_address>
         <size>0x24</size>
         <input_file_ref idref="fl-3"/>
      </object_component>
      <object_component id="oc-d6">
         <name>.debug_abbrev</name>
         <load_address>0x560</load_address>
         <run_address>0x560</run_address>
         <size>0x7c</size>
         <input_file_ref idref="fl-4"/>
      </object_component>
      <object_component id="oc-33">
         <name>.debug_abbrev</name>
[...]
            <logical_group_ref idref="lg-a"/>
         </contents>
      </load_segment>
   </logical_group_list>
   <placement_map>
      <memory_area display="yes" color="green">
         <name>FLASH</name>
         <page_id>0x0</page_id>
         <origin>0x0</origin>
         <length>0x40000</length>
         <used_space>0x1f58</used_space>
         <unused_space>0x3e0a8</unused_space>
         <attributes>RX</attributes>
         <usage_details>
            <allocated_space>
               <start_address>0x0</start_address>
               <size>0x26c</size>
               <logical_group_ref idref="lg-3"/>
            </allocated_space>
            <allocated_space>
               <start_address>0x26c</start_address>
               <size>0x1b38</size>
               <logical_group_ref idref="lg-4"/>
            </allocated_space>
            <allocated_space>
               <start_address>0x1da4</start_address>
               <size>0x174</size>
               <logical_group_ref idref="lg-5"/>
            </allocated_space>
            <allocated_space>
               <start_address>0x1f18</start_address>
               <size>0x40</size>
               <logical_group_ref idref="lg-6"/>
            </allocated_space>
            <available_space>
               <start_address>0x1f58</start_address>
               <size>0x3e0a8</size>
            </available_space>
         </usage_details>
      </memory_area>
      <memory_area display="yes" color="green">
         <name>SRAM</name>
         <page_id>0x0</page_id>
         <origin>0x20000000</origin>
         <length>0x8000</length>
         <used_space>0x4ab</used_space>
         <unused_space>0x7b55</unused_space>
         <attributes>RWX</attributes>
         <usage_details>
            <allocated_space>
               <start_address>0x20000000</start_address>
               <size>0x0</size>
               <logical_group_ref idref="lg-290"/>
            </allocated_space>
            <allocated_space>
               <start_address>0x20000000</start_address>
               <size>0x26c</size>
               <logical_group_ref idref="lg-9"/>
            </allocated_space>
            <available_space>
               <start_address>0x2000026c</start_address>
               <size>0x4</size>
            </available_space>
            <allocated_space>
               <start_address>0x20000270</start_address>
               <size>0x200</size>
               <logical_group_ref idref="lg-d"/>
            </allocated_space>
            <allocated_space>
               <start_address>0x20000470</start_address>
               <size>0x2a</size>
               <logical_group_ref idref="lg-b"/>
            </allocated_space>
            <available_space>
               <start_address>0x2000049a</start_address>
               <size>0x2</size>
            </available_space>
            <allocated_space>
               <start_address>0x2000049c</start_address>
               <size>0x15</size>
               <logical_group_ref idref="lg-a"/>
            </allocated_space>
            <available_space>
               <start_address>0x200004b1</start_address>
               <size>0x7b4f</size>
            </available_space>
         </usage_details>
      </memory_area>
   </placement_map>
   <cptbl_list>
      <cptbl>
         <name>__TI_cinit_table</name>
         <cprec>
            <name>.data</name>
            <load_address>0x1f18</load_address>
            <load_size>0xc</load_size>
            <run_address>0x2000049c</run_address>
            <run_size>0x15</run_size>
            <compression>lzss</compression>
         </cprec>
         <cprec>
            <name>.bss</name>
            <load_address>0x1f30</load_address>
            <load_size>0x8</load_size>
            <run_address>0x20000470</run_address>
            <run_size>0x2a</run_size>
            <compression>zero_init</compression>
         </cprec>
         <cprec>
            <name>.vtable</name>
            <load_address>0x1f38</load_address>
            <load_size>0x8</load_size>
            <run_address>0x20000000</run_address>
            <run_size>0x26c</run_size>
            <compression>zero_init</compression>
         </cprec>
      </cptbl>
   </cptbl_list>
   <handler_table>
      <handler_table_name>__TI_handler_table</handler_table_name>
      <handler>
         <index>0x0</index>
         <name>__TI_zero_init</name>
      </handler>
      <handler>
         <index>0x1</index>
         <name>__TI_decompress_lzss</name>
      </handler>
      <handler>
         <index>0x2</index>
         <name>__TI_decompress_none</name>
      </handler>
   </handler_table>
   <symbol_table>
      <symbol id="sm-1">
         <name>__STACK_TOP</name>
         <value>0x20000470</value>
      </symbol>
      <symbol id="sm-2">
         <name>__start___llvm_prf_cnts</name>
         <value>0x20000000</value>
      </symbol>
      <symbol id="sm-3">
         <name>__stop___llvm_prf_cnts</name>
         <value>0x20000000</value>
      </symbol>
      <symbol id="sm-4">
         <name>__TI_CINIT_Base</name>
         <value>0x1f40</value>
      </symbol>
      <symbol id="sm-5">
         <name>__TI_CINIT_Limit</name>
         <value>0x1f58</value>
      </symbol>
      <symbol id="sm-6">
         <name>__TI_Handler_Table_Base</name>
         <value>0x1f24</value>
      </symbol>
      <symbol id="sm-7">
         <name>__TI_Handler_Table_Limit</name>
         <value>0x1f30</value>
      </symbol>
      <symbol id="sm-8">
         <name>binit</name>
         <value>0xffffffff</value>
      </symbol>
      <symbol id="sm-9">
         <name>__binit__</name>
         <value>0xffffffff</value>
      </symbol>
      <symbol id="sm-a">
         <name>__STACK_SIZE</name>
         <value>0x200</value>
      </symbol>
      <symbol id="sm-b">
         <name>__STACK_END</name>
         <value>0x20000470</value>
      </symbol>
      <symbol id="sm-c">
         <name>__c_args__</name>
         <value>0xffffffff</value>
      </symbol>
      <symbol id="sm-d">
         <name>__TI_pprof_out_hndl</name>
         <value>0xffffffff</value>
      </symbol>
      <symbol id="sm-e">
         <name>__TI_prof_data_start</name>
         <value>0xffffffff</value>
      </symbol>
      <symbol id="sm-f">
         <name>__TI_prof_data_size</name>
         <value>0xffffffff</value>
      </symbol>
      <symbol id="sm-d2">
         <name>CANIntRegister</name>
         <value>0x5d7</value>
         <object_component_ref idref="oc-74"/>
      </symbol>
      <symbol id="sm-d3">
         <name>CANMessageGet</name>
         <value>0xa5b</value>
         <object_component_ref idref="oc-74"/>
      </symbol>
      <symbol id="sm-d4">
         <name>CANBitRateSet</name>
         <value>0x47d</value>
         <object_component_ref idref="oc-74"/>
      </symbol>
      <symbol id="sm-d5">
         <name>CANIntUnregister</name>
         <value>0x5f5</value>
         <object_component_ref idref="oc-74"/>
      </symbol>
      <symbol id="sm-d6">
         <name>CANBitTimingGet</name>
         <value>0x415</value>
         <object_component_ref idref="oc-74"/>
      </symbol>
      <symbol id="sm-d7">
         <name>CANEnable</name>
         <value>0x3ed</value>
         <object_component_ref idref="oc-74"/>
      </symbol>
      <symbol id="sm-d8">
         <name>CANStatusGet</name>
         <value>0x70d</value>
         <object_component_ref idref="oc-74"/>
      </symbol>
      <symbol id="sm-d9">
         <name>CANIntDisable</name>
         <value>0x625</value>
         <object_component_ref idref="oc-74"/>
      </symbol>
      <symbol id="sm-da">
         <name>CANMessageSet</name>
         <value>0x7c9</value>
         <object_component_ref idref="oc-74"/>
      </symbol>
      <symbol id="sm-db">
         <name>CANIntClear</name>
         <value>0x685</value>
         <object_component_ref idref="oc-74"/>
      </symbol>
      <symbol id="sm-dc">
         <name>CANIntStatus</name>
         <value>0x63b</value>
         <object_component_ref idref="oc-74"/>
      </symbol>
      <symbol id="sm-dd">
         <name>CANDisable</name>
         <value>0x401</value>
         <object_component_ref idref="oc-74"/>
      </symbol>
      <symbol id="sm-de">
         <name>CANMessageClear</name>
         <value>0xc65</value>
         <object_component_ref idref="oc-74"/>
      </symbol>
      <symbol id="sm-df">
         <name>CANErrCntrGet</name>
         <value>0x793</value>
         <object_component_ref idref="oc-74"/>
      </symbol>
      <symbol id="sm-e0">
         <name>CANInit</name>
         <value>0x371</value>
         <object_component_ref idref="oc-74"/>
      </symbol>
      <symbol id="sm-e1">
         <name>CANBitTimingSet</name>
         <value>0x549</value>
         <object_component_ref idref="oc-74"/>
      </symbol>
      <symbol id="sm-e2">
         <name>CANRetryGet</name>
         <value>0x6f1</value>
         <object_component_ref idref="oc-74"/>
      </symbol>
      <symbol id="sm-e3">
         <name>CANIntEnable</name>
         <value>0x60f</value>
         <object_component_ref idref="oc-74"/>
      </symbol>
      <symbol id="sm-e4">
         <name>CANRetrySet</name>
         <value>0x6bf</value>
         <object_component_ref idref="oc-74"/>
      </symbol>
      <symbol id="sm-13f">
         <name>g_sCAN0RxMessage</name>
         <value>0x20000470</value>
      </symbol>
      <symbol id="sm-140">
         <name>g_sCAN0TxMessage</name>
         <value>0x20000484</value>
      </symbol>
      <symbol id="sm-141">
         <name>g_ui8TXMsgData</name>
         <value>0x20000499</value>
      </symbol>
      <symbol id="sm-142">
         <name>g_ui8RXMsgData</name>
         <value>0x20000498</value>
      </symbol>
      <symbol id="sm-143">
         <name>CANErrorHandler</name>
         <value>0x127b</value>
         <object_component_ref idref="oc-2d"/>
      </symbol>
      <symbol id="sm-144">
         <name>InitCAN0</name>
         <value>0x11e7</value>
         <object_component_ref idref="oc-2d"/>
      </symbol>
      <symbol id="sm-145">
         <name>main</name>
         <value>0x1389</value>
         <object_component_ref idref="oc-2d"/>
      </symbol>
      <symbol id="sm-146">
         <name>ConfigureUART</name>
         <value>0x11ab</value>
         <object_component_ref idref="oc-2d"/>
      </symbol>
      <symbol id="sm-147">
         <name>g_ui32RXMsgCount</name>
         <value>0x2000049c</value>
         <object_component_ref idref="oc-c2"/>
      </symbol>
      <symbol id="sm-148">
         <name>g_ui32TXMsgCount</name>
         <value>0x200004a0</value>
         <object_component_ref idref="oc-c2"/>
      </symbol>
      <symbol id="sm-149">
         <name>CANIntHandler</name>
         <value>0x113d</value>
         <object_component_ref idref="oc-2d"/>
      </symbol>
      <symbol id="sm-14a">
         <name>g_bRXFlag</name>
         <value>0x200004a4</value>
         <object_component_ref idref="oc-c2"/>
      </symbol>
      <symbol id="sm-14b">
         <name>g_ui32ErrFlag</name>
         <value>0x200004a8</value>
         <object_component_ref idref="oc-c2"/>
      </symbol>
      <symbol id="sm-16c">
         <name>ResetISR</name>
         <value>0x1d6f</value>
         <object_component_ref idref="oc-27"/>
      </symbol>
      <symbol id="sm-16d">
         <name>g_pfnVectors</name>
         <value>0x0</value>
         <object_component_ref idref="oc-12"/>
      </symbol>
      <symbol id="sm-1dd">
         <name>UARTgetc</name>
         <value>0xde5</value>
         <object_component_ref idref="oc-92"/>
      </symbol>
      <symbol id="sm-1de">
         <name>UARTgets</name>
         <value>0xd2b</value>
         <object_component_ref idref="oc-92"/>
      </symbol>
      <symbol id="sm-1df">
         <name>UARTStdioConfig</name>
         <value>0xc95</value>
         <object_component_ref idref="oc-92"/>
      </symbol>
      <symbol id="sm-1e0">
         <name>UARTwrite</name>
         <value>0xcdb</value>
         <object_component_ref idref="oc-92"/>
      </symbol>
      <symbol id="sm-1e1">
         <name>UARTprintf</name>
         <value>0x1107</value>
         <object_component_ref idref="oc-92"/>
      </symbol>
      <symbol id="sm-1e2">
         <name>UARTvprintf</name>
         <value>0xe0d</value>
         <object_component_ref idref="oc-92"/>
      </symbol>
      <symbol id="sm-205">
         <name>FPULazyStackingEnable</name>
         <value>0x1d35</value>
         <object_component_ref idref="oc-aa"/>
      </symbol>
      <symbol id="sm-247">
         <name>GPIOPinConfigure</name>
         <value>0x1a8d</value>
         <object_component_ref idref="oc-80"/>
      </symbol>
      <symbol id="sm-248">
         <name>GPIOPinTypeUART</name>
         <value>0x1cf7</value>
         <object_component_ref idref="oc-86"/>
      </symbol>
      <symbol id="sm-249">
         <name>GPIODirModeSet</name>
         <value>0x1c79</value>
         <object_component_ref idref="oc-137"/>
      </symbol>
      <symbol id="sm-24a">
         <name>GPIOPadConfigSet</name>
         <value>0x1541</value>
         <object_component_ref idref="oc-13d"/>
      </symbol>
      <symbol id="sm-24b">
         <name>GPIOPinTypeCAN</name>
         <value>0x1ce1</value>
         <object_component_ref idref="oc-98"/>
      </symbol>
      <symbol id="sm-2ab">
         <name>IntEnable</name>
         <value>0x19bd</value>
         <object_component_ref idref="oc-a4"/>
      </symbol>
      <symbol id="sm-2ac">
         <name>IntDisable</name>
         <value>0x1955</value>
         <object_component_ref idref="oc-110"/>
      </symbol>
      <symbol id="sm-2ad">
         <name>IntRegister</name>
         <value>0x1bdd</value>
         <object_component_ref idref="oc-10a"/>
      </symbol>
      <symbol id="sm-2ae">
         <name>IntUnregister</name>
         <value>0x1d0d</value>
         <object_component_ref idref="oc-116"/>
      </symbol>
      <symbol id="sm-2af">
         <name>g_pfnRAMVectors</name>
         <value>0x20000000</value>
         <object_component_ref idref="oc-1e2"/>
      </symbol>
      <symbol id="sm-30d">
         <name>SysCtlPeripheralPresent</name>
         <value>0x1ba5</value>
         <object_component_ref idref="oc-146"/>
      </symbol>
      <symbol id="sm-30e">
         <name>SysCtlClockSet</name>
         <value>0x17c5</value>
         <object_component_ref idref="oc-b0"/>
      </symbol>
      <symbol id="sm-30f">
         <name>SysCtlDelay</name>
         <value>0x1d8f</value>
         <object_component_ref idref="oc-187"/>
      </symbol>
      <symbol id="sm-310">
         <name>SysCtlPeripheralEnable</name>
         <value>0x1c11</value>
         <object_component_ref idref="oc-7a"/>
      </symbol>
      <symbol id="sm-311">
         <name>SysCtlClockGet</name>
         <value>0x16ad</value>
         <object_component_ref idref="oc-9e"/>
      </symbol>
      <symbol id="sm-35c">
         <name>UARTConfigSetExpClk</name>
         <value>0x1ad9</value>
         <object_component_ref idref="oc-14c"/>
      </symbol>
      <symbol id="sm-35d">
         <name>UARTDisable</name>
         <value>0x1ca5</value>
         <object_component_ref idref="oc-213"/>
      </symbol>
      <symbol id="sm-35e">
         <name>UARTCharsAvail</name>
         <value>0x1d53</value>
         <object_component_ref idref="oc-bc"/>
      </symbol>
      <symbol id="sm-35f">
         <name>UARTCharGetNonBlocking</name>
         <value>0x1d45</value>
         <object_component_ref idref="oc-b6"/>
      </symbol>
      <symbol id="sm-360">
         <name>UARTClockSourceSet</name>
         <value>0x1d95</value>
         <object_component_ref idref="oc-8c"/>
      </symbol>
      <symbol id="sm-361">
         <name>UARTCharPut</name>
         <value>0x1d85</value>
         <object_component_ref idref="oc-158"/>
      </symbol>
      <symbol id="sm-362">
         <name>UARTEnable</name>
         <value>0x1d21</value>
         <object_component_ref idref="oc-152"/>
      </symbol>
      <symbol id="sm-363">
         <name>UARTCharGet</name>
         <value>0x1d7b</value>
         <object_component_ref idref="oc-15e"/>
      </symbol>
      <symbol id="sm-373">
         <name>__aeabi_uidivmod</name>
         <value>0x1b65</value>
         <object_component_ref idref="oc-16d"/>
      </symbol>
      <symbol id="sm-374">
         <name>__aeabi_uidiv</name>
         <value>0x1b65</value>
         <object_component_ref idref="oc-16d"/>
      </symbol>
      <symbol id="sm-38d">
         <name>__TI_zero_init_nomemset</name>
         <value>0x1cc5</value>
         <object_component_ref idref="oc-4d"/>
      </symbol>
      <symbol id="sm-3a4">
         <name>__TI_decompress_none</name>
         <value>0x1d61</value>
         <object_component_ref idref="oc-1b"/>
      </symbol>
      <symbol id="sm-3c7">
         <name>__TI_decompress_lzss</name>
         <value>0x1a25</value>
         <object_component_ref idref="oc-15"/>
      </symbol>
      <symbol id="sm-3da">
         <name>__stack</name>
         <value>0x20000270</value>
         <object_component_ref idref="oc-24"/>
      </symbol>
      <symbol id="sm-3db">
         <name>_c_int00_noargs</name>
         <value>0x1c45</value>
         <object_component_ref idref="oc-5f"/>
      </symbol>
      <symbol id="sm-3e5">
         <name>__aeabi_idiv0</name>
         <value>0x1da3</value>
         <object_component_ref idref="oc-223"/>
      </symbol>
      <symbol id="sm-3e6">
         <name>__aeabi_ldiv0</name>
         <value>0x1da3</value>
         <object_component_ref idref="oc-223"/>
      </symbol>
      <symbol id="sm-401">
         <name>memcpy</name>
         <value>0x18b9</value>
         <object_component_ref idref="oc-41"/>
      </symbol>
      <symbol id="sm-402">
         <name>__aeabi_memcpy</name>
         <value>0x18b9</value>
         <object_component_ref idref="oc-41"/>
      </symbol>
      <symbol id="sm-403">
         <name>__aeabi_memcpy8</name>
         <value>0x18b9</value>
         <object_component_ref idref="oc-41"/>
      </symbol>
      <symbol id="sm-404">
         <name>__aeabi_memcpy4</name>
         <value>0x18b9</value>
         <object_component_ref idref="oc-41"/>
      </symbol>
      <symbol id="sm-42d">
         <name>__TI_auto_init_nobinit_nopinit</name>
         <value>0x1b21</value>
         <object_component_ref idref="oc-1b0"/>
      </symbol>
      <symbol id="sm-437">
         <name>_system_pre_init</name>
         <value>0x1d9b</value>
         <object_component_ref idref="oc-f8"/>
      </symbol>
      <symbol id="sm-443">
         <name>C$$EXIT</name>
         <value>0x1d9f</value>
         <object_component_ref idref="oc-1a4"/>
      </symbol>
      <symbol id="sm-444">
         <name>abort</name>
         <value>0x1d9f</value>
         <object_component_ref idref="oc-1a4"/>
      </symbol>
      <symbol id="sm-447">
         <name>__TI_static_base__</name>
         <value>0x0</value>
      </symbol>
      <symbol id="sm-44a">
         <name>__mpu_init</name>
         <value>0x0</value>
      </symbol>
      <symbol id="sm-44b">
         <name>_system_post_cinit</name>
         <value>0x0</value>
      </symbol>
   </symbol_table>
   <title>Link successful</title>
</link_info>
