<?xml version="1.0" encoding="ISO-8859-1" ?>
<link_info>
   <banner>TI ARM Linker PC v20.2.7.LTS</banner>
   <copyright>Copyright (c) 1996-2018 Texas Instruments Incorporated</copyright>
   <link_time>0x6807661a</link_time>
   <link_errors>0x0</link_errors>
   <output_file>CPS_TWINNING_CAN_TX_RX.out</output_file>
   <entry_point>
      <name>_c_int00_noargs</name>
      <address>0x62d1</address>
   </entry_point>
   <input_file_list>
      <input_file id="fl-2">
         <path>.\</path>
         <kind>object</kind>
         <file>can.obj</file>
         <name>can.obj</name>
      </input_file>
      <input_file id="fl-3">
         <path>.\</path>
         <kind>object</kind>
         <file>dishan.obj</file>
         <name>dishan.obj</name>
      </input_file>
      <input_file id="fl-4">
         <path>.\</path>
         <kind>object</kind>
         <file>main.obj</file>
         <name>main.obj</name>
      </input_file>
      <input_file id="fl-5">
         <path>.\</path>
         <kind>object</kind>
         <file>tm4c123gh6pm_startup_ccs.obj</file>
         <name>tm4c123gh6pm_startup_ccs.obj</name>
      </input_file>
      <input_file id="fl-6">
         <path>.\</path>
         <kind>object</kind>
         <file>uartstdio.obj</file>
         <name>uartstdio.obj</name>
      </input_file>
      <input_file id="fl-b">
         <kind>object</kind>
         <file>&lt;internal&gt;</file>
         <name>&lt;internal&gt;</name>
      </input_file>
      <input_file id="fl-c">
         <path>..\</path>
         <kind>archive</kind>
         <file>driverlib.lib</file>
         <name>fpu.obj</name>
      </input_file>
      <input_file id="fl-d">
         <path>..\</path>
         <kind>archive</kind>
         <file>driverlib.lib</file>
         <name>gpio.obj</name>
      </input_file>
      <input_file id="fl-e">
         <path>..\</path>
         <kind>archive</kind>
         <file>driverlib.lib</file>
         <name>interrupt.obj</name>
      </input_file>
      <input_file id="fl-f">
         <path>..\</path>
         <kind>archive</kind>
         <file>driverlib.lib</file>
         <name>sysctl.obj</name>
      </input_file>
      <input_file id="fl-10">
         <path>..\</path>
         <kind>archive</kind>
         <file>driverlib.lib</file>
         <name>systick.obj</name>
      </input_file>
      <input_file id="fl-11">
         <path>..\</path>
         <kind>archive</kind>
         <file>driverlib.lib</file>
         <name>timer.obj</name>
      </input_file>
      <input_file id="fl-12">
         <path>..\</path>
         <kind>archive</kind>
         <file>driverlib.lib</file>
         <name>uart.obj</name>
      </input_file>
      <input_file id="fl-13">
         <path>..\</path>
         <kind>archive</kind>
         <file>driverlib.lib</file>
         <name>cpu.obj</name>
      </input_file>
      <input_file id="fl-c9">
         <path>C:\ti\ccs1240\ccs\tools\compiler\ti-cgt-arm_20.2.7.LTS\lib\</path>
         <kind>archive</kind>
         <file>rtsv7M4_T_le_v4SPD16_eabi.lib</file>
         <name>sprintf.c.obj</name>
      </input_file>
      <input_file id="fl-ca">
         <path>C:\ti\ccs1240\ccs\tools\compiler\ti-cgt-arm_20.2.7.LTS\lib\</path>
         <kind>archive</kind>
         <file>rtsv7M4_T_le_v4SPD16_eabi.lib</file>
         <name>sscanf.c.obj</name>
      </input_file>
      <input_file id="fl-cb">
         <path>C:\ti\ccs1240\ccs\tools\compiler\ti-cgt-arm_20.2.7.LTS\lib\</path>
         <kind>archive</kind>
         <file>rtsv7M4_T_le_v4SPD16_eabi.lib</file>
         <name>memcpy_t2.asm.obj</name>
      </input_file>
      <input_file id="fl-cc">
         <path>C:\ti\ccs1240\ccs\tools\compiler\ti-cgt-arm_20.2.7.LTS\lib\</path>
         <kind>archive</kind>
         <file>rtsv7M4_T_le_v4SPD16_eabi.lib</file>
         <name>u_divt2.asm.obj</name>
      </input_file>
      <input_file id="fl-cd">
         <path>C:\ti\ccs1240\ccs\tools\compiler\ti-cgt-arm_20.2.7.LTS\lib\</path>
         <kind>archive</kind>
         <file>rtsv7M4_T_le_v4SPD16_eabi.lib</file>
         <name>ull_div_t2.asm.obj</name>
      </input_file>
      <input_file id="fl-ce">
         <path>C:\ti\ccs1240\ccs\tools\compiler\ti-cgt-arm_20.2.7.LTS\lib\</path>
         <kind>archive</kind>
         <file>rtsv7M4_T_le_v4SPD16_eabi.lib</file>
         <name>copy_zero_init.c.obj</name>
      </input_file>
      <input_file id="fl-cf">
         <path>C:\ti\ccs1240\ccs\tools\compiler\ti-cgt-arm_20.2.7.LTS\lib\</path>
         <kind>archive</kind>
         <file>rtsv7M4_T_le_v4SPD16_eabi.lib</file>
         <name>copy_decompress_none.c.obj</name>
      </input_file>
      <input_file id="fl-d0">
         <path>C:\ti\ccs1240\ccs\tools\compiler\ti-cgt-arm_20.2.7.LTS\lib\</path>
         <kind>archive</kind>
         <file>rtsv7M4_T_le_v4SPD16_eabi.lib</file>
         <name>copy_decompress_lzss.c.obj</name>
      </input_file>
      <input_file id="fl-d1">
         <path>C:\ti\ccs1240\ccs\tools\compiler\ti-cgt-arm_20.2.7.LTS\lib\</path>
         <kind>archive</kind>
         <file>rtsv7M4_T_le_v4SPD16_eabi.lib</file>
         <name>ctype.c.obj</name>
      </input_file>
      <input_file id="fl-d2">
         <path>C:\ti\ccs1240\ccs\tools\compiler\ti-cgt-arm_20.2.7.LTS\lib\</path>
         <kind>archive</kind>
         <file>rtsv7M4_T_le_v4SPD16_eabi.lib</file>
         <name>isalnum.c.obj</name>
      </input_file>
      <input_file id="fl-d3">
         <path>C:\ti\ccs1240\ccs\tools\compiler\ti-cgt-arm_20.2.7.LTS\lib\</path>
         <kind>archive</kind>
         <file>rtsv7M4_T_le_v4SPD16_eabi.lib</file>
         <name>isalpha.c.obj</name>
      </input_file>
      <input_file id="fl-d4">
         <path>C:\ti\ccs1240\ccs\tools\compiler\ti-cgt-arm_20.2.7.LTS\lib\</path>
         <kind>archive</kind>
         <file>rtsv7M4_T_le_v4SPD16_eabi.lib</file>
         <name>isdigit.c.obj</name>
      </input_file>
      <input_file id="fl-d5">
         <path>C:\ti\ccs1240\ccs\tools\compiler\ti-cgt-arm_20.2.7.LTS\lib\</path>
         <kind>archive</kind>
         <file>rtsv7M4_T_le_v4SPD16_eabi.lib</file>
         <name>isspace.c.obj</name>
      </input_file>
      <input_file id="fl-d6">
         <path>C:\ti\ccs1240\ccs\tools\compiler\ti-cgt-arm_20.2.7.LTS\lib\</path>
         <kind>archive</kind>
         <file>rtsv7M4_T_le_v4SPD16_eabi.lib</file>
         <name>strlen.c.obj</name>
      </input_file>
      <input_file id="fl-d7">
         <path>C:\ti\ccs1240\ccs\tools\compiler\ti-cgt-arm_20.2.7.LTS\lib\</path>
         <kind>archive</kind>
         <file>rtsv7M4_T_le_v4SPD16_eabi.lib</file>
         <name>strstr.c.obj</name>
      </input_file>
      <input_file id="fl-d8">
         <path>C:\ti\ccs1240\ccs\tools\compiler\ti-cgt-arm_20.2.7.LTS\lib\</path>
         <kind>archive</kind>
         <file>rtsv7M4_T_le_v4SPD16_eabi.lib</file>
         <name>toupper.c.obj</name>
      </input_file>
      <input_file id="fl-d9">
         <path>C:\ti\ccs1240\ccs\tools\compiler\ti-cgt-arm_20.2.7.LTS\lib\</path>
         <kind>archive</kind>
         <file>rtsv7M4_T_le_v4SPD16_eabi.lib</file>
         <name>boot_cortex_m.c.obj</name>
      </input_file>
      <input_file id="fl-da">
         <path>C:\ti\ccs1240\ccs\tools\compiler\ti-cgt-arm_20.2.7.LTS\lib\</path>
         <kind>archive</kind>
         <file>rtsv7M4_T_le_v4SPD16_eabi.lib</file>
         <name>_printfi.c.obj</name>
      </input_file>
      <input_file id="fl-db">
         <path>C:\ti\ccs1240\ccs\tools\compiler\ti-cgt-arm_20.2.7.LTS\lib\</path>
         <kind>archive</kind>
         <file>rtsv7M4_T_le_v4SPD16_eabi.lib</file>
         <name>_scanfi.c.obj</name>
      </input_file>
      <input_file id="fl-dc">
         <path>C:\ti\ccs1240\ccs\tools\compiler\ti-cgt-arm_20.2.7.LTS\lib\</path>
         <kind>archive</kind>
         <file>rtsv7M4_T_le_v4SPD16_eabi.lib</file>
         <name>div0.asm.obj</name>
      </input_file>
      <input_file id="fl-dd">
         <path>C:\ti\ccs1240\ccs\tools\compiler\ti-cgt-arm_20.2.7.LTS\lib\</path>
         <kind>archive</kind>
         <file>rtsv7M4_T_le_v4SPD16_eabi.lib</file>
         <name>fd_add_t2.asm.obj</name>
      </input_file>
      <input_file id="fl-de">
         <path>C:\ti\ccs1240\ccs\tools\compiler\ti-cgt-arm_20.2.7.LTS\lib\</path>
         <kind>archive</kind>
         <file>rtsv7M4_T_le_v4SPD16_eabi.lib</file>
         <name>fd_cmp_t2.asm.obj</name>
      </input_file>
      <input_file id="fl-df">
         <path>C:\ti\ccs1240\ccs\tools\compiler\ti-cgt-arm_20.2.7.LTS\lib\</path>
         <kind>archive</kind>
         <file>rtsv7M4_T_le_v4SPD16_eabi.lib</file>
         <name>fd_div_t2.asm.obj</name>
      </input_file>
      <input_file id="fl-e0">
         <path>C:\ti\ccs1240\ccs\tools\compiler\ti-cgt-arm_20.2.7.LTS\lib\</path>
         <kind>archive</kind>
         <file>rtsv7M4_T_le_v4SPD16_eabi.lib</file>
         <name>fd_mul_t2.asm.obj</name>
      </input_file>
      <input_file id="fl-e1">
         <path>C:\ti\ccs1240\ccs\tools\compiler\ti-cgt-arm_20.2.7.LTS\lib\</path>
         <kind>archive</kind>
         <file>rtsv7M4_T_le_v4SPD16_eabi.lib</file>
         <name>fd_toi_t2.asm.obj</name>
      </input_file>
      <input_file id="fl-e2">
         <path>C:\ti\ccs1240\ccs\tools\compiler\ti-cgt-arm_20.2.7.LTS\lib\</path>
         <kind>archive</kind>
         <file>rtsv7M4_T_le_v4SPD16_eabi.lib</file>
         <name>fd_tos_t2.asm.obj</name>
      </input_file>
      <input_file id="fl-e3">
         <path>C:\ti\ccs1240\ccs\tools\compiler\ti-cgt-arm_20.2.7.LTS\lib\</path>
         <kind>archive</kind>
         <file>rtsv7M4_T_le_v4SPD16_eabi.lib</file>
         <name>i_tofd_t2.asm.obj</name>
      </input_file>
      <input_file id="fl-e4">
         <path>C:\ti\ccs1240\ccs\tools\compiler\ti-cgt-arm_20.2.7.LTS\lib\</path>
         <kind>archive</kind>
         <file>rtsv7M4_T_le_v4SPD16_eabi.lib</file>
         <name>memset_t2.asm.obj</name>
      </input_file>
      <input_file id="fl-e5">
         <path>C:\ti\ccs1240\ccs\tools\compiler\ti-cgt-arm_20.2.7.LTS\lib\</path>
         <kind>archive</kind>
         <file>rtsv7M4_T_le_v4SPD16_eabi.lib</file>
         <name>autoinit.c.obj</name>
      </input_file>
      <input_file id="fl-e6">
         <path>C:\ti\ccs1240\ccs\tools\compiler\ti-cgt-arm_20.2.7.LTS\lib\</path>
         <kind>archive</kind>
         <file>rtsv7M4_T_le_v4SPD16_eabi.lib</file>
         <name>pre_init.c.obj</name>
      </input_file>
      <input_file id="fl-e7">
         <path>C:\ti\ccs1240\ccs\tools\compiler\ti-cgt-arm_20.2.7.LTS\lib\</path>
         <kind>archive</kind>
         <file>rtsv7M4_T_le_v4SPD16_eabi.lib</file>
         <name>cpy_tbl.c.obj</name>
      </input_file>
      <input_file id="fl-e8">
         <path>C:\ti\ccs1240\ccs\tools\compiler\ti-cgt-arm_20.2.7.LTS\lib\</path>
         <kind>archive</kind>
         <file>rtsv7M4_T_le_v4SPD16_eabi.lib</file>
         <name>exit.c.obj</name>
      </input_file>
      <input_file id="fl-e9">
         <path>C:\ti\ccs1240\ccs\tools\compiler\ti-cgt-arm_20.2.7.LTS\lib\</path>
         <kind>archive</kind>
         <file>rtsv7M4_T_le_v4SPD16_eabi.lib</file>
         <name>_lock.c.obj</name>
      </input_file>
      <input_file id="fl-ea">
         <path>C:\ti\ccs1240\ccs\tools\compiler\ti-cgt-arm_20.2.7.LTS\lib\</path>
         <kind>archive</kind>
         <file>rtsv7M4_T_le_v4SPD16_eabi.lib</file>
         <name>_ltoa.c.obj</name>
      </input_file>
      <input_file id="fl-eb">
         <path>C:\ti\ccs1240\ccs\tools\compiler\ti-cgt-arm_20.2.7.LTS\lib\</path>
         <kind>archive</kind>
         <file>rtsv7M4_T_le_v4SPD16_eabi.lib</file>
         <name>args_main.c.obj</name>
      </input_file>
      <input_file id="fl-ec">
         <path>C:\ti\ccs1240\ccs\tools\compiler\ti-cgt-arm_20.2.7.LTS\lib\</path>
         <kind>archive</kind>
         <file>rtsv7M4_T_le_v4SPD16_eabi.lib</file>
         <name>atoi.c.obj</name>
      </input_file>
      <input_file id="fl-ed">
         <path>C:\ti\ccs1240\ccs\tools\compiler\ti-cgt-arm_20.2.7.LTS\lib\</path>
         <kind>archive</kind>
         <file>rtsv7M4_T_le_v4SPD16_eabi.lib</file>
         <name>memccpy.c.obj</name>
      </input_file>
      <input_file id="fl-ee">
         <path>C:\ti\ccs1240\ccs\tools\compiler\ti-cgt-arm_20.2.7.LTS\lib\</path>
         <kind>archive</kind>
         <file>rtsv7M4_T_le_v4SPD16_eabi.lib</file>
         <name>strchr.c.obj</name>
      </input_file>
      <input_file id="fl-ef">
         <path>C:\ti\ccs1240\ccs\tools\compiler\ti-cgt-arm_20.2.7.LTS\lib\</path>
         <kind>archive</kind>
         <file>rtsv7M4_T_le_v4SPD16_eabi.lib</file>
         <name>strcpy.c.obj</name>
      </input_file>
      <input_file id="fl-f0">
         <path>C:\ti\ccs1240\ccs\tools\compiler\ti-cgt-arm_20.2.7.LTS\lib\</path>
         <kind>archive</kind>
         <file>rtsv7M4_T_le_v4SPD16_eabi.lib</file>
         <name>strrchr.c.obj</name>
      </input_file>
      <input_file id="fl-f1">
         <path>C:\ti\ccs1240\ccs\tools\compiler\ti-cgt-arm_20.2.7.LTS\lib\</path>
         <kind>archive</kind>
         <file>rtsv7M4_T_le_v4SPD16_eabi.lib</file>
         <name>strtod.c.obj</name>
      </input_file>
      <input_file id="fl-f2">
         <path>C:\ti\ccs1240\ccs\tools\compiler\ti-cgt-arm_20.2.7.LTS\lib\</path>
         <kind>archive</kind>
         <file>rtsv7M4_T_le_v4SPD16_eabi.lib</file>
         <name>strtol.c.obj</name>
      </input_file>
      <input_file id="fl-f3">
         <path>C:\ti\ccs1240\ccs\tools\compiler\ti-cgt-arm_20.2.7.LTS\lib\</path>
         <kind>archive</kind>
         <file>rtsv7M4_T_le_v4SPD16_eabi.lib</file>
         <name>strtoll.c.obj</name>
      </input_file>
      <input_file id="fl-f4">
         <path>C:\ti\ccs1240\ccs\tools\compiler\ti-cgt-arm_20.2.7.LTS\lib\</path>
         <kind>archive</kind>
         <file>rtsv7M4_T_le_v4SPD16_eabi.lib</file>
         <name>strtoul.c.obj</name>
      </input_file>
      <input_file id="fl-f5">
         <path>C:\ti\ccs1240\ccs\tools\compiler\ti-cgt-arm_20.2.7.LTS\lib\</path>
         <kind>archive</kind>
         <file>rtsv7M4_T_le_v4SPD16_eabi.lib</file>
         <name>strtoull.c.obj</name>
      </input_file>
      <input_file id="fl-f6">
         <path>C:\ti\ccs1240\ccs\tools\compiler\ti-cgt-arm_20.2.7.LTS\lib\</path>
         <kind>archive</kind>
         <file>rtsv7M4_T_le_v4SPD16_eabi.lib</file>
         <name>errno.c.obj</name>
      </input_file>
      <input_file id="fl-f7">
         <path>C:\ti\ccs1240\ccs\tools\compiler\ti-cgt-arm_20.2.7.LTS\lib\</path>
         <kind>archive</kind>
         <file>rtsv7M4_T_le_v4SPD16_eabi.lib</file>
         <name>wcslen.c.obj</name>
      </input_file>
      <input_file id="fl-f8">
         <path>C:\ti\ccs1240\ccs\tools\compiler\ti-cgt-arm_20.2.7.LTS\lib\</path>
         <kind>archive</kind>
         <file>rtsv7M4_T_le_v4SPD16_eabi.lib</file>
         <name>s_frexp.c.obj</name>
      </input_file>
      <input_file id="fl-f9">
         <path>C:\ti\ccs1240\ccs\tools\compiler\ti-cgt-arm_20.2.7.LTS\lib\</path>
         <kind>archive</kind>
         <file>rtsv7M4_T_le_v4SPD16_eabi.lib</file>
         <name>s_scalbn.c.obj</name>
      </input_file>
      <input_file id="fl-fa">
         <path>C:\ti\ccs1240\ccs\tools\compiler\ti-cgt-arm_20.2.7.LTS\lib\</path>
         <kind>archive</kind>
         <file>rtsv7M4_T_le_v4SPD16_eabi.lib</file>
         <name>ll_mul_t2.asm.obj</name>
      </input_file>
      <input_file id="fl-fb">
         <path>C:\ti\ccs1240\ccs\tools\compiler\ti-cgt-arm_20.2.7.LTS\lib\</path>
         <kind>archive</kind>
         <file>rtsv7M4_T_le_v4SPD16_eabi.lib</file>
         <name>s_copysign.c.obj</name>
      </input_file>
   </input_file_list>
   <object_component_list>
      <object_component id="oc-12">
         <name>.intvecs</name>
         <load_address>0x0</load_address>
         <run_address>0x0</run_address>
         <size>0x26c</size>
         <input_file_ref idref="fl-5"/>
      </object_component>
      <object_component id="oc-2d">
         <name>.text</name>
         <load_address>0x26c</load_address>
         <run_address>0x26c</run_address>
         <size>0x12c0</size>
         <input_file_ref idref="fl-4"/>
      </object_component>
      <object_component id="oc-238">
         <name>.text:__TI_scanfi</name>
         <load_address>0x152c</load_address>
         <run_address>0x152c</run_address>
         <size>0xb14</size>
         <input_file_ref idref="fl-db"/>
      </object_component>
      <object_component id="oc-252">
         <name>.text:__TI_printfi</name>
         <load_address>0x2040</load_address>
         <run_address>0x2040</run_address>
         <size>0xa4e</size>
         <input_file_ref idref="fl-da"/>
      </object_component>
      <object_component id="oc-2ca">
         <name>.text:_IntDefaultHandler</name>
         <load_address>0x2a8e</load_address>
         <run_address>0x2a8e</run_address>
         <size>0x2</size>
         <input_file_ref idref="fl-e"/>
      </object_component>
      <object_component id="oc-74">
         <name>.text</name>
         <load_address>0x2a90</load_address>
         <run_address>0x2a90</run_address>
         <size>0xa28</size>
         <input_file_ref idref="fl-2"/>
      </object_component>
      <object_component id="oc-b6">
         <name>.text</name>
         <load_address>0x34b8</load_address>
         <run_address>0x34b8</run_address>
         <size>0x65c</size>
         <input_file_ref idref="fl-3"/>
      </object_component>
      <object_component id="oc-92">
         <name>.text</name>
         <load_address>0x3b14</load_address>
         <run_address>0x3b14</run_address>
         <size>0x4a8</size>
         <input_file_ref idref="fl-6"/>
      </object_component>
      <object_component id="oc-355">
         <name>.text:strtod</name>
         <load_address>0x3fbc</load_address>
         <run_address>0x3fbc</run_address>
         <size>0x460</size>
         <input_file_ref idref="fl-f1"/>
      </object_component>
      <object_component id="oc-3a9">
         <name>.text:_pconv_a</name>
         <load_address>0x441c</load_address>
         <run_address>0x441c</run_address>
         <size>0x270</size>
         <input_file_ref idref="fl-da"/>
      </object_component>
      <object_component id="oc-366">
         <name>.text:strtoll</name>
         <load_address>0x468c</load_address>
         <run_address>0x468c</run_address>
         <size>0x1dc</size>
         <input_file_ref idref="fl-f3"/>
      </object_component>
      <object_component id="oc-397">
         <name>.text:_pconv_g</name>
         <load_address>0x4868</load_address>
         <run_address>0x4868</run_address>
         <size>0x1d0</size>
         <input_file_ref idref="fl-da"/>
      </object_component>
      <object_component id="oc-427">
         <name>.text</name>
         <load_address>0x4a38</load_address>
         <run_address>0x4a38</run_address>
         <size>0x1b6</size>
         <input_file_ref idref="fl-dd"/>
      </object_component>
      <object_component id="oc-266">
         <name>.text</name>
         <load_address>0x4bee</load_address>
         <run_address>0x4bee</run_address>
         <size>0x2</size>
         <input_file_ref idref="fl-dc"/>
      </object_component>
      <object_component id="oc-19e">
         <name>.text:GPIOPadConfigSet</name>
         <load_address>0x4bf0</load_address>
         <run_address>0x4bf0</run_address>
         <size>0x16c</size>
         <input_file_ref idref="fl-d"/>
      </object_component>
      <object_component id="oc-349">
         <name>.text:strtoull</name>
         <load_address>0x4d5c</load_address>
         <run_address>0x4d5c</run_address>
         <size>0x15c</size>
         <input_file_ref idref="fl-f5"/>
      </object_component>
      <object_component id="oc-3a3">
         <name>.text:_pconv_e</name>
         <load_address>0x4eb8</load_address>
         <run_address>0x4eb8</run_address>
         <size>0x13c</size>
         <input_file_ref idref="fl-da"/>
      </object_component>
      <object_component id="oc-42c">
         <name>.text</name>
         <load_address>0x4ff4</load_address>
         <run_address>0x4ff4</run_address>
         <size>0x136</size>
         <input_file_ref idref="fl-df"/>
      </object_component>
      <object_component id="oc-360">
         <name>.text:strtol</name>
         <load_address>0x512c</load_address>
         <run_address>0x512c</run_address>
         <size>0x130</size>
         <input_file_ref idref="fl-f2"/>
      </object_component>
      <object_component id="oc-478">
         <name>.text:fcvt</name>
         <load_address>0x525c</load_address>
         <run_address>0x525c</run_address>
         <size>0x124</size>
         <input_file_ref idref="fl-da"/>
      </object_component>
      <object_component id="oc-9e">
         <name>.text:SysCtlClockGet</name>
         <load_address>0x5380</load_address>
         <run_address>0x5380</run_address>
         <size>0x118</size>
         <input_file_ref idref="fl-f"/>
      </object_component>
      <object_component id="oc-431">
         <name>.text:scalbn</name>
         <load_address>0x5498</load_address>
         <run_address>0x5498</run_address>
         <size>0x110</size>
         <input_file_ref idref="fl-f9"/>
      </object_component>
      <object_component id="oc-34f">
         <name>.text:strtoul</name>
         <load_address>0x55a8</load_address>
         <run_address>0x55a8</run_address>
         <size>0x110</size>
         <input_file_ref idref="fl-f4"/>
      </object_component>
      <object_component id="oc-422">
         <name>.text</name>
         <load_address>0x56b8</load_address>
         <run_address>0x56b8</run_address>
         <size>0xfc</size>
         <input_file_ref idref="fl-e0"/>
      </object_component>
      <object_component id="oc-38c">
         <name>.text:_ltostr</name>
         <load_address>0x57b4</load_address>
         <run_address>0x57b4</run_address>
         <size>0xb1</size>
         <input_file_ref idref="fl-da"/>
      </object_component>
      <object_component id="oc-41">
         <name>.text</name>
         <load_address>0x5866</load_address>
         <run_address>0x5866</run_address>
         <size>0x9c</size>
         <input_file_ref idref="fl-cb"/>
      </object_component>
      <object_component id="oc-127">
         <name>.text</name>
         <load_address>0x5902</load_address>
         <run_address>0x5902</run_address>
         <size>0x96</size>
         <input_file_ref idref="fl-cd"/>
      </object_component>
      <object_component id="oc-392">
         <name>.text:__aeabi_cdcmple</name>
         <load_address>0x5998</load_address>
         <run_address>0x5998</run_address>
         <size>0x86</size>
         <input_file_ref idref="fl-de"/>
      </object_component>
      <object_component id="oc-456">
         <name>.text:__aeabi_cdrcmple</name>
         <load_address>0x5a1e</load_address>
         <run_address>0x5a1e</run_address>
         <size>0x86</size>
         <input_file_ref idref="fl-de"/>
      </object_component>
      <object_component id="oc-153">
         <name>.text</name>
         <load_address>0x5aa4</load_address>
         <run_address>0x5aa4</run_address>
         <size>0x7a</size>
         <input_file_ref idref="fl-e4"/>
      </object_component>
      <object_component id="oc-471">
         <name>.text:_mcpy</name>
         <load_address>0x5b1e</load_address>
         <run_address>0x5b1e</run_address>
         <size>0x6e</size>
         <input_file_ref idref="fl-da"/>
      </object_component>
      <object_component id="oc-35b">
         <name>.text</name>
         <load_address>0x5b8c</load_address>
         <run_address>0x5b8c</run_address>
         <size>0x6e</size>
         <input_file_ref idref="fl-e2"/>
      </object_component>
      <object_component id="oc-171">
         <name>.text:IntDisable</name>
         <load_address>0x5bfc</load_address>
         <run_address>0x5bfc</run_address>
         <size>0x68</size>
         <input_file_ref idref="fl-e"/>
      </object_component>
      <object_component id="oc-a4">
         <name>.text:IntEnable</name>
         <load_address>0x5c64</load_address>
         <run_address>0x5c64</run_address>
         <size>0x68</size>
         <input_file_ref idref="fl-e"/>
      </object_component>
      <object_component id="oc-24a">
         <name>.text:_chkmbc</name>
         <load_address>0x5ccc</load_address>
         <run_address>0x5ccc</run_address>
         <size>0x68</size>
         <input_file_ref idref="fl-ca"/>
      </object_component>
      <object_component id="oc-15">
         <name>.text:decompress:lzss:__TI_decompress_lzss</name>
         <load_address>0x5d34</load_address>
         <run_address>0x5d34</run_address>
         <size>0x68</size>
         <input_file_ref idref="fl-d0"/>
      </object_component>
      <object_component id="oc-486">
         <name>.text:frexp</name>
         <load_address>0x5d9c</load_address>
         <run_address>0x5d9c</run_address>
         <size>0x64</size>
         <input_file_ref idref="fl-f8"/>
      </object_component>
      <object_component id="oc-39d">
         <name>.text:_pconv_f</name>
         <load_address>0x5e00</load_address>
         <run_address>0x5e00</run_address>
         <size>0x56</size>
         <input_file_ref idref="fl-da"/>
      </object_component>
      <object_component id="oc-460">
         <name>.text:__TI_ltoa</name>
         <load_address>0x5e56</load_address>
         <run_address>0x5e56</run_address>
         <size>0x54</size>
         <input_file_ref idref="fl-ea"/>
      </object_component>
      <object_component id="oc-46b">
         <name>.text:_ecpy</name>
         <load_address>0x5eaa</load_address>
         <run_address>0x5eaa</run_address>
         <size>0x52</size>
         <input_file_ref idref="fl-da"/>
      </object_component>
      <object_component id="oc-80">
         <name>.text:GPIOPinConfigure</name>
         <load_address>0x5efc</load_address>
         <run_address>0x5efc</run_address>
         <size>0x4c</size>
         <input_file_ref idref="fl-d"/>
      </object_component>
      <object_component id="oc-310">
         <name>.text:_TimerIntNumberGet</name>
         <load_address>0x5f48</load_address>
         <run_address>0x5f48</run_address>
         <size>0x4c</size>
         <input_file_ref idref="fl-11"/>
      </object_component>
      <object_component id="oc-36c">
         <name>.text:atoi</name>
         <load_address>0x5f94</load_address>
         <run_address>0x5f94</run_address>
         <size>0x4c</size>
         <input_file_ref idref="fl-ec"/>
      </object_component>
      <object_component id="oc-45b">
         <name>.text</name>
         <load_address>0x5fe0</load_address>
         <run_address>0x5fe0</run_address>
         <size>0x48</size>
         <input_file_ref idref="fl-e1"/>
      </object_component>
      <object_component id="oc-1ad">
         <name>.text:UARTConfigSetExpClk</name>
         <load_address>0x6028</load_address>
         <run_address>0x6028</run_address>
         <size>0x46</size>
         <input_file_ref idref="fl-12"/>
      </object_component>
      <object_component id="oc-327">
         <name>.text:_GPIOIntNumberGet</name>
         <load_address>0x6070</load_address>
         <run_address>0x6070</run_address>
         <size>0x44</size>
         <input_file_ref idref="fl-d"/>
      </object_component>
      <object_component id="oc-290">
         <name>.text:__TI_auto_init_nobinit_nopinit:__TI_auto_init_nobinit_nopinit</name>
         <load_address>0x60b4</load_address>
         <run_address>0x60b4</run_address>
         <size>0x44</size>
         <input_file_ref idref="fl-e5"/>
      </object_component>
      <object_component id="oc-318">
         <name>.text:_UARTIntNumberGet</name>
         <load_address>0x60f8</load_address>
         <run_address>0x60f8</run_address>
         <size>0x40</size>
         <input_file_ref idref="fl-12"/>
      </object_component>
      <object_component id="oc-108">
         <name>.text</name>
         <load_address>0x6138</load_address>
         <run_address>0x6138</run_address>
         <size>0x40</size>
         <input_file_ref idref="fl-cc"/>
      </object_component>
      <object_component id="oc-102">
         <name>.text:sprintf</name>
         <load_address>0x6178</load_address>
         <run_address>0x6178</run_address>
         <size>0x40</size>
         <input_file_ref idref="fl-c9"/>
      </object_component>
      <object_component id="oc-47e">
         <name>.text:_fcpy</name>
         <load_address>0x61b8</load_address>
         <run_address>0x61b8</run_address>
         <size>0x3e</size>
         <input_file_ref idref="fl-da"/>
      </object_component>
      <object_component id="oc-1a7">
         <name>.text:SysCtlPeripheralPresent</name>
         <load_address>0x61f8</load_address>
         <run_address>0x61f8</run_address>
         <size>0x38</size>
         <input_file_ref idref="fl-f"/>
      </object_component>
      <object_component id="oc-fc">
         <name>.text:sscanf</name>
         <load_address>0x6230</load_address>
         <run_address>0x6230</run_address>
         <size>0x38</size>
         <input_file_ref idref="fl-ca"/>
      </object_component>
      <object_component id="oc-16b">
         <name>.text:IntRegister</name>
         <load_address>0x6268</load_address>
         <run_address>0x6268</run_address>
         <size>0x34</size>
         <input_file_ref idref="fl-e"/>
      </object_component>
      <object_component id="oc-7a">
         <name>.text:SysCtlPeripheralEnable</name>
         <load_address>0x629c</load_address>
         <run_address>0x629c</run_address>
         <size>0x34</size>
         <input_file_ref idref="fl-f"/>
      </object_component>
      <object_component id="oc-5f">
         <name>.text:_c_int00_noargs:_c_int00_noargs</name>
         <load_address>0x62d0</load_address>
         <run_address>0x62d0</run_address>
         <size>0x34</size>
         <input_file_ref idref="fl-d9"/>
      </object_component>
      <object_component id="oc-f0">
         <name>.text:strstr</name>
         <load_address>0x6304</load_address>
         <run_address>0x6304</run_address>
         <size>0x34</size>
         <input_file_ref idref="fl-d7"/>
      </object_component>
      <object_component id="oc-466">
         <name>.text</name>
         <load_address>0x6338</load_address>
         <run_address>0x6338</run_address>
         <size>0x2e</size>
         <input_file_ref idref="fl-e3"/>
      </object_component>
      <object_component id="oc-198">
         <name>.text:GPIODirModeSet</name>
         <load_address>0x6366</load_address>
         <run_address>0x6366</run_address>
         <size>0x2c</size>
         <input_file_ref idref="fl-d"/>
      </object_component>
      <object_component id="oc-2f3">
         <name>.text:UARTDisable</name>
         <load_address>0x6394</load_address>
         <run_address>0x6394</run_address>
         <size>0x20</size>
         <input_file_ref idref="fl-12"/>
      </object_component>
      <object_component id="oc-1d8">
         <name>.text:SysTickIntRegister</name>
         <load_address>0x63b4</load_address>
         <run_address>0x63b4</run_address>
         <size>0x1c</size>
         <input_file_ref idref="fl-10"/>
      </object_component>
      <object_component id="oc-4d">
         <name>.text:decompress:ZI:__TI_zero_init_nomemset:__TI_zero_init_nomemset</name>
         <load_address>0x63d0</load_address>
         <run_address>0x63d0</run_address>
         <size>0x1c</size>
         <input_file_ref idref="fl-ce"/>
      </object_component>
      <object_component id="oc-3af">
         <name>.text:memccpy</name>
         <load_address>0x63ec</load_address>
         <run_address>0x63ec</run_address>
         <size>0x1c</size>
         <input_file_ref idref="fl-ed"/>
      </object_component>
      <object_component id="oc-4db">
         <name>.text:copysign</name>
         <load_address>0x6408</load_address>
         <run_address>0x6408</run_address>
         <size>0x1a</size>
         <input_file_ref idref="fl-fb"/>
      </object_component>
      <object_component id="oc-202">
         <name>.text:GPIOIntRegister</name>
         <load_address>0x6422</load_address>
         <run_address>0x6422</run_address>
         <size>0x18</size>
         <input_file_ref idref="fl-d"/>
      </object_component>
      <object_component id="oc-1e4">
         <name>.text:TimerIntRegister</name>
         <load_address>0x643a</load_address>
         <run_address>0x643a</run_address>
         <size>0x18</size>
         <input_file_ref idref="fl-11"/>
      </object_component>
      <object_component id="oc-1f0">
         <name>.text:UARTIntRegister</name>
         <load_address>0x6452</load_address>
         <run_address>0x6452</run_address>
         <size>0x18</size>
         <input_file_ref idref="fl-12"/>
      </object_component>
      <object_component id="oc-258">
         <name>.text:_outs</name>
         <load_address>0x646a</load_address>
         <run_address>0x646a</run_address>
         <size>0x18</size>
         <input_file_ref idref="fl-c9"/>
      </object_component>
      <object_component id="oc-419">
         <name>.text</name>
         <load_address>0x6482</load_address>
         <run_address>0x6482</run_address>
         <size>0x18</size>
         <input_file_ref idref="fl-fa"/>
      </object_component>
      <object_component id="oc-372">
         <name>.text:strrchr</name>
         <load_address>0x649a</load_address>
         <run_address>0x649a</run_address>
         <size>0x18</size>
         <input_file_ref idref="fl-f0"/>
      </object_component>
      <object_component id="oc-98">
         <name>.text:GPIOPinTypeCAN</name>
         <load_address>0x64b2</load_address>
         <run_address>0x64b2</run_address>
         <size>0x16</size>
         <input_file_ref idref="fl-d"/>
      </object_component>
      <object_component id="oc-86">
         <name>.text:GPIOPinTypeUART</name>
         <load_address>0x64c8</load_address>
         <run_address>0x64c8</run_address>
         <size>0x16</size>
         <input_file_ref idref="fl-d"/>
      </object_component>
      <object_component id="oc-378">
         <name>.text:strchr</name>
         <load_address>0x64de</load_address>
         <run_address>0x64de</run_address>
         <size>0x16</size>
         <input_file_ref idref="fl-ee"/>
      </object_component>
      <object_component id="oc-177">
         <name>.text:IntUnregister</name>
         <load_address>0x64f4</load_address>
         <run_address>0x64f4</run_address>
         <size>0x14</size>
         <input_file_ref idref="fl-e"/>
      </object_component>
      <object_component id="oc-1b3">
         <name>.text:UARTEnable</name>
         <load_address>0x6508</load_address>
         <run_address>0x6508</run_address>
         <size>0x14</size>
         <input_file_ref idref="fl-12"/>
      </object_component>
      <object_component id="oc-343">
         <name>.text:strcpy</name>
         <load_address>0x651c</load_address>
         <run_address>0x651c</run_address>
         <size>0x14</size>
         <input_file_ref idref="fl-ef"/>
      </object_component>
      <object_component id="oc-c5">
         <name>.text:strlen</name>
         <load_address>0x6530</load_address>
         <run_address>0x6530</run_address>
         <size>0x14</size>
         <input_file_ref idref="fl-d6"/>
      </object_component>
      <object_component id="oc-23e">
         <name>.text:_inpchar</name>
         <load_address>0x6544</load_address>
         <run_address>0x6544</run_address>
         <size>0x12</size>
         <input_file_ref idref="fl-ca"/>
      </object_component>
      <object_component id="oc-3b5">
         <name>.text:wcslen</name>
         <load_address>0x6556</load_address>
         <run_address>0x6556</run_address>
         <size>0x12</size>
         <input_file_ref idref="fl-f7"/>
      </object_component>
      <object_component id="oc-bc">
         <name>.text:FPULazyStackingEnable</name>
         <load_address>0x6568</load_address>
         <run_address>0x6568</run_address>
         <size>0x10</size>
         <input_file_ref idref="fl-c"/>
      </object_component>
      <object_component id="oc-1fc">
         <name>.text:IntMasterEnable</name>
         <load_address>0x6578</load_address>
         <run_address>0x6578</run_address>
         <size>0x10</size>
         <input_file_ref idref="fl-e"/>
      </object_component>
      <object_component id="oc-ea">
         <name>.text:isalnum</name>
         <load_address>0x6588</load_address>
         <run_address>0x6588</run_address>
         <size>0x10</size>
         <input_file_ref idref="fl-d2"/>
      </object_component>
      <object_component id="oc-de">
         <name>.text:isalpha</name>
         <load_address>0x6598</load_address>
         <run_address>0x6598</run_address>
         <size>0x10</size>
         <input_file_ref idref="fl-d3"/>
      </object_component>
      <object_component id="oc-f6">
         <name>.text:isdigit</name>
         <load_address>0x65a8</load_address>
         <run_address>0x65a8</run_address>
         <size>0x10</size>
         <input_file_ref idref="fl-d4"/>
      </object_component>
      <object_component id="oc-d8">
         <name>.text:isspace</name>
         <load_address>0x65b8</load_address>
         <run_address>0x65b8</run_address>
         <size>0x10</size>
         <input_file_ref idref="fl-d5"/>
      </object_component>
      <object_component id="oc-e4">
         <name>.text:toupper</name>
         <load_address>0x65c8</load_address>
         <run_address>0x65c8</run_address>
         <size>0x10</size>
         <input_file_ref idref="fl-d8"/>
      </object_component>
      <object_component id="oc-aa">
         <name>.text:UARTCharGetNonBlocking</name>
         <load_address>0x65d8</load_address>
         <run_address>0x65d8</run_address>
         <size>0xe</size>
         <input_file_ref idref="fl-12"/>
      </object_component>
      <object_component id="oc-b0">
         <name>.text:UARTCharsAvail</name>
         <load_address>0x65e6</load_address>
         <run_address>0x65e6</run_address>
         <size>0xe</size>
         <input_file_ref idref="fl-12"/>
      </object_component>
      <object_component id="oc-1b">
         <name>.text:decompress:none:__TI_decompress_none</name>
         <load_address>0x65f4</load_address>
         <run_address>0x65f4</run_address>
         <size>0xe</size>
         <input_file_ref idref="fl-cf"/>
      </object_component>
      <object_component id="oc-320">
         <name>.text:CPUcpsie</name>
         <load_address>0x6602</load_address>
         <run_address>0x6602</run_address>
         <size>0xc</size>
         <input_file_ref idref="fl-13"/>
      </object_component>
      <object_component id="oc-208">
         <name>.text:GPIOIntEnable</name>
         <load_address>0x660e</load_address>
         <run_address>0x660e</run_address>
         <size>0xc</size>
         <input_file_ref idref="fl-d"/>
      </object_component>
      <object_component id="oc-27">
         <name>.text</name>
         <load_address>0x661a</load_address>
         <run_address>0x661a</run_address>
         <size>0xc</size>
         <input_file_ref idref="fl-5"/>
      </object_component>
      <object_component id="oc-11c">
         <name>.text:UARTCharGet</name>
         <load_address>0x6626</load_address>
         <run_address>0x6626</run_address>
         <size>0xa</size>
         <input_file_ref idref="fl-12"/>
      </object_component>
      <object_component id="oc-cb">
         <name>.text:UARTCharPut</name>
         <load_address>0x6630</load_address>
         <run_address>0x6630</run_address>
         <size>0xa</size>
         <input_file_ref idref="fl-12"/>
      </object_component>
      <object_component id="oc-110">
         <name>.text:UARTIntStatus</name>
         <load_address>0x663a</load_address>
         <run_address>0x663a</run_address>
         <size>0xa</size>
         <input_file_ref idref="fl-12"/>
      </object_component>
      <object_component id="oc-25e">
         <name>.text:_outc</name>
         <load_address>0x6644</load_address>
         <run_address>0x6644</run_address>
         <size>0xa</size>
         <input_file_ref idref="fl-c9"/>
      </object_component>
      <object_component id="oc-1de">
         <name>.text:TimerIntEnable</name>
         <load_address>0x664e</load_address>
         <run_address>0x664e</run_address>
         <size>0x8</size>
         <input_file_ref idref="fl-11"/>
      </object_component>
      <object_component id="oc-1f6">
         <name>.text:UARTIntEnable</name>
         <load_address>0x6656</load_address>
         <run_address>0x6656</run_address>
         <size>0x8</size>
         <input_file_ref idref="fl-12"/>
      </object_component>
      <object_component id="oc-3bb">
         <name>.text:__aeabi_errno_addr</name>
         <load_address>0x6660</load_address>
         <run_address>0x6660</run_address>
         <size>0x8</size>
         <input_file_ref idref="fl-f6"/>
      </object_component>
      <object_component id="oc-244">
         <name>.text:_uninpchar</name>
         <load_address>0x6668</load_address>
         <run_address>0x6668</run_address>
         <size>0x8</size>
         <input_file_ref idref="fl-ca"/>
      </object_component>
      <object_component id="oc-8c">
         <name>.text:UARTClockSourceSet</name>
         <load_address>0x6670</load_address>
         <run_address>0x6670</run_address>
         <size>0x6</size>
         <input_file_ref idref="fl-12"/>
      </object_component>
      <object_component id="oc-1ea">
         <name>.text:UARTFIFOLevelSet</name>
         <load_address>0x6676</load_address>
         <run_address>0x6676</run_address>
         <size>0x6</size>
         <input_file_ref idref="fl-12"/>
      </object_component>
      <object_component id="oc-116">
         <name>.text:UARTIntClear</name>
         <load_address>0x667c</load_address>
         <run_address>0x667c</run_address>
         <size>0x4</size>
         <input_file_ref idref="fl-12"/>
      </object_component>
      <object_component id="oc-159">
         <name>.text:_system_pre_init</name>
         <load_address>0x6680</load_address>
         <run_address>0x6680</run_address>
         <size>0x4</size>
         <input_file_ref idref="fl-e6"/>
      </object_component>
      <object_component id="oc-284">
         <name>.text:abort:abort</name>
         <load_address>0x6684</load_address>
         <run_address>0x6684</run_address>
         <size>0x4</size>
         <input_file_ref idref="fl-e8"/>
      </object_component>
      <object_component id="oc-229">
         <name>.const:.string:_ctypes_</name>
         <load_address>0x6688</load_address>
         <run_address>0x6688</run_address>
         <size>0x101</size>
         <input_file_ref idref="fl-d1"/>
      </object_component>
      <object_component id="oc-40f">
         <name>.const:g_ppui32GPIOIntMapSnowflake</name>
         <load_address>0x678c</load_address>
         <run_address>0x678c</run_address>
         <size>0xd8</size>
         <input_file_ref idref="fl-d"/>
      </object_component>
      <object_component id="oc-1c2">
         <name>.const</name>
         <load_address>0x6864</load_address>
         <run_address>0x6864</run_address>
         <size>0x4</size>
         <input_file_ref idref="fl-6"/>
      </object_component>
      <object_component id="oc-437">
         <name>.const:$O1$$</name>
         <load_address>0x6868</load_address>
         <run_address>0x6868</run_address>
         <size>0xc8</size>
         <input_file_ref idref="fl-f1"/>
      </object_component>
      <object_component id="oc-40c">
         <name>.const:g_ppui32GPIOIntMapBlizzard</name>
         <load_address>0x6930</load_address>
         <run_address>0x6930</run_address>
         <size>0xc0</size>
         <input_file_ref idref="fl-d"/>
      </object_component>
      <object_component id="oc-193">
         <name>.const:g_pui32GPIOBaseAddrs</name>
         <load_address>0x69f0</load_address>
         <run_address>0x69f0</run_address>
         <size>0x90</size>
         <input_file_ref idref="fl-d"/>
      </object_component>
      <object_component id="oc-1cd">
         <name>.const:g_pui32Xtals</name>
         <load_address>0x6a80</load_address>
         <run_address>0x6a80</run_address>
         <size>0x6c</size>
         <input_file_ref idref="fl-f"/>
      </object_component>
      <object_component id="oc-3fd">
         <name>.const:g_ppui32TimerIntMap</name>
         <load_address>0x6aec</load_address>
         <run_address>0x6aec</run_address>
         <size>0x60</size>
         <input_file_ref idref="fl-11"/>
      </object_component>
      <object_component id="oc-400">
         <name>.const:g_ppui32TimerIntMapSnowflake</name>
         <load_address>0x6b4c</load_address>
         <run_address>0x6b4c</run_address>
         <size>0x40</size>
         <input_file_ref idref="fl-11"/>
      </object_component>
      <object_component id="oc-404">
         <name>.const:g_ppui32UARTIntMap</name>
         <load_address>0x6b8c</load_address>
         <run_address>0x6b8c</run_address>
         <size>0x40</size>
         <input_file_ref idref="fl-12"/>
      </object_component>
      <object_component id="oc-407">
         <name>.const:g_ppui32UARTIntMapSnowflake</name>
         <load_address>0x6bcc</load_address>
         <run_address>0x6bcc</run_address>
         <size>0x40</size>
         <input_file_ref idref="fl-12"/>
      </object_component>
      <object_component id="oc-10d">
         <name>.const:$P$T0$8</name>
         <load_address>0x6c0c</load_address>
         <run_address>0x6c0c</run_address>
         <size>0x28</size>
         <input_file_ref idref="fl-4"/>
      </object_component>
      <object_component id="oc-17d">
         <name>.const:g_ui16CANBitValues</name>
         <load_address>0x6c34</load_address>
         <run_address>0x6c34</run_address>
         <size>0x20</size>
         <input_file_ref idref="fl-2"/>
      </object_component>
      <object_component id="oc-122">
         <name>.const:.string:$P$T1$9</name>
         <load_address>0x6c54</load_address>
         <run_address>0x6c54</run_address>
         <size>0x14</size>
         <input_file_ref idref="fl-4"/>
      </object_component>
      <object_component id="oc-2c6">
         <name>.const:g_pui32Dii16Regs</name>
         <load_address>0x6c68</load_address>
         <run_address>0x6c68</run_address>
         <size>0x14</size>
         <input_file_ref idref="fl-e"/>
      </object_component>
      <object_component id="oc-1d1">
         <name>.const:g_pui32EnRegs</name>
         <load_address>0x6c7c</load_address>
         <run_address>0x6c7c</run_address>
         <size>0x14</size>
         <input_file_ref idref="fl-e"/>
      </object_component>
      <object_component id="oc-301">
         <name>.const:.string</name>
         <load_address>0x6c90</load_address>
         <run_address>0x6c90</run_address>
         <size>0x12</size>
         <input_file_ref idref="fl-6"/>
      </object_component>
      <object_component id="oc-37e">
         <name>.const:$O1$$</name>
         <load_address>0x6ca4</load_address>
         <run_address>0x6ca4</run_address>
         <size>0x10</size>
         <input_file_ref idref="fl-db"/>
      </object_component>
      <object_component id="oc-1bf">
         <name>.const:g_ui32UARTBase</name>
         <load_address>0x6cb4</load_address>
         <run_address>0x6cb4</run_address>
         <size>0xc</size>
         <input_file_ref idref="fl-6"/>
      </object_component>
      <object_component id="oc-1b9">
         <name>.const:g_ui32UARTPeriph</name>
         <load_address>0x6cc0</load_address>
         <run_address>0x6cc0</run_address>
         <size>0xc</size>
         <input_file_ref idref="fl-6"/>
      </object_component>
      <object_component id="oc-55a">
         <name>.cinit..data.load</name>
         <load_address>0x6cd0</load_address>
         <run_address>0x6cd0</run_address>
         <size>0x1d</size>
      </object_component>
      <object_component id="oc-557">
         <name>__TI_handler_table</name>
         <load_address>0x6cf0</load_address>
         <run_address>0x6cf0</run_address>
         <size>0xc</size>
      </object_component>
      <object_component id="oc-55b">
         <name>.cinit..bss.load</name>
         <load_address>0x6d00</load_address>
         <run_address>0x6d00</run_address>
         <size>0x8</size>
      </object_component>
      <object_component id="oc-559">
         <name>.cinit..vtable.load</name>
         <load_address>0x6d08</load_address>
         <run_address>0x6d08</run_address>
         <size>0x8</size>
      </object_component>
      <object_component id="oc-558">
         <name>__TI_cinit_table</name>
         <load_address>0x6d10</load_address>
         <run_address>0x6d10</run_address>
         <size>0x18</size>
      </object_component>
      <object_component id="oc-2c2">
         <name>.vtable</name>
         <uninitialized>true</uninitialized>
         <run_address>0x20000000</run_address>
         <size>0x26c</size>
         <input_file_ref idref="fl-e"/>
      </object_component>
      <object_component id="oc-20e">
         <name>.data</name>
         <load_address>0x20000514</load_address>
         <run_address>0x20000514</run_address>
         <size>0x4</size>
         <input_file_ref idref="fl-3"/>
      </object_component>
      <object_component id="oc-c2">
         <name>.data</name>
         <load_address>0x20000470</load_address>
         <run_address>0x20000470</run_address>
         <size>0x50</size>
         <input_file_ref idref="fl-4"/>
      </object_component>
      <object_component id="oc-d7">
         <name>.data:strIn$1</name>
         <load_address>0x200004de</load_address>
         <run_address>0x200004de</run_address>
         <size>0x1e</size>
         <input_file_ref idref="fl-4"/>
      </object_component>
      <object_component id="oc-125">
         <name>.data:seg7$5</name>
         <load_address>0x200004fc</load_address>
         <run_address>0x200004fc</run_address>
         <size>0x10</size>
         <input_file_ref idref="fl-4"/>
      </object_component>
      <object_component id="oc-126">
         <name>.data:strIn$12</name>
         <load_address>0x200004c0</load_address>
         <run_address>0x200004c0</run_address>
         <size>0x1e</size>
         <input_file_ref idref="fl-4"/>
      </object_component>
      <object_component id="oc-1bc">
         <name>.data</name>
         <load_address>0x2000050c</load_address>
         <run_address>0x2000050c</run_address>
         <size>0x5</size>
         <input_file_ref idref="fl-6"/>
      </object_component>
      <object_component id="oc-496">
         <name>.data</name>
         <load_address>0x20000518</load_address>
         <run_address>0x20000518</run_address>
         <size>0x4</size>
         <input_file_ref idref="fl-f6"/>
      </object_component>
      <object_component id="oc-d1">
         <name>.common:g_sCAN0RxMessage</name>
         <uninitialized>true</uninitialized>
         <run_address>0x2000051c</run_address>
         <size>0x14</size>
      </object_component>
      <object_component id="oc-d5">
         <name>.common:g_sCAN0TxMessage</name>
         <uninitialized>true</uninitialized>
         <run_address>0x20000530</run_address>
         <size>0x14</size>
      </object_component>
      <object_component id="oc-d4">
         <name>.common:g_ui8TXMsgData</name>
         <uninitialized>true</uninitialized>
         <run_address>0x20000545</run_address>
         <size>0x1</size>
      </object_component>
      <object_component id="oc-d6">
         <name>.common:g_ui8RXMsgData</name>
         <uninitialized>true</uninitialized>
         <run_address>0x20000544</run_address>
         <size>0x1</size>
      </object_component>
      <object_component id="oc-24">
         <name>.stack</name>
         <uninitialized>true</uninitialized>
         <run_address>0x20000270</run_address>
         <size>0x4</size>
         <input_file_ref idref="fl-d9"/>
      </object_component>
      <object_component id="oc-55d">
         <name>.stack</name>
         <uninitialized>true</uninitialized>
         <run_address>0x20000270</run_address>
         <size>0x0</size>
      </object_component>
      <object_component id="oc-186">
         <name>.debug_info</name>
         <load_address>0x0</load_address>
         <run_address>0x0</run_address>
         <size>0x339</size>
         <input_file_ref idref="fl-2"/>
      </object_component>
      <object_component id="oc-17e">
         <name>.debug_info</name>
         <load_address>0x339</load_address>
         <run_address>0x339</run_address>
         <size>0xeb</size>
         <input_file_ref idref="fl-2"/>
      </object_component>
      <object_component id="oc-75">
         <name>.debug_info</name>
         <load_address>0x424</load_address>
         <run_address>0x424</run_address>
         <size>0x168c</size>
         <input_file_ref idref="fl-2"/>
      </object_component>
      <object_component id="oc-187">
         <name>.debug_info</name>
         <load_address>0x1ab0</load_address>
         <run_address>0x1ab0</run_address>
         <size>0x1b3</size>
         <input_file_ref idref="fl-2"/>
      </object_component>
      <object_component id="oc-139">
         <name>.debug_info</name>
         <load_address>0x1c63</load_address>
         <run_address>0x1c63</run_address>
         <size>0x26b</size>
         <input_file_ref idref="fl-2"/>
      </object_component>
      <object_component id="oc-132">
         <name>.debug_info</name>
         <load_address>0x1ece</load_address>
         <run_address>0x1ece</run_address>
         <size>0x8b</size>
         <input_file_ref idref="fl-2"/>
      </object_component>
      <object_component id="oc-274">
         <name>.debug_info</name>
         <load_address>0x1f59</load_address>
         <run_address>0x1f59</run_address>
         <size>0x2a4</size>
         <input_file_ref idref="fl-2"/>
      </object_component>
      <object_component id="oc-181">
         <name>.debug_info</name>
         <load_address>0x21fd</load_address>
         <run_address>0x21fd</run_address>
         <size>0xef</size>
         <input_file_ref idref="fl-2"/>
      </object_component>
      <object_component id="oc-12d">
         <name>.debug_info</name>
         <load_address>0x22ec</load_address>
         <run_address>0x22ec</run_address>
         <size>0xbb</size>
         <input_file_ref idref="fl-2"/>
      </object_component>
      <object_component id="oc-331">
         <name>.debug_info</name>
         <load_address>0x23a7</load_address>
         <run_address>0x23a7</run_address>
         <size>0x6ae</size>
         <input_file_ref idref="fl-3"/>
      </object_component>
      <object_component id="oc-20f">
         <name>.debug_info</name>
         <load_address>0x2a55</load_address>
         <run_address>0x2a55</run_address>
         <size>0xe1</size>
         <input_file_ref idref="fl-3"/>
      </object_component>
      <object_component id="oc-b7">
         <name>.debug_info</name>
         <load_address>0x2b36</load_address>
         <run_address>0x2b36</run_address>
         <size>0x856</size>
         <input_file_ref idref="fl-3"/>
      </object_component>
      <object_component id="oc-224">
         <name>.debug_info</name>
         <load_address>0x338c</load_address>
         <run_address>0x338c</run_address>
         <size>0xcc</size>
         <input_file_ref idref="fl-3"/>
      </object_component>
      <object_component id="oc-1c7">
         <name>.debug_info</name>
         <load_address>0x3458</load_address>
         <run_address>0x3458</run_address>
         <size>0x2c</size>
         <input_file_ref idref="fl-3"/>
      </object_component>
      <object_component id="oc-21f">
         <name>.debug_info</name>
         <load_address>0x3484</load_address>
         <run_address>0x3484</run_address>
         <size>0x35</size>
         <input_file_ref idref="fl-3"/>
      </object_component>
      <object_component id="oc-d2">
         <name>.debug_info</name>
         <load_address>0x34b9</load_address>
         <run_address>0x34b9</run_address>
         <size>0xbd0</size>
         <input_file_ref idref="fl-4"/>
      </object_component>
      <object_component id="oc-c3">
         <name>.debug_info</name>
         <load_address>0x4089</load_address>
         <run_address>0x4089</run_address>
         <size>0x2b9</size>
         <input_file_ref idref="fl-4"/>
      </object_component>
      <object_component id="oc-10e">
         <name>.debug_info</name>
         <load_address>0x4342</load_address>
         <run_address>0x4342</run_address>
         <size>0xd7</size>
         <input_file_ref idref="fl-4"/>
      </object_component>
      <object_component id="oc-123">
         <name>.debug_info</name>
         <load_address>0x4419</load_address>
         <run_address>0x4419</run_address>
         <size>0xd7</size>
         <input_file_ref idref="fl-4"/>
      </object_component>
      <object_component id="oc-2f">
         <name>.debug_info</name>
         <load_address>0x44f0</load_address>
         <run_address>0x44f0</run_address>
         <size>0x1e63</size>
         <input_file_ref idref="fl-4"/>
      </object_component>
      <object_component id="oc-35">
         <name>.debug_info</name>
         <load_address>0x6353</load_address>
         <run_address>0x6353</run_address>
         <size>0x2d8</size>
         <input_file_ref idref="fl-5"/>
      </object_component>
      <object_component id="oc-13">
         <name>.debug_info</name>
         <load_address>0x662b</load_address>
         <run_address>0x662b</run_address>
         <size>0xf5</size>
         <input_file_ref idref="fl-5"/>
      </object_component>
      <object_component id="oc-29">
         <name>.debug_info</name>
         <load_address>0x6720</load_address>
         <run_address>0x6720</run_address>
         <size>0x271</size>
         <input_file_ref idref="fl-5"/>
      </object_component>
      <object_component id="oc-3c">
         <name>.debug_info</name>
         <load_address>0x6991</load_address>
         <run_address>0x6991</run_address>
         <size>0x84</size>
         <input_file_ref idref="fl-5"/>
      </object_component>
      <object_component id="oc-1c6">
         <name>.debug_info</name>
         <load_address>0x6a15</load_address>
         <run_address>0x6a15</run_address>
         <size>0x3ea</size>
         <input_file_ref idref="fl-6"/>
      </object_component>
      <object_component id="oc-1bd">
         <name>.debug_info</name>
         <load_address>0x6dff</load_address>
         <run_address>0x6dff</run_address>
         <size>0xe1</size>
         <input_file_ref idref="fl-6"/>
      </object_component>
      <object_component id="oc-1c3">
         <name>.debug_info</name>
         <load_address>0x6ee0</load_address>
         <run_address>0x6ee0</run_address>
         <size>0xdb</size>
         <input_file_ref idref="fl-6"/>
      </object_component>
      <object_component id="oc-1c0">
         <name>.debug_info</name>
         <load_address>0x6fbb</load_address>
         <run_address>0x6fbb</run_address>
         <size>0xe9</size>
         <input_file_ref idref="fl-6"/>
      </object_component>
      <object_component id="oc-1ba">
         <name>.debug_info</name>
         <load_address>0x70a4</load_address>
         <run_address>0x70a4</run_address>
         <size>0xed</size>
         <input_file_ref idref="fl-6"/>
      </object_component>
      <object_component id="oc-93">
         <name>.debug_info</name>
         <load_address>0x7191</load_address>
         <run_address>0x7191</run_address>
         <size>0x78a</size>
         <input_file_ref idref="fl-6"/>
      </object_component>
      <object_component id="oc-3f7">
         <name>.debug_info</name>
         <load_address>0x791b</load_address>
         <run_address>0x791b</run_address>
         <size>0x2dc</size>
         <input_file_ref idref="fl-c"/>
      </object_component>
      <object_component id="oc-bf">
         <name>.debug_info</name>
         <load_address>0x7bf7</load_address>
         <run_address>0x7bf7</run_address>
         <size>0x22e</size>
         <input_file_ref idref="fl-c"/>
      </object_component>
      <object_component id="oc-2e5">
         <name>.debug_info</name>
         <load_address>0x7e25</load_address>
         <run_address>0x7e25</run_address>
         <size>0x26b</size>
         <input_file_ref idref="fl-c"/>
      </object_component>
      <object_component id="oc-2d5">
         <name>.debug_info</name>
         <load_address>0x8090</load_address>
         <run_address>0x8090</run_address>
         <size>0x297</size>
         <input_file_ref idref="fl-c"/>
      </object_component>
      <object_component id="oc-2e0">
         <name>.debug_info</name>
         <load_address>0x8327</load_address>
         <run_address>0x8327</run_address>
         <size>0xef</size>
         <input_file_ref idref="fl-c"/>
      </object_component>
      <object_component id="oc-18d">
         <name>.debug_info</name>
         <load_address>0x8416</load_address>
         <run_address>0x8416</run_address>
         <size>0xbb</size>
         <input_file_ref idref="fl-c"/>
      </object_component>
      <object_component id="oc-197">
         <name>.debug_info</name>
         <load_address>0x84d1</load_address>
         <run_address>0x84d1</run_address>
         <size>0x3e4</size>
         <input_file_ref idref="fl-d"/>
      </object_component>
      <object_component id="oc-40d">
         <name>.debug_info</name>
         <load_address>0x88b5</load_address>
         <run_address>0x88b5</run_address>
         <size>0x170</size>
         <input_file_ref idref="fl-d"/>
      </object_component>
      <object_component id="oc-410">
         <name>.debug_info</name>
         <load_address>0x8a25</load_address>
         <run_address>0x8a25</run_address>
         <size>0x172</size>
         <input_file_ref idref="fl-d"/>
      </object_component>
      <object_component id="oc-194">
         <name>.debug_info</name>
         <load_address>0x8b97</load_address>
         <run_address>0x8b97</run_address>
         <size>0x164</size>
         <input_file_ref idref="fl-d"/>
      </object_component>
      <object_component id="oc-199">
         <name>.debug_info</name>
         <load_address>0x8cfb</load_address>
         <run_address>0x8cfb</run_address>
         <size>0x2bc</size>
         <input_file_ref idref="fl-d"/>
      </object_component>
      <object_component id="oc-19f">
         <name>.debug_info</name>
         <load_address>0x8fb7</load_address>
         <run_address>0x8fb7</run_address>
         <size>0x31f</size>
         <input_file_ref idref="fl-d"/>
      </object_component>
      <object_component id="oc-87">
         <name>.debug_info</name>
         <load_address>0x92d6</load_address>
         <run_address>0x92d6</run_address>
         <size>0x29b</size>
         <input_file_ref idref="fl-d"/>
      </object_component>
      <object_component id="oc-9a">
         <name>.debug_info</name>
         <load_address>0x9571</load_address>
         <run_address>0x9571</run_address>
         <size>0x299</size>
         <input_file_ref idref="fl-d"/>
      </object_component>
      <object_component id="oc-83">
         <name>.debug_info</name>
         <load_address>0x980a</load_address>
         <run_address>0x980a</run_address>
         <size>0x289</size>
         <input_file_ref idref="fl-d"/>
      </object_component>
      <object_component id="oc-32a">
         <name>.debug_info</name>
         <load_address>0x9a93</load_address>
         <run_address>0x9a93</run_address>
         <size>0x2a1</size>
         <input_file_ref idref="fl-d"/>
      </object_component>
      <object_component id="oc-204">
         <name>.debug_info</name>
         <load_address>0x9d34</load_address>
         <run_address>0x9d34</run_address>
         <size>0x2d8</size>
         <input_file_ref idref="fl-d"/>
      </object_component>
      <object_component id="oc-20a">
         <name>.debug_info</name>
         <load_address>0xa00c</load_address>
         <run_address>0xa00c</run_address>
         <size>0x298</size>
         <input_file_ref idref="fl-d"/>
      </object_component>
      <object_component id="oc-1d5">
         <name>.debug_info</name>
         <load_address>0xa2a4</load_address>
         <run_address>0xa2a4</run_address>
         <size>0x3b7</size>
         <input_file_ref idref="fl-e"/>
      </object_component>
      <object_component id="oc-1d2">
         <name>.debug_info</name>
         <load_address>0xa65b</load_address>
         <run_address>0xa65b</run_address>
         <size>0x15b</size>
         <input_file_ref idref="fl-e"/>
      </object_component>
      <object_component id="oc-2c7">
         <name>.debug_info</name>
         <load_address>0xa7b6</load_address>
         <run_address>0xa7b6</run_address>
         <size>0x161</size>
         <input_file_ref idref="fl-e"/>
      </object_component>
      <object_component id="oc-2c3">
         <name>.debug_info</name>
         <load_address>0xa917</load_address>
         <run_address>0xa917</run_address>
         <size>0x160</size>
         <input_file_ref idref="fl-e"/>
      </object_component>
      <object_component id="oc-2cd">
         <name>.debug_info</name>
         <load_address>0xaa77</load_address>
         <run_address>0xaa77</run_address>
         <size>0x22e</size>
         <input_file_ref idref="fl-e"/>
      </object_component>
      <object_component id="oc-17b">
         <name>.debug_info</name>
         <load_address>0xaca5</load_address>
         <run_address>0xaca5</run_address>
         <size>0x279</size>
         <input_file_ref idref="fl-e"/>
      </object_component>
      <object_component id="oc-16e">
         <name>.debug_info</name>
         <load_address>0xaf1e</load_address>
         <run_address>0xaf1e</run_address>
         <size>0x2ca</size>
         <input_file_ref idref="fl-e"/>
      </object_component>
      <object_component id="oc-1ff">
         <name>.debug_info</name>
         <load_address>0xb1e8</load_address>
         <run_address>0xb1e8</run_address>
         <size>0x247</size>
         <input_file_ref idref="fl-e"/>
      </object_component>
      <object_component id="oc-a7">
         <name>.debug_info</name>
         <load_address>0xb42f</load_address>
         <run_address>0xb42f</run_address>
         <size>0x271</size>
         <input_file_ref idref="fl-e"/>
      </object_component>
      <object_component id="oc-174">
         <name>.debug_info</name>
         <load_address>0xb6a0</load_address>
         <run_address>0xb6a0</run_address>
         <size>0x273</size>
         <input_file_ref idref="fl-e"/>
      </object_component>
      <object_component id="oc-192">
         <name>.debug_info</name>
         <load_address>0xb913</load_address>
         <run_address>0xb913</run_address>
         <size>0x441</size>
         <input_file_ref idref="fl-f"/>
      </object_component>
      <object_component id="oc-1ce">
         <name>.debug_info</name>
         <load_address>0xbd54</load_address>
         <run_address>0xbd54</run_address>
         <size>0x156</size>
         <input_file_ref idref="fl-f"/>
      </object_component>
      <object_component id="oc-1a9">
         <name>.debug_info</name>
         <load_address>0xbeaa</load_address>
         <run_address>0xbeaa</run_address>
         <size>0x28c</size>
         <input_file_ref idref="fl-f"/>
      </object_component>
      <object_component id="oc-7b">
         <name>.debug_info</name>
         <load_address>0xc136</load_address>
         <run_address>0xc136</run_address>
         <size>0x286</size>
         <input_file_ref idref="fl-f"/>
      </object_component>
      <object_component id="oc-9f">
         <name>.debug_info</name>
         <load_address>0xc3bc</load_address>
         <run_address>0xc3bc</run_address>
         <size>0x2be</size>
         <input_file_ref idref="fl-f"/>
      </object_component>
      <object_component id="oc-2dc">
         <name>.debug_info</name>
         <load_address>0xc67a</load_address>
         <run_address>0xc67a</run_address>
         <size>0x51</size>
         <input_file_ref idref="fl-f"/>
      </object_component>
      <object_component id="oc-30d">
         <name>.debug_info</name>
         <load_address>0xc6cb</load_address>
         <run_address>0xc6cb</run_address>
         <size>0x346</size>
         <input_file_ref idref="fl-10"/>
      </object_component>
      <object_component id="oc-1d9">
         <name>.debug_info</name>
         <load_address>0xca11</load_address>
         <run_address>0xca11</run_address>
         <size>0x280</size>
         <input_file_ref idref="fl-10"/>
      </object_component>
      <object_component id="oc-30f">
         <name>.debug_info</name>
         <load_address>0xcc91</load_address>
         <run_address>0xcc91</run_address>
         <size>0x3c7</size>
         <input_file_ref idref="fl-11"/>
      </object_component>
      <object_component id="oc-3fe">
         <name>.debug_info</name>
         <load_address>0xd058</load_address>
         <run_address>0xd058</run_address>
         <size>0x163</size>
         <input_file_ref idref="fl-11"/>
      </object_component>
      <object_component id="oc-401">
         <name>.debug_info</name>
         <load_address>0xd1bb</load_address>
         <run_address>0xd1bb</run_address>
         <size>0x175</size>
         <input_file_ref idref="fl-11"/>
      </object_component>
      <object_component id="oc-314">
         <name>.debug_info</name>
         <load_address>0xd330</load_address>
         <run_address>0xd330</run_address>
         <size>0x2f4</size>
         <input_file_ref idref="fl-11"/>
      </object_component>
      <object_component id="oc-1e8">
         <name>.debug_info</name>
         <load_address>0xd624</load_address>
         <run_address>0xd624</run_address>
         <size>0x2ed</size>
         <input_file_ref idref="fl-11"/>
      </object_component>
      <object_component id="oc-1e2">
         <name>.debug_info</name>
         <load_address>0xd911</load_address>
         <run_address>0xd911</run_address>
         <size>0x29d</size>
         <input_file_ref idref="fl-11"/>
      </object_component>
      <object_component id="oc-1a6">
         <name>.debug_info</name>
         <load_address>0xdbae</load_address>
         <run_address>0xdbae</run_address>
         <size>0x3cb</size>
         <input_file_ref idref="fl-12"/>
      </object_component>
      <object_component id="oc-405">
         <name>.debug_info</name>
         <load_address>0xdf79</load_address>
         <run_address>0xdf79</run_address>
         <size>0x160</size>
         <input_file_ref idref="fl-12"/>
      </object_component>
      <object_component id="oc-408">
         <name>.debug_info</name>
         <load_address>0xe0d9</load_address>
         <run_address>0xe0d9</run_address>
         <size>0x172</size>
         <input_file_ref idref="fl-12"/>
      </object_component>
      <object_component id="oc-31c">
         <name>.debug_info</name>
         <load_address>0xe24b</load_address>
         <run_address>0xe24b</run_address>
         <size>0x287</size>
         <input_file_ref idref="fl-12"/>
      </object_component>
      <object_component id="oc-114">
         <name>.debug_info</name>
         <load_address>0xe4d2</load_address>
         <run_address>0xe4d2</run_address>
         <size>0x288</size>
         <input_file_ref idref="fl-12"/>
      </object_component>
      <object_component id="oc-1f4">
         <name>.debug_info</name>
         <load_address>0xe75a</load_address>
         <run_address>0xe75a</run_address>
         <size>0x2cc</size>
         <input_file_ref idref="fl-12"/>
      </object_component>
      <object_component id="oc-1fa">
         <name>.debug_info</name>
         <load_address>0xea26</load_address>
         <run_address>0xea26</run_address>
         <size>0x298</size>
         <input_file_ref idref="fl-12"/>
      </object_component>
      <object_component id="oc-11a">
         <name>.debug_info</name>
         <load_address>0xecbe</load_address>
         <run_address>0xecbe</run_address>
         <size>0x296</size>
         <input_file_ref idref="fl-12"/>
      </object_component>
      <object_component id="oc-1ee">
         <name>.debug_info</name>
         <load_address>0xef54</load_address>
         <run_address>0xef54</run_address>
         <size>0x2d8</size>
         <input_file_ref idref="fl-12"/>
      </object_component>
      <object_component id="oc-1b7">
         <name>.debug_info</name>
         <load_address>0xf22c</load_address>
         <run_address>0xf22c</run_address>
         <size>0x250</size>
         <input_file_ref idref="fl-12"/>
      </object_component>
      <object_component id="oc-2f7">
         <name>.debug_info</name>
         <load_address>0xf47c</load_address>
         <run_address>0xf47c</run_address>
         <size>0x252</size>
         <input_file_ref idref="fl-12"/>
      </object_component>
      <object_component id="oc-1b1">
         <name>.debug_info</name>
         <load_address>0xf6ce</load_address>
         <run_address>0xf6ce</run_address>
         <size>0x32f</size>
         <input_file_ref idref="fl-12"/>
      </object_component>
      <object_component id="oc-90">
         <name>.debug_info</name>
         <load_address>0xf9fd</load_address>
         <run_address>0xf9fd</run_address>
         <size>0x29a</size>
         <input_file_ref idref="fl-12"/>
      </object_component>
      <object_component id="oc-b4">
         <name>.debug_info</name>
         <load_address>0xfc97</load_address>
         <run_address>0xfc97</run_address>
         <size>0x25c</size>
         <input_file_ref idref="fl-12"/>
      </object_component>
      <object_component id="oc-cf">
         <name>.debug_info</name>
         <load_address>0xfef3</load_address>
         <run_address>0xfef3</run_address>
         <size>0x27c</size>
         <input_file_ref idref="fl-12"/>
      </object_component>
      <object_component id="oc-ae">
         <name>.debug_info</name>
         <load_address>0x1016f</load_address>
         <run_address>0x1016f</run_address>
         <size>0x26c</size>
         <input_file_ref idref="fl-12"/>
      </object_component>
      <object_component id="oc-120">
         <name>.debug_info</name>
         <load_address>0x103db</load_address>
         <run_address>0x103db</run_address>
         <size>0x256</size>
         <input_file_ref idref="fl-12"/>
      </object_component>
      <object_component id="oc-321">
         <name>.debug_info</name>
         <load_address>0x10631</load_address>
         <run_address>0x10631</run_address>
         <size>0x21b</size>
         <input_file_ref idref="fl-13"/>
      </object_component>
      <object_component id="oc-265">
         <name>.debug_info</name>
         <load_address>0x1084c</load_address>
         <run_address>0x1084c</run_address>
         <size>0x333</size>
         <input_file_ref idref="fl-c9"/>
      </object_component>
      <object_component id="oc-103">
         <name>.debug_info</name>
         <load_address>0x10b7f</load_address>
         <run_address>0x10b7f</run_address>
         <size>0x1d1</size>
         <input_file_ref idref="fl-c9"/>
      </object_component>
      <object_component id="oc-25a">
         <name>.debug_info</name>
         <load_address>0x10d50</load_address>
         <run_address>0x10d50</run_address>
         <size>0x18d</size>
         <input_file_ref idref="fl-c9"/>
      </object_component>
      <object_component id="oc-260">
         <name>.debug_info</name>
         <load_address>0x10edd</load_address>
         <run_address>0x10edd</run_address>
         <size>0x16d</size>
         <input_file_ref idref="fl-c9"/>
      </object_component>
      <object_component id="oc-44a">
         <name>.debug_info</name>
         <load_address>0x1104a</load_address>
         <run_address>0x1104a</run_address>
         <size>0x2c</size>
         <input_file_ref idref="fl-c9"/>
      </object_component>
      <object_component id="oc-251">
         <name>.debug_info</name>
         <load_address>0x11076</load_address>
         <run_address>0x11076</run_address>
         <size>0x37a</size>
         <input_file_ref idref="fl-ca"/>
      </object_component>
      <object_component id="oc-fd">
         <name>.debug_info</name>
         <load_address>0x113f0</load_address>
         <run_address>0x113f0</run_address>
         <size>0x17e</size>
         <input_file_ref idref="fl-ca"/>
      </object_component>
      <object_component id="oc-245">
         <name>.debug_info</name>
         <load_address>0x1156e</load_address>
         <run_address>0x1156e</run_address>
         <size>0x171</size>
         <input_file_ref idref="fl-ca"/>
      </object_component>
      <object_component id="oc-242">
         <name>.debug_info</name>
         <load_address>0x116df</load_address>
         <run_address>0x116df</run_address>
         <size>0x17e</size>
         <input_file_ref idref="fl-ca"/>
      </object_component>
      <object_component id="oc-24d">
         <name>.debug_info</name>
         <load_address>0x1185d</load_address>
         <run_address>0x1185d</run_address>
         <size>0x1de</size>
         <input_file_ref idref="fl-ca"/>
[...]
      </symbol>
      <symbol id="sm-322">
         <name>LEDCOLOR</name>
         <value>0x2000047c</value>
         <object_component_ref idref="oc-c2"/>
      </symbol>
      <symbol id="sm-323">
         <name>keypadRowSelect</name>
         <value>0x121d</value>
         <object_component_ref idref="oc-2d"/>
      </symbol>
      <symbol id="sm-324">
         <name>g_bRXFlag</name>
         <value>0x20000490</value>
         <object_component_ref idref="oc-c2"/>
      </symbol>
      <symbol id="sm-325">
         <name>processString</name>
         <value>0x5cd</value>
         <object_component_ref idref="oc-2d"/>
      </symbol>
      <symbol id="sm-326">
         <name>TIMER0A_Handler</name>
         <value>0xa29</value>
         <object_component_ref idref="oc-2d"/>
      </symbol>
      <symbol id="sm-327">
         <name>cancan</name>
         <value>0x3ef</value>
         <object_component_ref idref="oc-2d"/>
      </symbol>
      <symbol id="sm-328">
         <name>g_ui32ErrFlag</name>
         <value>0x20000494</value>
         <object_component_ref idref="oc-c2"/>
      </symbol>
      <symbol id="sm-329">
         <name>timerSetValue</name>
         <value>0x20000478</value>
         <object_component_ref idref="oc-c2"/>
      </symbol>
      <symbol id="sm-34a">
         <name>ResetISR</name>
         <value>0x661b</value>
         <object_component_ref idref="oc-27"/>
      </symbol>
      <symbol id="sm-34b">
         <name>g_pfnVectors</name>
         <value>0x0</value>
         <object_component_ref idref="oc-12"/>
      </symbol>
      <symbol id="sm-3bb">
         <name>UARTgetc</name>
         <value>0x3c65</value>
         <object_component_ref idref="oc-92"/>
      </symbol>
      <symbol id="sm-3bc">
         <name>UARTgets</name>
         <value>0x3bab</value>
         <object_component_ref idref="oc-92"/>
      </symbol>
      <symbol id="sm-3bd">
         <name>UARTStdioConfig</name>
         <value>0x3b15</value>
         <object_component_ref idref="oc-92"/>
      </symbol>
      <symbol id="sm-3be">
         <name>UARTwrite</name>
         <value>0x3b5b</value>
         <object_component_ref idref="oc-92"/>
      </symbol>
      <symbol id="sm-3bf">
         <name>UARTprintf</name>
         <value>0x3f87</value>
         <object_component_ref idref="oc-92"/>
      </symbol>
      <symbol id="sm-3c0">
         <name>UARTvprintf</name>
         <value>0x3c8d</value>
         <object_component_ref idref="oc-92"/>
      </symbol>
      <symbol id="sm-3e3">
         <name>FPULazyStackingEnable</name>
         <value>0x6569</value>
         <object_component_ref idref="oc-bc"/>
      </symbol>
      <symbol id="sm-454">
         <name>GPIOIntRegister</name>
         <value>0x6423</value>
         <object_component_ref idref="oc-202"/>
      </symbol>
      <symbol id="sm-455">
         <name>GPIOPinConfigure</name>
         <value>0x5efd</value>
         <object_component_ref idref="oc-80"/>
      </symbol>
      <symbol id="sm-456">
         <name>GPIOIntEnable</name>
         <value>0x660f</value>
         <object_component_ref idref="oc-208"/>
      </symbol>
      <symbol id="sm-457">
         <name>GPIOPinTypeUART</name>
         <value>0x64c9</value>
         <object_component_ref idref="oc-86"/>
      </symbol>
      <symbol id="sm-458">
         <name>GPIODirModeSet</name>
         <value>0x6367</value>
         <object_component_ref idref="oc-198"/>
      </symbol>
      <symbol id="sm-459">
         <name>GPIOPadConfigSet</name>
         <value>0x4bf1</value>
         <object_component_ref idref="oc-19e"/>
      </symbol>
      <symbol id="sm-45a">
         <name>GPIOPinTypeCAN</name>
         <value>0x64b3</value>
         <object_component_ref idref="oc-98"/>
      </symbol>
      <symbol id="sm-4c3">
         <name>IntEnable</name>
         <value>0x5c65</value>
         <object_component_ref idref="oc-a4"/>
      </symbol>
      <symbol id="sm-4c4">
         <name>IntDisable</name>
         <value>0x5bfd</value>
         <object_component_ref idref="oc-171"/>
      </symbol>
      <symbol id="sm-4c5">
         <name>IntRegister</name>
         <value>0x6269</value>
         <object_component_ref idref="oc-16b"/>
      </symbol>
      <symbol id="sm-4c6">
         <name>IntUnregister</name>
         <value>0x64f5</value>
         <object_component_ref idref="oc-177"/>
      </symbol>
      <symbol id="sm-4c7">
         <name>g_pfnRAMVectors</name>
         <value>0x20000000</value>
         <object_component_ref idref="oc-2c2"/>
      </symbol>
      <symbol id="sm-4c8">
         <name>IntMasterEnable</name>
         <value>0x6579</value>
         <object_component_ref idref="oc-1fc"/>
      </symbol>
      <symbol id="sm-50e">
         <name>SysCtlPeripheralPresent</name>
         <value>0x61f9</value>
         <object_component_ref idref="oc-1a7"/>
      </symbol>
      <symbol id="sm-50f">
         <name>SysCtlPeripheralEnable</name>
         <value>0x629d</value>
         <object_component_ref idref="oc-7a"/>
      </symbol>
      <symbol id="sm-510">
         <name>SysCtlClockGet</name>
         <value>0x5381</value>
         <object_component_ref idref="oc-9e"/>
      </symbol>
      <symbol id="sm-51f">
         <name>SysTickIntRegister</name>
         <value>0x63b5</value>
         <object_component_ref idref="oc-1d8"/>
      </symbol>
      <symbol id="sm-553">
         <name>TimerIntRegister</name>
         <value>0x643b</value>
         <object_component_ref idref="oc-1e4"/>
      </symbol>
      <symbol id="sm-554">
         <name>TimerIntEnable</name>
         <value>0x664f</value>
         <object_component_ref idref="oc-1de"/>
      </symbol>
      <symbol id="sm-5e6">
         <name>UARTConfigSetExpClk</name>
         <value>0x6029</value>
         <object_component_ref idref="oc-1ad"/>
      </symbol>
      <symbol id="sm-5e7">
         <name>UARTDisable</name>
         <value>0x6395</value>
         <object_component_ref idref="oc-2f3"/>
      </symbol>
      <symbol id="sm-5e8">
         <name>UARTIntEnable</name>
         <value>0x6657</value>
         <object_component_ref idref="oc-1f6"/>
      </symbol>
      <symbol id="sm-5e9">
         <name>UARTCharsAvail</name>
         <value>0x65e7</value>
         <object_component_ref idref="oc-b0"/>
      </symbol>
      <symbol id="sm-5ea">
         <name>UARTCharGetNonBlocking</name>
         <value>0x65d9</value>
         <object_component_ref idref="oc-aa"/>
      </symbol>
      <symbol id="sm-5eb">
         <name>UARTClockSourceSet</name>
         <value>0x6671</value>
         <object_component_ref idref="oc-8c"/>
      </symbol>
      <symbol id="sm-5ec">
         <name>UARTCharPut</name>
         <value>0x6631</value>
         <object_component_ref idref="oc-cb"/>
      </symbol>
      <symbol id="sm-5ed">
         <name>UARTEnable</name>
         <value>0x6509</value>
         <object_component_ref idref="oc-1b3"/>
      </symbol>
      <symbol id="sm-5ee">
         <name>UARTIntClear</name>
         <value>0x667d</value>
         <object_component_ref idref="oc-116"/>
      </symbol>
      <symbol id="sm-5ef">
         <name>UARTIntStatus</name>
         <value>0x663b</value>
         <object_component_ref idref="oc-110"/>
      </symbol>
      <symbol id="sm-5f0">
         <name>UARTCharGet</name>
         <value>0x6627</value>
         <object_component_ref idref="oc-11c"/>
      </symbol>
      <symbol id="sm-5f1">
         <name>UARTFIFOLevelSet</name>
         <value>0x6677</value>
         <object_component_ref idref="oc-1ea"/>
      </symbol>
      <symbol id="sm-5f2">
         <name>UARTIntRegister</name>
         <value>0x6453</value>
         <object_component_ref idref="oc-1f0"/>
      </symbol>
      <symbol id="sm-5fc">
         <name>CPUcpsie</name>
         <value>0x6603</value>
         <object_component_ref idref="oc-320"/>
      </symbol>
      <symbol id="sm-623">
         <name>sprintf</name>
         <value>0x6179</value>
         <object_component_ref idref="oc-102"/>
      </symbol>
      <symbol id="sm-65a">
         <name>sscanf</name>
         <value>0x6231</value>
         <object_component_ref idref="oc-fc"/>
      </symbol>
      <symbol id="sm-675">
         <name>memcpy</name>
         <value>0x5867</value>
         <object_component_ref idref="oc-41"/>
      </symbol>
      <symbol id="sm-676">
         <name>__aeabi_memcpy</name>
         <value>0x5867</value>
         <object_component_ref idref="oc-41"/>
      </symbol>
      <symbol id="sm-677">
         <name>__aeabi_memcpy8</name>
         <value>0x5867</value>
         <object_component_ref idref="oc-41"/>
      </symbol>
      <symbol id="sm-678">
         <name>__aeabi_memcpy4</name>
         <value>0x5867</value>
         <object_component_ref idref="oc-41"/>
      </symbol>
      <symbol id="sm-687">
         <name>__aeabi_uidivmod</name>
         <value>0x6139</value>
         <object_component_ref idref="oc-108"/>
      </symbol>
      <symbol id="sm-688">
         <name>__aeabi_uidiv</name>
         <value>0x6139</value>
         <object_component_ref idref="oc-108"/>
      </symbol>
      <symbol id="sm-695">
         <name>__aeabi_uldivmod</name>
         <value>0x5903</value>
         <object_component_ref idref="oc-127"/>
      </symbol>
      <symbol id="sm-6ae">
         <name>__TI_zero_init_nomemset</name>
         <value>0x63d1</value>
         <object_component_ref idref="oc-4d"/>
      </symbol>
      <symbol id="sm-6c5">
         <name>__TI_decompress_none</name>
         <value>0x65f5</value>
         <object_component_ref idref="oc-1b"/>
      </symbol>
      <symbol id="sm-6e8">
         <name>__TI_decompress_lzss</name>
         <value>0x5d35</value>
         <object_component_ref idref="oc-15"/>
      </symbol>
      <symbol id="sm-6f3">
         <name>_ctypes_</name>
         <value>0x6688</value>
         <object_component_ref idref="oc-229"/>
      </symbol>
      <symbol id="sm-702">
         <name>isalnum</name>
         <value>0x6589</value>
         <object_component_ref idref="oc-ea"/>
      </symbol>
      <symbol id="sm-711">
         <name>isalpha</name>
         <value>0x6599</value>
         <object_component_ref idref="oc-de"/>
      </symbol>
      <symbol id="sm-720">
         <name>isdigit</name>
         <value>0x65a9</value>
         <object_component_ref idref="oc-f6"/>
      </symbol>
      <symbol id="sm-72f">
         <name>isspace</name>
         <value>0x65b9</value>
         <object_component_ref idref="oc-d8"/>
      </symbol>
      <symbol id="sm-73d">
         <name>strlen</name>
         <value>0x6531</value>
         <object_component_ref idref="oc-c5"/>
      </symbol>
      <symbol id="sm-750">
         <name>strstr</name>
         <value>0x6305</value>
         <object_component_ref idref="oc-f0"/>
      </symbol>
      <symbol id="sm-75f">
         <name>toupper</name>
         <value>0x65c9</value>
         <object_component_ref idref="oc-e4"/>
      </symbol>
      <symbol id="sm-772">
         <name>__stack</name>
         <value>0x20000270</value>
         <object_component_ref idref="oc-24"/>
      </symbol>
      <symbol id="sm-773">
         <name>_c_int00_noargs</name>
         <value>0x62d1</value>
         <object_component_ref idref="oc-5f"/>
      </symbol>
      <symbol id="sm-8d8">
         <name>__TI_printfi</name>
         <value>0x2041</value>
         <object_component_ref idref="oc-252"/>
      </symbol>
      <symbol id="sm-98e">
         <name>__TI_scanfi</name>
         <value>0x152d</value>
         <object_component_ref idref="oc-238"/>
      </symbol>
      <symbol id="sm-998">
         <name>__aeabi_idiv0</name>
         <value>0x4bef</value>
         <object_component_ref idref="oc-266"/>
      </symbol>
      <symbol id="sm-999">
         <name>__aeabi_ldiv0</name>
         <value>0x4bef</value>
         <object_component_ref idref="oc-266"/>
      </symbol>
      <symbol id="sm-9b0">
         <name>__aeabi_dsub</name>
         <value>0x4a39</value>
         <object_component_ref idref="oc-427"/>
      </symbol>
      <symbol id="sm-9b1">
         <name>__aeabi_dadd</name>
         <value>0x4a43</value>
         <object_component_ref idref="oc-427"/>
      </symbol>
      <symbol id="sm-9d3">
         <name>__aeabi_cdcmpeq</name>
         <value>0x5999</value>
         <object_component_ref idref="oc-392"/>
      </symbol>
      <symbol id="sm-9d4">
         <name>__aeabi_cdcmple</name>
         <value>0x5999</value>
         <object_component_ref idref="oc-392"/>
      </symbol>
      <symbol id="sm-9d5">
         <name>__aeabi_cdrcmple</name>
         <value>0x5a1f</value>
         <object_component_ref idref="oc-456"/>
      </symbol>
      <symbol id="sm-9e9">
         <name>__aeabi_ddiv</name>
         <value>0x4ff5</value>
         <object_component_ref idref="oc-42c"/>
      </symbol>
      <symbol id="sm-9f4">
         <name>__aeabi_dmul</name>
         <value>0x56b9</value>
         <object_component_ref idref="oc-422"/>
      </symbol>
      <symbol id="sm-9fe">
         <name>__aeabi_d2iz</name>
         <value>0x5fe1</value>
         <object_component_ref idref="oc-45b"/>
      </symbol>
      <symbol id="sm-a0a">
         <name>__aeabi_d2f</name>
         <value>0x5b8d</value>
         <object_component_ref idref="oc-35b"/>
      </symbol>
      <symbol id="sm-a14">
         <name>__aeabi_i2d</name>
         <value>0x6339</value>
         <object_component_ref idref="oc-466"/>
      </symbol>
      <symbol id="sm-a23">
         <name>__aeabi_memset</name>
         <value>0x5aa7</value>
         <object_component_ref idref="oc-153"/>
      </symbol>
      <symbol id="sm-a24">
         <name>memset</name>
         <value>0x5aad</value>
         <object_component_ref idref="oc-153"/>
      </symbol>
      <symbol id="sm-a25">
         <name>__aeabi_memset8</name>
         <value>0x5aa7</value>
         <object_component_ref idref="oc-153"/>
      </symbol>
      <symbol id="sm-a26">
         <name>__aeabi_memset4</name>
         <value>0x5aa7</value>
         <object_component_ref idref="oc-153"/>
      </symbol>
      <symbol id="sm-a27">
         <name>__aeabi_memclr8</name>
         <value>0x5aa5</value>
         <object_component_ref idref="oc-153"/>
      </symbol>
      <symbol id="sm-a28">
         <name>__aeabi_memclr4</name>
         <value>0x5aa5</value>
         <object_component_ref idref="oc-153"/>
      </symbol>
      <symbol id="sm-a29">
         <name>__aeabi_memclr</name>
         <value>0x5aa5</value>
         <object_component_ref idref="oc-153"/>
      </symbol>
      <symbol id="sm-a51">
         <name>__TI_auto_init_nobinit_nopinit</name>
         <value>0x60b5</value>
         <object_component_ref idref="oc-290"/>
      </symbol>
      <symbol id="sm-a5b">
         <name>_system_pre_init</name>
         <value>0x6681</value>
         <object_component_ref idref="oc-159"/>
      </symbol>
      <symbol id="sm-a67">
         <name>C$$EXIT</name>
         <value>0x6685</value>
         <object_component_ref idref="oc-284"/>
      </symbol>
      <symbol id="sm-a68">
         <name>abort</name>
         <value>0x6685</value>
         <object_component_ref idref="oc-284"/>
      </symbol>
      <symbol id="sm-a78">
         <name>__TI_ltoa</name>
         <value>0x5e57</value>
         <object_component_ref idref="oc-460"/>
      </symbol>
      <symbol id="sm-a8f">
         <name>atoi</name>
         <value>0x5f95</value>
         <object_component_ref idref="oc-36c"/>
      </symbol>
      <symbol id="sm-a9f">
         <name>memccpy</name>
         <value>0x63ed</value>
         <object_component_ref idref="oc-3af"/>
      </symbol>
      <symbol id="sm-aaf">
         <name>strchr</name>
         <value>0x64df</value>
         <object_component_ref idref="oc-378"/>
      </symbol>
      <symbol id="sm-abd">
         <name>strcpy</name>
         <value>0x651d</value>
         <object_component_ref idref="oc-343"/>
      </symbol>
      <symbol id="sm-acc">
         <name>strrchr</name>
         <value>0x649b</value>
         <object_component_ref idref="oc-372"/>
      </symbol>
      <symbol id="sm-b2c">
         <name>strtold</name>
         <value>0x3fbd</value>
         <object_component_ref idref="oc-355"/>
      </symbol>
      <symbol id="sm-b2d">
         <name>strtod</name>
         <value>0x3fbd</value>
         <object_component_ref idref="oc-355"/>
      </symbol>
      <symbol id="sm-b51">
         <name>strtol</name>
         <value>0x512d</value>
         <object_component_ref idref="oc-360"/>
      </symbol>
      <symbol id="sm-b77">
         <name>strtoll</name>
         <value>0x468d</value>
         <object_component_ref idref="oc-366"/>
      </symbol>
      <symbol id="sm-b97">
         <name>strtoul</name>
         <value>0x55a9</value>
         <object_component_ref idref="oc-34f"/>
      </symbol>
      <symbol id="sm-bba">
         <name>strtoull</name>
         <value>0x4d5d</value>
         <object_component_ref idref="oc-349"/>
      </symbol>
      <symbol id="sm-bd0">
         <name>__aeabi_errno_addr</name>
         <value>0x6661</value>
         <object_component_ref idref="oc-3bb"/>
      </symbol>
      <symbol id="sm-bd1">
         <name>errno</name>
         <value>0x20000518</value>
         <object_component_ref idref="oc-496"/>
      </symbol>
      <symbol id="sm-bea">
         <name>wcslen</name>
         <value>0x6557</value>
         <object_component_ref idref="oc-3b5"/>
      </symbol>
      <symbol id="sm-c0a">
         <name>frexpl</name>
         <value>0x5d9d</value>
         <object_component_ref idref="oc-486"/>
      </symbol>
      <symbol id="sm-c0b">
         <name>frexp</name>
         <value>0x5d9d</value>
         <object_component_ref idref="oc-486"/>
      </symbol>
      <symbol id="sm-c28">
         <name>scalbn</name>
         <value>0x5499</value>
         <object_component_ref idref="oc-431"/>
      </symbol>
      <symbol id="sm-c29">
         <name>scalbnl</name>
         <value>0x5499</value>
         <object_component_ref idref="oc-431"/>
      </symbol>
      <symbol id="sm-c2a">
         <name>ldexpl</name>
         <value>0x5499</value>
         <object_component_ref idref="oc-431"/>
      </symbol>
      <symbol id="sm-c2b">
         <name>ldexp</name>
         <value>0x5499</value>
         <object_component_ref idref="oc-431"/>
      </symbol>
      <symbol id="sm-c34">
         <name>__aeabi_lmul</name>
         <value>0x6483</value>
         <object_component_ref idref="oc-419"/>
      </symbol>
      <symbol id="sm-c3e">
         <name>copysign</name>
         <value>0x6409</value>
         <object_component_ref idref="oc-4db"/>
      </symbol>
      <symbol id="sm-c3f">
         <name>copysignl</name>
         <value>0x6409</value>
         <object_component_ref idref="oc-4db"/>
      </symbol>
      <symbol id="sm-c40">
         <name>__TI_static_base__</name>
         <value>0x0</value>
      </symbol>
      <symbol id="sm-c43">
         <name>__mpu_init</name>
         <value>0x0</value>
      </symbol>
      <symbol id="sm-c44">
         <name>_system_post_cinit</name>
         <value>0x0</value>
      </symbol>
   </symbol_table>
   <title>Link successful</title>
</link_info>
