******************************************************************************
                  TI ARM Linker PC v20.2.7                     
******************************************************************************
>> Linked Wed Mar 26 15:51:19 2025

OUTPUT FILE NAME:   <Milestone1.out>
ENTRY POINT SYMBOL: "_c_int00_noargs"  address: 00000875


MEMORY CONFIGURATION

         name            origin    length      used     unused   attr    fill
----------------------  --------  ---------  --------  --------  ----  --------
  FLASH                 00000000   00040000  000009b8  0003f648  R  X
  SRAM                  20000000   00008000  000004d8  00007b28  RW X


SEGMENT ALLOCATION MAP

run origin  load origin   length   init length attrs members
----------  ----------- ---------- ----------- ----- -------
00000000    00000000    000009b8   000009b8    r-x
  00000000    00000000    0000026c   0000026c    r-- .intvecs
  0000026c    0000026c    000006d4   000006d4    r-x .text
  00000940    00000940    00000078   00000078    r-- .cinit
20000000    20000000    000004dc   00000000    rw-
  20000000    20000000    0000026c   00000000    rw- .vtable
  20000270    20000270    00000200   00000000    rw- .stack
  20000470    20000470    00000060   00000000    rw- .data
  200004d0    200004d0    0000000c   00000000    rw- .bss


SECTION ALLOCATION MAP

 output                                  attributes/
section   page    origin      length       input sections
--------  ----  ----------  ----------   ----------------
.intvecs   0    00000000    0000026c     
                  00000000    0000026c     tm4c123gh6pm_startup_ccs.obj (.intvecs)

.text      0    0000026c    000006d4     
                  0000026c    0000032c     main.obj (.text)
                  00000598    000000f4     driverlib.lib : sysctl.obj (.text:SysCtlClockSet)
                  0000068c    0000009c     rtsv7M4_T_le_v4SPD16_eabi.lib : memcpy_t2.asm.obj (.text)
                  00000728    00000068                                   : copy_decompress_lzss.c.obj (.text:decompress:lzss:__TI_decompress_lzss)
                  00000790    00000044                                   : autoinit.c.obj (.text:__TI_auto_init_nobinit_nopinit:__TI_auto_init_nobinit_nopinit)
                  000007d4    00000038     driverlib.lib : sysctl.obj (.text:SysCtlPeripheralReady)
                  0000080c    00000034                   : interrupt.obj (.text:IntRegister)
                  00000840    00000034                   : sysctl.obj (.text:SysCtlPeripheralEnable)
                  00000874    00000034     rtsv7M4_T_le_v4SPD16_eabi.lib : boot_cortex_m.c.obj (.text:_c_int00_noargs:_c_int00_noargs)
                  000008a8    0000001c     driverlib.lib : systick.obj (.text:SysTickIntRegister)
                  000008c4    0000001c     rtsv7M4_T_le_v4SPD16_eabi.lib : copy_zero_init.c.obj (.text:decompress:ZI:__TI_zero_init_nomemset:__TI_zero_init_nomemset)
                  000008e0    00000014     driverlib.lib : systick.obj (.text:SysTickEnable)
                  000008f4    00000014                   : systick.obj (.text:SysTickIntEnable)
                  00000908    00000010                   : systick.obj (.text:SysTickPeriodSet)
                  00000918    0000000e     rtsv7M4_T_le_v4SPD16_eabi.lib : copy_decompress_none.c.obj (.text:decompress:none:__TI_decompress_none)
                  00000926    0000000c     tm4c123gh6pm_startup_ccs.obj (.text)
                  00000932    00000006     driverlib.lib : sysctl.obj (.text:SysCtlDelay)
                  00000938    00000004     rtsv7M4_T_le_v4SPD16_eabi.lib : pre_init.c.obj (.text:_system_pre_init)
                  0000093c    00000004                                   : exit.c.obj (.text:abort:abort)

.cinit     0    00000940    00000078     
                  00000940    00000040     (.cinit..data.load) [load image, compression = lzss]
                  00000980    0000000c     (__TI_handler_table)
                  0000098c    00000004     --HOLE-- [fill = 0]
                  00000990    00000008     (.cinit..bss.load) [load image, compression = zero_init]
                  00000998    00000008     (.cinit..vtable.load) [load image, compression = zero_init]
                  000009a0    00000018     (__TI_cinit_table)

.init_array 
*          0    00000000    00000000     UNINITIALIZED

.vtable    0    20000000    0000026c     UNINITIALIZED
                  20000000    0000026c     driverlib.lib : interrupt.obj (.vtable)

.data      0    20000470    00000060     UNINITIALIZED
                  20000470    00000020     main.obj (.data:colour)
                  20000490    00000020     main.obj (.data:period)
                  200004b0    00000020     main.obj (.data:segment_number)

.bss       0    200004d0    0000000c     UNINITIALIZED
                  200004d0    00000004     (.common:LED_status_flag)
                  200004d4    00000004     (.common:colourptr)
                  200004d8    00000004     (.common:timeptr)

.stack     0    20000270    00000200     UNINITIALIZED
                  20000270    00000004     rtsv7M4_T_le_v4SPD16_eabi.lib : boot_cortex_m.c.obj (.stack)
                  20000274    000001fc     --HOLE--

__llvm_prf_cnts 
*          0    20000000    00000000     UNINITIALIZED

MODULE SUMMARY

       Module                         code   ro data   rw data
       ------                         ----   -------   -------
    .\
       main.obj                       812    0         108    
       tm4c123gh6pm_startup_ccs.obj   12     620       0      
    +--+------------------------------+------+---------+---------+
       Total:                         824    620       108    
                                                              
    ../driverlib.lib
       interrupt.obj                  52     0         620    
       sysctl.obj                     358    0         0      
       systick.obj                    84     0         0      
    +--+------------------------------+------+---------+---------+
       Total:                         494    0         620    
                                                              
    C:\ti\ccs1240\ccs\tools\compiler\ti-cgt-arm_20.2.7.LTS\lib\rtsv7M4_T_le_v4SPD16_eabi.lib
       memcpy_t2.asm.obj              156    0         0      
       copy_decompress_lzss.c.obj     104    0         0      
       autoinit.c.obj                 68     0         0      
       boot_cortex_m.c.obj            52     0         0      
       copy_zero_init.c.obj           28     0         0      
       copy_decompress_none.c.obj     14     0         0      
       exit.c.obj                     4      0         0      
       pre_init.c.obj                 4      0         0      
    +--+------------------------------+------+---------+---------+
       Total:                         430    0         0      
                                                              
       Stack:                         0      0         512    
       Linker Generated:              0      116       0      
    +--+------------------------------+------+---------+---------+
       Grand Total:                   1748   736       1240   


LINKER GENERATED COPY TABLES

__TI_cinit_table @ 000009a0 records: 3, size/record: 8, table size: 24
	.data: load addr=00000940, load size=00000040 bytes, run addr=20000470, run size=00000060 bytes, compression=lzss
	.bss: load addr=00000990, load size=00000008 bytes, run addr=200004d0, run size=0000000c bytes, compression=zero_init
	.vtable: load addr=00000998, load size=00000008 bytes, run addr=20000000, run size=0000026c bytes, compression=zero_init


LINKER GENERATED HANDLER TABLE

__TI_handler_table @ 00000980 records: 3, size/record: 4, table size: 12
	index: 0, handler: __TI_zero_init
	index: 1, handler: __TI_decompress_lzss
	index: 2, handler: __TI_decompress_none


GLOBAL SYMBOLS: SORTED ALPHABETICALLY BY Name 

address   name                          
-------   ----                          
0000093d  C$$EXIT                       
000002c7  Init_Port                     
0000080d  IntRegister                   
200004d0  LED_status_flag               
00000927  ResetISR                      
00000599  SysCtlClockSet                
00000933  SysCtlDelay                   
00000841  SysCtlPeripheralEnable        
000007d5  SysCtlPeripheralReady         
000008e1  SysTickEnable                 
000008f5  SysTickIntEnable              
000008a9  SysTickIntRegister            
00000909  SysTickPeriodSet              
20000470  __STACK_END                   
00000200  __STACK_SIZE                  
20000470  __STACK_TOP                   
000009a0  __TI_CINIT_Base               
000009b8  __TI_CINIT_Limit              
00000980  __TI_Handler_Table_Base       
0000098c  __TI_Handler_Table_Limit      
00000791  __TI_auto_init_nobinit_nopinit
00000729  __TI_decompress_lzss          
00000919  __TI_decompress_none          
ffffffff  __TI_pprof_out_hndl           
ffffffff  __TI_prof_data_size           
ffffffff  __TI_prof_data_start          
00000000  __TI_static_base__            
000008c5  __TI_zero_init_nomemset       
0000068d  __aeabi_memcpy                
0000068d  __aeabi_memcpy4               
0000068d  __aeabi_memcpy8               
ffffffff  __binit__                     
ffffffff  __c_args__                    
UNDEFED   __mpu_init                    
20000270  __stack                       
20000000  __start___llvm_prf_cnts       
20000000  __stop___llvm_prf_cnts        
00000875  _c_int00_noargs               
UNDEFED   _system_post_cinit            
00000939  _system_pre_init              
0000093d  abort                         
ffffffff  binit                         
20000470  colour                        
200004d4  colourptr                     
0000026d  delay                         
000003c1  display                       
20000000  g_pfnRAMVectors               
00000000  g_pfnVectors                  
00000291  int_systick_timer             
000003ff  main                          
0000068d  memcpy                        
20000490  period                        
200004b0  segment_number                
200004d8  timeptr                       
0000037b  toggler                       


GLOBAL SYMBOLS: SORTED BY Symbol Address 

address   name                          
-------   ----                          
00000000  __TI_static_base__            
00000000  g_pfnVectors                  
00000200  __STACK_SIZE                  
0000026d  delay                         
00000291  int_systick_timer             
000002c7  Init_Port                     
0000037b  toggler                       
000003c1  display                       
000003ff  main                          
00000599  SysCtlClockSet                
0000068d  __aeabi_memcpy                
0000068d  __aeabi_memcpy4               
0000068d  __aeabi_memcpy8               
0000068d  memcpy                        
00000729  __TI_decompress_lzss          
00000791  __TI_auto_init_nobinit_nopinit
000007d5  SysCtlPeripheralReady         
0000080d  IntRegister                   
00000841  SysCtlPeripheralEnable        
00000875  _c_int00_noargs               
000008a9  SysTickIntRegister            
000008c5  __TI_zero_init_nomemset       
000008e1  SysTickEnable                 
000008f5  SysTickIntEnable              
00000909  SysTickPeriodSet              
00000919  __TI_decompress_none          
00000927  ResetISR                      
00000933  SysCtlDelay                   
00000939  _system_pre_init              
0000093d  C$$EXIT                       
0000093d  abort                         
00000980  __TI_Handler_Table_Base       
0000098c  __TI_Handler_Table_Limit      
000009a0  __TI_CINIT_Base               
000009b8  __TI_CINIT_Limit              
20000000  __start___llvm_prf_cnts       
20000000  __stop___llvm_prf_cnts        
20000000  g_pfnRAMVectors               
20000270  __stack                       
20000470  __STACK_END                   
20000470  __STACK_TOP                   
20000470  colour                        
20000490  period                        
200004b0  segment_number                
200004d0  LED_status_flag               
200004d4  colourptr                     
200004d8  timeptr                       
ffffffff  __TI_pprof_out_hndl           
ffffffff  __TI_prof_data_size           
ffffffff  __TI_prof_data_start          
ffffffff  __binit__                     
ffffffff  __c_args__                    
ffffffff  binit                         
UNDEFED   __mpu_init                    
UNDEFED   _system_post_cinit            

[55 symbols]
