******************************************************************************
                  TI ARM Linker PC v20.2.7                     
******************************************************************************
>> Linked Tue Apr  1 20:44:57 2025

OUTPUT FILE NAME:   <swt.out>
ENTRY POINT SYMBOL: "_c_int00_noargs"  address: 00003011


MEMORY CONFIGURATION

         name            origin    length      used     unused   attr    fill
----------------------  --------  ---------  --------  --------  ----  --------
  FLASH                 00000000   00040000  000037b6  0003c84a  R  X
  SRAM                  20000000   00008000  000004d8  00007b28  RW X


SEGMENT ALLOCATION MAP

run origin  load origin   length   init length attrs members
----------  ----------- ---------- ----------- ----- -------
00000000    00000000    000037c0   000037c0    r-x
  00000000    00000000    0000026c   0000026c    r-- .intvecs
  0000026c    0000026c    000030c6   000030c6    r-x .text
  00003338    00003338    0000042c   0000042c    r-- .const
  00003768    00003768    00000058   00000058    r-- .cinit
20000000    20000000    000004dc   00000000    rw-
  20000000    20000000    0000026c   00000000    rw- .vtable
  20000270    20000270    00000200   00000000    rw- .stack
  20000470    20000470    0000006c   00000000    rw- .data


SECTION ALLOCATION MAP

 output                                  attributes/
section   page    origin      length       input sections
--------  ----  ----------  ----------   ----------------
.intvecs   0    00000000    0000026c     
                  00000000    0000026c     tm4c123gh6pm_startup_ccs.obj (.intvecs)

.text      0    0000026c    000030c6     
                  0000026c    00000b14     rtsv7M4_T_le_v4SPD16_eabi.lib : _scanfi.c.obj (.text:__TI_scanfi)
                  00000d80    0000096c     main.obj (.text)
                  000016ec    00000460     rtsv7M4_T_le_v4SPD16_eabi.lib : strtod.c.obj (.text:strtod)
                  00001b4c    000001dc                                   : strtoll.c.obj (.text:strtoll)
                  00001d28    000001b6                                   : fd_add_t2.asm.obj (.text)
                  00001ede    00000002                                   : div0.asm.obj (.text)
                  00001ee0    0000016c     driverlib.lib : gpio.obj (.text:GPIOPadConfigSet)
                  0000204c    0000015c     rtsv7M4_T_le_v4SPD16_eabi.lib : strtoull.c.obj (.text:strtoull)
                  000021a8    00000136                                   : fd_div_t2.asm.obj (.text)
                  000022de    00000002     --HOLE-- [fill = 0]
                  000022e0    00000130                                   : strtol.c.obj (.text:strtol)
                  00002410    00000118     driverlib.lib : sysctl.obj (.text:SysCtlClockGet)
                  00002528    00000110     rtsv7M4_T_le_v4SPD16_eabi.lib : s_scalbn.c.obj (.text:scalbn)
                  00002638    00000110                                   : strtoul.c.obj (.text:strtoul)
                  00002748    000000fc                                   : fd_mul_t2.asm.obj (.text)
                  00002844    000000f4     driverlib.lib : sysctl.obj (.text:SysCtlClockSet)
                  00002938    0000009c     rtsv7M4_T_le_v4SPD16_eabi.lib : memcpy_t2.asm.obj (.text)
                  000029d4    00000096                                   : ull_div_t2.asm.obj (.text)
                  00002a6a    00000086                                   : fd_cmp_t2.asm.obj (.text:__aeabi_cdcmple)
                  00002af0    0000007a                                   : memset_t2.asm.obj (.text)
                  00002b6a    0000006e                                   : fd_tos_t2.asm.obj (.text)
                  00002bd8    00000068     driverlib.lib : interrupt.obj (.text:IntEnable)
                  00002c40    00000068     rtsv7M4_T_le_v4SPD16_eabi.lib : sscanf.c.obj (.text:_chkmbc)
                  00002ca8    00000068                                   : copy_decompress_lzss.c.obj (.text:decompress:lzss:__TI_decompress_lzss)
                  00002d10    00000060     driverlib.lib : timer.obj (.text:TimerConfigure)
                  00002d70    00000058                   : gpio.obj (.text:GPIOIntTypeSet)
                  00002dc8    0000004c                   : gpio.obj (.text:GPIOPinConfigure)
                  00002e14    0000004c                   : timer.obj (.text:_TimerIntNumberGet)
                  00002e60    0000004c     rtsv7M4_T_le_v4SPD16_eabi.lib : atoi.c.obj (.text:atoi)
                  00002eac    00000046     driverlib.lib : uart.obj (.text:UARTConfigSetExpClk)
                  00002ef2    00000002     --HOLE-- [fill = 0]
                  00002ef4    00000044     rtsv7M4_T_le_v4SPD16_eabi.lib : autoinit.c.obj (.text:__TI_auto_init_nobinit_nopinit:__TI_auto_init_nobinit_nopinit)
                  00002f38    00000038     driverlib.lib : sysctl.obj (.text:SysCtlPeripheralReady)
                  00002f70    00000038     rtsv7M4_T_le_v4SPD16_eabi.lib : sscanf.c.obj (.text:sscanf)
                  00002fa8    00000034     driverlib.lib : interrupt.obj (.text:IntRegister)
                  00002fdc    00000034                   : sysctl.obj (.text:SysCtlPeripheralEnable)
                  00003010    00000034     rtsv7M4_T_le_v4SPD16_eabi.lib : boot_cortex_m.c.obj (.text:_c_int00_noargs:_c_int00_noargs)
                  00003044    0000002e                                   : strcasecmp.c.obj (.text:strcasecmp)
                  00003072    0000002c     driverlib.lib : gpio.obj (.text:GPIODirModeSet)
                  0000309e    00000002     --HOLE-- [fill = 0]
                  000030a0    00000024                   : interrupt.obj (.text:IntPrioritySet)
                  000030c4    00000020                   : uart.obj (.text:UARTDisable)
                  000030e4    0000001c                   : systick.obj (.text:SysTickIntRegister)
                  00003100    0000001c     rtsv7M4_T_le_v4SPD16_eabi.lib : copy_zero_init.c.obj (.text:decompress:ZI:__TI_zero_init_nomemset:__TI_zero_init_nomemset)
                  0000311c    0000001a                                   : s_copysign.c.obj (.text:copysign)
                  00003136    00000018     driverlib.lib : timer.obj (.text:TimerIntRegister)
                  0000314e    00000018     rtsv7M4_T_le_v4SPD16_eabi.lib : ll_mul_t2.asm.obj (.text)
                  00003166    00000018                                   : strrchr.c.obj (.text:strrchr)
                  0000317e    00000016     driverlib.lib : gpio.obj (.text:GPIOPinTypeUART)
                  00003194    00000016     rtsv7M4_T_le_v4SPD16_eabi.lib : strchr.c.obj (.text:strchr)
                  000031aa    00000002     --HOLE-- [fill = 0]
                  000031ac    00000014     driverlib.lib : systick.obj (.text:SysTickEnable)
                  000031c0    00000014                   : systick.obj (.text:SysTickIntEnable)
                  000031d4    00000014                   : uart.obj (.text:UARTEnable)
                  000031e8    00000014     rtsv7M4_T_le_v4SPD16_eabi.lib : strcpy.c.obj (.text:strcpy)
                  000031fc    00000014                                   : strlen.c.obj (.text:strlen)
                  00003210    00000012     driverlib.lib : timer.obj (.text:TimerLoadSet)
                  00003222    00000012     rtsv7M4_T_le_v4SPD16_eabi.lib : sscanf.c.obj (.text:_inpchar)
                  00003234    00000010     driverlib.lib : interrupt.obj (.text:IntMasterEnable)
                  00003244    00000010                   : systick.obj (.text:SysTickPeriodSet)
                  00003254    00000010     rtsv7M4_T_le_v4SPD16_eabi.lib : isalpha.c.obj (.text:isalpha)
                  00003264    00000010                                   : isdigit.c.obj (.text:isdigit)
                  00003274    00000010                                   : tolower.c.obj (.text:tolower)
                  00003284    0000000e     driverlib.lib : timer.obj (.text:TimerEnable)
                  00003292    0000000e                   : uart.obj (.text:UARTCharsAvail)
                  000032a0    0000000e     rtsv7M4_T_le_v4SPD16_eabi.lib : copy_decompress_none.c.obj (.text:decompress:none:__TI_decompress_none)
                  000032ae    0000000c     driverlib.lib : cpu.obj (.text:CPUcpsie)
                  000032ba    0000000c                   : gpio.obj (.text:GPIOIntEnable)
                  000032c6    0000000c     tm4c123gh6pm_startup_ccs.obj (.text)
                  000032d2    0000000a     driverlib.lib : uart.obj (.text:UARTCharGet)
                  000032dc    0000000a                   : uart.obj (.text:UARTCharPut)
                  000032e6    0000000a                   : uart.obj (.text:UARTFIFOEnable)
                  000032f0    0000000a                   : uart.obj (.text:UARTIntStatus)
                  000032fa    00000008                   : timer.obj (.text:TimerIntEnable)
                  00003302    00000008                   : uart.obj (.text:UARTIntEnable)
                  0000330a    00000002     --HOLE-- [fill = 0]
                  0000330c    00000008     rtsv7M4_T_le_v4SPD16_eabi.lib : errno.c.obj (.text:__aeabi_errno_addr)
                  00003314    00000008                                   : sscanf.c.obj (.text:_uninpchar)
                  0000331c    00000006     driverlib.lib : sysctl.obj (.text:SysCtlDelay)
                  00003322    00000004                   : timer.obj (.text:TimerIntClear)
                  00003326    00000004                   : uart.obj (.text:UARTIntClear)
                  0000332a    00000004     rtsv7M4_T_le_v4SPD16_eabi.lib : pre_init.c.obj (.text:_system_pre_init)
                  0000332e    00000004                                   : exit.c.obj (.text:abort:abort)

.const     0    00003338    0000042c     
                  00003338    00000101     rtsv7M4_T_le_v4SPD16_eabi.lib : ctype.c.obj (.const:.string:_ctypes_)
                  00003439    00000007     --HOLE-- [fill = 0]
                  00003440    000000c8                                   : strtod.c.obj (.const:$O1$$)
                  00003508    0000009c     driverlib.lib : interrupt.obj (.const:g_pui32Regs)
                  000035a4    00000090                   : gpio.obj (.const:g_pui32GPIOBaseAddrs)
                  00003634    0000006c                   : sysctl.obj (.const:g_pui32Xtals)
                  000036a0    00000060                   : timer.obj (.const:g_ppui32TimerIntMap)
                  00003700    00000040                   : timer.obj (.const:g_ppui32TimerIntMapSnowflake)
                  00003740    00000014                   : interrupt.obj (.const:g_pui32EnRegs)
                  00003754    00000010     rtsv7M4_T_le_v4SPD16_eabi.lib : _scanfi.c.obj (.const:$O1$$)

.cinit     0    00003768    00000058     
                  00003768    0000002e     (.cinit..data.load) [load image, compression = lzss]
                  00003796    00000002     --HOLE-- [fill = 0]
                  00003798    0000000c     (__TI_handler_table)
                  000037a4    00000004     --HOLE-- [fill = 0]
                  000037a8    00000008     (.cinit..vtable.load) [load image, compression = zero_init]
                  000037b0    00000010     (__TI_cinit_table)

.init_array 
*          0    00000000    00000000     UNINITIALIZED

.vtable    0    20000000    0000026c     UNINITIALIZED
                  20000000    0000026c     driverlib.lib : interrupt.obj (.vtable)

.data      0    20000470    0000006c     UNINITIALIZED
                  20000470    00000028     main.obj (.data:segment_number)
                  20000498    0000001e     main.obj (.data:command)
                  200004b6    00000002     --HOLE--
                  200004b8    00000010     main.obj (.data)
                  200004c8    00000010     main.obj (.data:time)
                  200004d8    00000004     rtsv7M4_T_le_v4SPD16_eabi.lib : errno.c.obj (.data)

.stack     0    20000270    00000200     UNINITIALIZED
                  20000270    00000004     rtsv7M4_T_le_v4SPD16_eabi.lib : boot_cortex_m.c.obj (.stack)
                  20000274    000001fc     --HOLE--

__llvm_prf_cnts 
*          0    20000000    00000000     UNINITIALIZED

MODULE SUMMARY

       Module                         code    ro data   rw data
       ------                         ----    -------   -------
    .\
       main.obj                       2412    0         102    
       tm4c123gh6pm_startup_ccs.obj   12      620       0      
    +--+------------------------------+-------+---------+---------+
       Total:                         2424    620       102    
                                                               
    ../driverlib.lib
       interrupt.obj                  208     176       620    
       gpio.obj                       606     144       0      
       sysctl.obj                     638     108       0      
       timer.obj                      240     160       0      
       uart.obj                       188     0         0      
       systick.obj                    84      0         0      
       cpu.obj                        12      0         0      
    +--+------------------------------+-------+---------+---------+
       Total:                         1976    588       620    
                                                               
    C:\ti\ccs1240\ccs\tools\compiler\ti-cgt-arm_20.2.7.LTS\lib\rtsv7M4_T_le_v4SPD16_eabi.lib
       _scanfi.c.obj                  2836    16        0      
       strtod.c.obj                   1120    200       0      
       strtoll.c.obj                  476     0         0      
       fd_add_t2.asm.obj              438     0         0      
       strtoull.c.obj                 348     0         0      
       fd_div_t2.asm.obj              310     0         0      
       strtol.c.obj                   304     0         0      
       s_scalbn.c.obj                 272     0         0      
       strtoul.c.obj                  272     0         0      
       ctype.c.obj                    0       257       0      
       fd_mul_t2.asm.obj              252     0         0      
       sscanf.c.obj                   186     0         0      
       memcpy_t2.asm.obj              156     0         0      
       ull_div_t2.asm.obj             150     0         0      
       fd_cmp_t2.asm.obj              134     0         0      
       memset_t2.asm.obj              122     0         0      
       fd_tos_t2.asm.obj              110     0         0      
       copy_decompress_lzss.c.obj     104     0         0      
       atoi.c.obj                     76      0         0      
       autoinit.c.obj                 68      0         0      
       boot_cortex_m.c.obj            52      0         0      
       strcasecmp.c.obj               46      0         0      
       copy_zero_init.c.obj           28      0         0      
       s_copysign.c.obj               26      0         0      
       ll_mul_t2.asm.obj              24      0         0      
       strrchr.c.obj                  24      0         0      
       strchr.c.obj                   22      0         0      
       strcpy.c.obj                   20      0         0      
       strlen.c.obj                   20      0         0      
       isalpha.c.obj                  16      0         0      
       isdigit.c.obj                  16      0         0      
       tolower.c.obj                  16      0         0      
       copy_decompress_none.c.obj     14      0         0      
       errno.c.obj                    8       0         4      
       exit.c.obj                     4       0         0      
       pre_init.c.obj                 4       0         0      
       div0.asm.obj                   2       0         0      
    +--+------------------------------+-------+---------+---------+
       Total:                         8076    473       4      
                                                               
       Stack:                         0       0         512    
       Linker Generated:              0       82        0      
    +--+------------------------------+-------+---------+---------+
       Grand Total:                   12476   1763      1238   


LINKER GENERATED COPY TABLES

__TI_cinit_table @ 000037b0 records: 2, size/record: 8, table size: 16
	.data: load addr=00003768, load size=0000002e bytes, run addr=20000470, run size=0000006c bytes, compression=lzss
	.vtable: load addr=000037a8, load size=00000008 bytes, run addr=20000000, run size=0000026c bytes, compression=zero_init


LINKER GENERATED HANDLER TABLE

__TI_handler_table @ 00003798 records: 3, size/record: 4, table size: 12
	index: 0, handler: __TI_zero_init
	index: 1, handler: __TI_decompress_lzss
	index: 2, handler: __TI_decompress_none


GLOBAL SYMBOLS: SORTED ALPHABETICALLY BY Name 

address   name                          
-------   ----                          
0000332f  C$$EXIT                       
000032af  CPUcpsie                      
00003073  GPIODirModeSet                
000032bb  GPIOIntEnable                 
00002d71  GPIOIntTypeSet                
00001ee1  GPIOPadConfigSet              
00002dc9  GPIOPinConfigure              
0000317f  GPIOPinTypeUART               
00001455  Init_Port                     
00002bd9  IntEnable                     
00003235  IntMasterEnable               
000030a1  IntPrioritySet                
00002fa9  IntRegister                   
200004c0  LED_status_flag               
200004bc  PLAY_PAUSE_FLAG               
00000e07  PortF_Handler                 
000032c7  ResetISR                      
200004bd  START_STOP_FLAG               
00002411  SysCtlClockGet                
00002845  SysCtlClockSet                
0000331d  SysCtlDelay                   
00002fdd  SysCtlPeripheralEnable        
00002f39  SysCtlPeripheralReady         
000031ad  SysTickEnable                 
000031c1  SysTickIntEnable              
000030e5  SysTickIntRegister            
00003245  SysTickPeriodSet              
00000dbd  Timer0A_Handler               
00002d11  TimerConfigure                
00003285  TimerEnable                   
00003323  TimerIntClear                 
000032fb  TimerIntEnable                
00003137  TimerIntRegister              
00003211  TimerLoadSet                  
00001219  UART0_Handler                 
000032d3  UARTCharGet                   
000032dd  UARTCharPut                   
00003293  UARTCharsAvail                
00002ead  UARTConfigSetExpClk           
000030c5  UARTDisable                   
000031d5  UARTEnable                    
000032e7  UARTFIFOEnable                
00003327  UARTIntClear                  
00003303  UARTIntEnable                 
000032f1  UARTIntStatus                 
20000470  __STACK_END                   
00000200  __STACK_SIZE                  
20000470  __STACK_TOP                   
000037b0  __TI_CINIT_Base               
000037c0  __TI_CINIT_Limit              
00003798  __TI_Handler_Table_Base       
000037a4  __TI_Handler_Table_Limit      
00002ef5  __TI_auto_init_nobinit_nopinit
00002ca9  __TI_decompress_lzss          
000032a1  __TI_decompress_none          
ffffffff  __TI_pprof_out_hndl           
ffffffff  __TI_prof_data_size           
ffffffff  __TI_prof_data_start          
0000026d  __TI_scanfi                   
00000000  __TI_static_base__            
00003101  __TI_zero_init_nomemset       
00002a6b  __aeabi_cdcmpeq               
00002a6b  __aeabi_cdcmple               
00002b6b  __aeabi_d2f                   
00001d33  __aeabi_dadd                  
000021a9  __aeabi_ddiv                  
00002749  __aeabi_dmul                  
00001d29  __aeabi_dsub                  
0000330d  __aeabi_errno_addr            
00001edf  __aeabi_idiv0                 
00001edf  __aeabi_ldiv0                 
0000314f  __aeabi_lmul                  
00002af1  __aeabi_memclr                
00002af1  __aeabi_memclr4               
00002af1  __aeabi_memclr8               
00002939  __aeabi_memcpy                
00002939  __aeabi_memcpy4               
00002939  __aeabi_memcpy8               
00002af3  __aeabi_memset                
00002af3  __aeabi_memset4               
00002af3  __aeabi_memset8               
000029d5  __aeabi_uldivmod              
ffffffff  __binit__                     
ffffffff  __c_args__                    
UNDEFED   __mpu_init                    
20000270  __stack                       
20000000  __start___llvm_prf_cnts       
20000000  __stop___llvm_prf_cnts        
00003011  _c_int00_noargs               
00003338  _ctypes_                      
UNDEFED   _system_post_cinit            
0000332b  _system_pre_init              
0000332f  abort                         
00002e61  atoi                          
ffffffff  binit                         
00000f35  clearBuffer                   
200004c4  colour                        
20000498  command                       
200004b8  commandIndex                  
0000311d  copysign                      
0000311d  copysignl                     
00000ee3  delay                         
00001595  display                       
200004d8  errno                         
20000000  g_pfnRAMVectors               
00000000  g_pfnVectors                  
00000d81  init_timer_0a                 
0000136d  init_uart                     
000013eb  int_systick_timer             
00003255  isalpha                       
00003265  isdigit                       
00002529  ldexp                         
00002529  ldexpl                        
00001611  main                          
00002939  memcpy                        
00002af9  memset                        
000011b1  run_command                   
00002529  scalbn                        
00002529  scalbnl                       
20000470  segment_number                
00000f07  sendUARTMessage               
00002f71  sscanf                        
00001045  stopwatch_pause               
00001089  stopwatch_resume              
00000fbd  stopwatch_start               
00000ff1  stopwatch_stop                
00003045  strcasecmp                    
00003195  strchr                        
000031e9  strcpy                        
000031fd  strlen                        
00003167  strrchr                       
000016ed  strtod                        
000022e1  strtol                        
000016ed  strtold                       
00001b4d  strtoll                       
00002639  strtoul                       
0000204d  strtoull                      
00000e79  swt                           
200004c8  time                          
00003275  tolower                       
00001121  validate_led_command          
000010bd  validate_stopwatch_command    
00000f49  verification_Command          


GLOBAL SYMBOLS: SORTED BY Symbol Address 

address   name                          
-------   ----                          
00000000  __TI_static_base__            
00000000  g_pfnVectors                  
00000200  __STACK_SIZE                  
0000026d  __TI_scanfi                   
00000d81  init_timer_0a                 
00000dbd  Timer0A_Handler               
00000e07  PortF_Handler                 
00000e79  swt                           
00000ee3  delay                         
00000f07  sendUARTMessage               
00000f35  clearBuffer                   
00000f49  verification_Command          
00000fbd  stopwatch_start               
00000ff1  stopwatch_stop                
00001045  stopwatch_pause               
00001089  stopwatch_resume              
000010bd  validate_stopwatch_command    
00001121  validate_led_command          
000011b1  run_command                   
00001219  UART0_Handler                 
0000136d  init_uart                     
000013eb  int_systick_timer             
00001455  Init_Port                     
00001595  display                       
00001611  main                          
000016ed  strtod                        
000016ed  strtold                       
00001b4d  strtoll                       
00001d29  __aeabi_dsub                  
00001d33  __aeabi_dadd                  
00001edf  __aeabi_idiv0                 
00001edf  __aeabi_ldiv0                 
00001ee1  GPIOPadConfigSet              
0000204d  strtoull                      
000021a9  __aeabi_ddiv                  
000022e1  strtol                        
00002411  SysCtlClockGet                
00002529  ldexp                         
00002529  ldexpl                        
00002529  scalbn                        
00002529  scalbnl                       
00002639  strtoul                       
00002749  __aeabi_dmul                  
00002845  SysCtlClockSet                
00002939  __aeabi_memcpy                
00002939  __aeabi_memcpy4               
00002939  __aeabi_memcpy8               
00002939  memcpy                        
000029d5  __aeabi_uldivmod              
00002a6b  __aeabi_cdcmpeq               
00002a6b  __aeabi_cdcmple               
00002af1  __aeabi_memclr                
00002af1  __aeabi_memclr4               
00002af1  __aeabi_memclr8               
00002af3  __aeabi_memset                
00002af3  __aeabi_memset4               
00002af3  __aeabi_memset8               
00002af9  memset                        
00002b6b  __aeabi_d2f                   
00002bd9  IntEnable                     
00002ca9  __TI_decompress_lzss          
00002d11  TimerConfigure                
00002d71  GPIOIntTypeSet                
00002dc9  GPIOPinConfigure              
00002e61  atoi                          
00002ead  UARTConfigSetExpClk           
00002ef5  __TI_auto_init_nobinit_nopinit
00002f39  SysCtlPeripheralReady         
00002f71  sscanf                        
00002fa9  IntRegister                   
00002fdd  SysCtlPeripheralEnable        
00003011  _c_int00_noargs               
00003045  strcasecmp                    
00003073  GPIODirModeSet                
000030a1  IntPrioritySet                
000030c5  UARTDisable                   
000030e5  SysTickIntRegister            
00003101  __TI_zero_init_nomemset       
0000311d  copysign                      
0000311d  copysignl                     
00003137  TimerIntRegister              
0000314f  __aeabi_lmul                  
00003167  strrchr                       
0000317f  GPIOPinTypeUART               
00003195  strchr                        
000031ad  SysTickEnable                 
000031c1  SysTickIntEnable              
000031d5  UARTEnable                    
000031e9  strcpy                        
000031fd  strlen                        
00003211  TimerLoadSet                  
00003235  IntMasterEnable               
00003245  SysTickPeriodSet              
00003255  isalpha                       
00003265  isdigit                       
00003275  tolower                       
00003285  TimerEnable                   
00003293  UARTCharsAvail                
000032a1  __TI_decompress_none          
000032af  CPUcpsie                      
000032bb  GPIOIntEnable                 
000032c7  ResetISR                      
000032d3  UARTCharGet                   
000032dd  UARTCharPut                   
000032e7  UARTFIFOEnable                
000032f1  UARTIntStatus                 
000032fb  TimerIntEnable                
00003303  UARTIntEnable                 
0000330d  __aeabi_errno_addr            
0000331d  SysCtlDelay                   
00003323  TimerIntClear                 
00003327  UARTIntClear                  
0000332b  _system_pre_init              
0000332f  C$$EXIT                       
0000332f  abort                         
00003338  _ctypes_                      
00003798  __TI_Handler_Table_Base       
000037a4  __TI_Handler_Table_Limit      
000037b0  __TI_CINIT_Base               
000037c0  __TI_CINIT_Limit              
20000000  __start___llvm_prf_cnts       
20000000  __stop___llvm_prf_cnts        
20000000  g_pfnRAMVectors               
20000270  __stack                       
20000470  __STACK_END                   
20000470  __STACK_TOP                   
20000470  segment_number                
20000498  command                       
200004b8  commandIndex                  
200004bc  PLAY_PAUSE_FLAG               
200004bd  START_STOP_FLAG               
200004c0  LED_status_flag               
200004c4  colour                        
200004c8  time                          
200004d8  errno                         
ffffffff  __TI_pprof_out_hndl           
ffffffff  __TI_prof_data_size           
ffffffff  __TI_prof_data_start          
ffffffff  __binit__                     
ffffffff  __c_args__                    
ffffffff  binit                         
UNDEFED   __mpu_init                    
UNDEFED   _system_post_cinit            

[143 symbols]
